	.text
	.syntax unified
	.eabi_attribute	67, "2.09"	@ Tag_conformance
	.cpu	cortex-m4
	.eabi_attribute	6, 13	@ Tag_CPU_arch
	.eabi_attribute	7, 77	@ Tag_CPU_arch_profile
	.eabi_attribute	8, 0	@ Tag_ARM_ISA_use
	.eabi_attribute	9, 2	@ Tag_THUMB_ISA_use
	.fpu	fpv4-sp-d16
	.eabi_attribute	27, 1	@ Tag_ABI_HardFP_use
	.eabi_attribute	36, 1	@ Tag_FP_HP_extension
	.eabi_attribute	34, 1	@ Tag_CPU_unaligned_access
	.eabi_attribute	17, 1	@ Tag_ABI_PCS_GOT_use
	.eabi_attribute	20, 2	@ Tag_ABI_FP_denormal
	.eabi_attribute	21, 0	@ Tag_ABI_FP_exceptions
	.eabi_attribute	23, 1	@ Tag_ABI_FP_number_model
	.eabi_attribute	24, 1	@ Tag_ABI_align_needed
	.eabi_attribute	25, 1	@ Tag_ABI_align_preserved
	.eabi_attribute	28, 1	@ Tag_ABI_VFP_args
	.eabi_attribute	38, 1	@ Tag_ABI_FP_16bit_format
	.eabi_attribute	18, 2	@ Tag_ABI_PCS_wchar_t
	.eabi_attribute	26, 1	@ Tag_ABI_enum_size
	.eabi_attribute	14, 0	@ Tag_ABI_PCS_R9_use
	.file	"key.c"
	.file	1 "E:\\dianzi\\MDKv5\\ARM\\ARMCLANG\\Bin\\..\\include" "stdint.h"
	.file	2 "E:\\StudyNote\\study_STM32-HAL\\STM32F4_Quick_Start_Guide_HAL\\2.code\\19.RTC-Alarms\\Project" "../User/BSP/key/key.c"
	.file	3 "E:\\StudyNote\\study_STM32-HAL\\STM32F4_Quick_Start_Guide_HAL\\2.code\\19.RTC-Alarms\\Project" "../Libraries/STM32F4xx_HAL_Driver/Inc\\stm32f4xx_hal_gpio.h"
	.file	4 "E:\\StudyNote\\study_STM32-HAL\\STM32F4_Quick_Start_Guide_HAL\\2.code\\19.RTC-Alarms\\Project" "../Libraries/CMSIS/Device/ST/STM32F4xx/Include/stm32f407xx.h"
	.section	.text.bsp_key_init,"ax",%progbits
	.hidden	bsp_key_init                    @ -- Begin function bsp_key_init
	.globl	bsp_key_init
	.p2align	2
	.type	bsp_key_init,%function
	.code	16                              @ @bsp_key_init
	.thumb_func
bsp_key_init:
.Lfunc_begin0:
	.loc	2 4 0                           @ ../User/BSP/key/key.c:4:0
	.fnstart
	.cfi_sections .debug_frame
	.cfi_startproc
@ %bb.0:
	.save	{r4, r5, r6, r7, r8, lr}
	push.w	{r4, r5, r6, r7, r8, lr}
	.cfi_def_cfa_offset 24
	.cfi_offset lr, -4
	.cfi_offset r8, -8
	.cfi_offset r7, -12
	.cfi_offset r6, -16
	.cfi_offset r5, -20
	.cfi_offset r4, -24
	.pad	#24
	sub	sp, #24
	.cfi_def_cfa_offset 48
	movs	r6, #0
	movw	r0, #14384
.Ltmp0:
	.loc	2 6 5 prologue_end              @ ../User/BSP/key/key.c:6:5
	str	r6, [sp, #4]
	movt	r0, #16386
	ldr	r1, [r0]
	movw	r5, #4096
	orr	r1, r1, #16
	str	r1, [r0]
	ldr	r1, [r0]
	movt	r5, #16386
	and	r1, r1, #16
	str	r1, [sp, #4]
	ldr	r1, [sp, #4]
.Ltmp1:
	.loc	2 7 5                           @ ../User/BSP/key/key.c:7:5
	str	r6, [sp, #4]
	ldr	r1, [r0]
	add.w	r8, sp, #4
	orr	r1, r1, #1
	str	r1, [r0]
	ldr	r0, [r0]
	movs	r4, #1
	and	r0, r0, #1
	str	r0, [sp, #4]
	ldr	r0, [sp, #4]
	movs	r0, #16
.Ltmp2:
	.loc	2 9 28                          @ ../User/BSP/key/key.c:9:28
	strd	r0, r6, [sp, #4]
	movs	r7, #2
	.loc	2 13 5                          @ ../User/BSP/key/key.c:13:5
	mov	r0, r5
	mov	r1, r8
	.loc	2 11 29                         @ ../User/BSP/key/key.c:11:29
	str	r4, [sp, #12]
	.loc	2 12 30                         @ ../User/BSP/key/key.c:12:30
	str	r7, [sp, #16]
	.loc	2 13 5                          @ ../User/BSP/key/key.c:13:5
	bl	HAL_GPIO_Init
.Ltmp3:
	.loc	2 0 5 is_stmt 0                 @ ../User/BSP/key/key.c:0:5
	movs	r0, #8
	.loc	2 15 28 is_stmt 1               @ ../User/BSP/key/key.c:15:28
	strd	r0, r6, [sp, #4]
	.loc	2 19 5                          @ ../User/BSP/key/key.c:19:5
	mov	r0, r5
	mov	r1, r8
	.loc	2 17 29                         @ ../User/BSP/key/key.c:17:29
	strd	r4, r7, [sp, #12]
	.loc	2 19 5                          @ ../User/BSP/key/key.c:19:5
	bl	HAL_GPIO_Init
.Ltmp4:
	.loc	2 0 5 is_stmt 0                 @ ../User/BSP/key/key.c:0:5
	movs	r0, #4
	.loc	2 21 28 is_stmt 1               @ ../User/BSP/key/key.c:21:28
	strd	r0, r6, [sp, #4]
	.loc	2 25 5                          @ ../User/BSP/key/key.c:25:5
	mov	r0, r5
	mov	r1, r8
	.loc	2 23 29                         @ ../User/BSP/key/key.c:23:29
	strd	r4, r7, [sp, #12]
	.loc	2 25 5                          @ ../User/BSP/key/key.c:25:5
	bl	HAL_GPIO_Init
.Ltmp5:
	.loc	2 27 28                         @ ../User/BSP/key/key.c:27:28
	add	r0, sp, #4
	stm	r0!, {r4, r6, r7}
	.loc	2 31 5                          @ ../User/BSP/key/key.c:31:5
	sub.w	r0, r5, #4096
	mov	r1, r8
	.loc	2 30 30                         @ ../User/BSP/key/key.c:30:30
	str	r7, [sp, #16]
	.loc	2 31 5                          @ ../User/BSP/key/key.c:31:5
	bl	HAL_GPIO_Init
.Ltmp6:
	.loc	2 32 1                          @ ../User/BSP/key/key.c:32:1
	add	sp, #24
	pop.w	{r4, r5, r6, r7, r8, pc}
.Ltmp7:
.Lfunc_end0:
	.size	bsp_key_init, .Lfunc_end0-bsp_key_init
	.cfi_endproc
	.cantunwind
	.fnend
                                        @ -- End function
	.section	.text.key_scan,"ax",%progbits
	.hidden	key_scan                        @ -- Begin function key_scan
	.globl	key_scan
	.p2align	2
	.type	key_scan,%function
	.code	16                              @ @key_scan
	.thumb_func
key_scan:
.Lfunc_begin1:
	.loc	2 35 0                          @ ../User/BSP/key/key.c:35:0
	.fnstart
	.cfi_startproc
@ %bb.0:
	@DEBUG_VALUE: key_scan:mode <- $r0
	.save	{r4, r5, r6, lr}
	push	{r4, r5, r6, lr}
	.cfi_def_cfa_offset 16
	.cfi_offset lr, -4
	.cfi_offset r6, -8
	.cfi_offset r5, -12
	.cfi_offset r4, -16
	movw	r4, #4096
	movw	r6, :lower16:key_scan.key_up
	movt	r4, #16386
.Ltmp8:
	@DEBUG_VALUE: key_scan:key_val <- 0
	movt	r6, :upper16:key_scan.key_up
.Ltmp9:
	.loc	2 38 8 prologue_end             @ ../User/BSP/key/key.c:38:8
	cbz	r0, .LBB1_2
.Ltmp10:
@ %bb.1:
	@DEBUG_VALUE: key_scan:key_val <- 0
	@DEBUG_VALUE: key_scan:mode <- $r0
	.loc	2 0 8 is_stmt 0                 @ ../User/BSP/key/key.c:0:8
	movs	r0, #0
.Ltmp11:
	@DEBUG_VALUE: key_scan:mode <- [DW_OP_LLVM_entry_value 1] $r0
	.loc	2 39 16 is_stmt 1               @ ../User/BSP/key/key.c:39:16
	strb	r0, [r6]
	b	.LBB1_3
.Ltmp12:
.LBB1_2:
	@DEBUG_VALUE: key_scan:key_val <- 0
	@DEBUG_VALUE: key_scan:mode <- $r0
	.loc	2 41 8                          @ ../User/BSP/key/key.c:41:8
	ldrb	r0, [r6]
.Ltmp13:
	@DEBUG_VALUE: key_scan:mode <- [DW_OP_LLVM_entry_value 1] $r0
	.loc	2 41 15 is_stmt 0               @ ../User/BSP/key/key.c:41:15
	cbnz	r0, .LBB1_11
.Ltmp14:
.LBB1_3:
	@DEBUG_VALUE: key_scan:mode <- [DW_OP_LLVM_entry_value 1] $r0
	@DEBUG_VALUE: key_scan:key_val <- 0
	.loc	2 41 19                         @ ../User/BSP/key/key.c:41:19
	mov	r0, r4
	movs	r1, #16
	bl	HAL_GPIO_ReadPin
.Ltmp15:
	.loc	2 41 33                         @ ../User/BSP/key/key.c:41:33
	cbz	r0, .LBB1_7
.Ltmp16:
@ %bb.4:
	@DEBUG_VALUE: key_scan:mode <- [DW_OP_LLVM_entry_value 1] $r0
	@DEBUG_VALUE: key_scan:key_val <- 0
	.loc	2 41 36                         @ ../User/BSP/key/key.c:41:36
	mov	r0, r4
	movs	r1, #8
	bl	HAL_GPIO_ReadPin
.Ltmp17:
	.loc	2 41 50                         @ ../User/BSP/key/key.c:41:50
	cbz	r0, .LBB1_7
.Ltmp18:
@ %bb.5:
	@DEBUG_VALUE: key_scan:mode <- [DW_OP_LLVM_entry_value 1] $r0
	@DEBUG_VALUE: key_scan:key_val <- 0
	.loc	2 41 53                         @ ../User/BSP/key/key.c:41:53
	mov	r0, r4
	movs	r1, #4
	bl	HAL_GPIO_ReadPin
.Ltmp19:
	.loc	2 41 67                         @ ../User/BSP/key/key.c:41:67
	cbz	r0, .LBB1_7
.Ltmp20:
@ %bb.6:
	@DEBUG_VALUE: key_scan:mode <- [DW_OP_LLVM_entry_value 1] $r0
	@DEBUG_VALUE: key_scan:key_val <- 0
	.loc	2 41 70                         @ ../User/BSP/key/key.c:41:70
	sub.w	r0, r4, #4096
	movs	r1, #1
	bl	HAL_GPIO_ReadPin
.Ltmp21:
	.loc	2 41 8                          @ ../User/BSP/key/key.c:41:8
	cmp	r0, #1
	bne	.LBB1_11
.Ltmp22:
.LBB1_7:
	@DEBUG_VALUE: key_scan:mode <- [DW_OP_LLVM_entry_value 1] $r0
	@DEBUG_VALUE: key_scan:key_val <- 0
	.loc	2 43 9 is_stmt 1                @ ../User/BSP/key/key.c:43:9
	movs	r0, #10
	bl	delay_ms
.Ltmp23:
	.loc	2 0 9 is_stmt 0                 @ ../User/BSP/key/key.c:0:9
	movs	r5, #1
.Ltmp24:
	.loc	2 45 12 is_stmt 1               @ ../User/BSP/key/key.c:45:12
	mov	r0, r4
	movs	r1, #16
.Ltmp25:
	.loc	2 44 16                         @ ../User/BSP/key/key.c:44:16
	strb	r5, [r6]
.Ltmp26:
	.loc	2 45 12                         @ ../User/BSP/key/key.c:45:12
	bl	HAL_GPIO_ReadPin
.Ltmp27:
	.loc	2 45 12 is_stmt 0               @ ../User/BSP/key/key.c:45:12
	cbz	r0, .LBB1_16
.Ltmp28:
@ %bb.8:
	@DEBUG_VALUE: key_scan:mode <- [DW_OP_LLVM_entry_value 1] $r0
	@DEBUG_VALUE: key_scan:key_val <- 0
	.loc	2 47 12 is_stmt 1               @ ../User/BSP/key/key.c:47:12
	mov	r0, r4
	movs	r1, #8
	bl	HAL_GPIO_ReadPin
.Ltmp29:
	.loc	2 47 12 is_stmt 0               @ ../User/BSP/key/key.c:47:12
	cbz	r0, .LBB1_17
.Ltmp30:
@ %bb.9:
	@DEBUG_VALUE: key_scan:mode <- [DW_OP_LLVM_entry_value 1] $r0
	@DEBUG_VALUE: key_scan:key_val <- 0
	.loc	2 49 12 is_stmt 1               @ ../User/BSP/key/key.c:49:12
	mov	r0, r4
	movs	r1, #4
	bl	HAL_GPIO_ReadPin
.Ltmp31:
	.loc	2 49 12 is_stmt 0               @ ../User/BSP/key/key.c:49:12
	cbz	r0, .LBB1_18
.Ltmp32:
@ %bb.10:
	@DEBUG_VALUE: key_scan:mode <- [DW_OP_LLVM_entry_value 1] $r0
	@DEBUG_VALUE: key_scan:key_val <- 0
	.loc	2 51 12 is_stmt 1               @ ../User/BSP/key/key.c:51:12
	sub.w	r0, r4, #4096
	movs	r1, #1
	bl	HAL_GPIO_ReadPin
.Ltmp33:
	.loc	2 51 12 is_stmt 0               @ ../User/BSP/key/key.c:51:12
	cmp	r0, #1
	itt	eq
	moveq	r0, #4
.Ltmp34:
	.loc	2 60 1 is_stmt 1                @ ../User/BSP/key/key.c:60:1
	popeq	{r4, r5, r6, pc}
	b	.LBB1_15
.Ltmp35:
.LBB1_11:
	@DEBUG_VALUE: key_scan:mode <- [DW_OP_LLVM_entry_value 1] $r0
	@DEBUG_VALUE: key_scan:key_val <- 0
	.loc	2 54 13                         @ ../User/BSP/key/key.c:54:13
	mov	r0, r4
	movs	r1, #16
	bl	HAL_GPIO_ReadPin
.Ltmp36:
	.loc	2 54 27 is_stmt 0               @ ../User/BSP/key/key.c:54:27
	cmp	r0, #1
	bne	.LBB1_15
.Ltmp37:
@ %bb.12:
	@DEBUG_VALUE: key_scan:mode <- [DW_OP_LLVM_entry_value 1] $r0
	@DEBUG_VALUE: key_scan:key_val <- 0
	.loc	2 54 30                         @ ../User/BSP/key/key.c:54:30
	mov	r0, r4
	movs	r1, #8
	bl	HAL_GPIO_ReadPin
.Ltmp38:
	.loc	2 54 44                         @ ../User/BSP/key/key.c:54:44
	cmp	r0, #1
	bne	.LBB1_15
.Ltmp39:
@ %bb.13:
	@DEBUG_VALUE: key_scan:mode <- [DW_OP_LLVM_entry_value 1] $r0
	@DEBUG_VALUE: key_scan:key_val <- 0
	.loc	2 54 47                         @ ../User/BSP/key/key.c:54:47
	mov	r0, r4
	movs	r1, #4
	bl	HAL_GPIO_ReadPin
.Ltmp40:
	.loc	2 54 61                         @ ../User/BSP/key/key.c:54:61
	cmp	r0, #1
	bne	.LBB1_15
.Ltmp41:
@ %bb.14:
	@DEBUG_VALUE: key_scan:mode <- [DW_OP_LLVM_entry_value 1] $r0
	@DEBUG_VALUE: key_scan:key_val <- 0
	.loc	2 54 64                         @ ../User/BSP/key/key.c:54:64
	sub.w	r0, r4, #4096
	movs	r1, #1
	bl	HAL_GPIO_ReadPin
.Ltmp42:
	.loc	2 54 13                         @ ../User/BSP/key/key.c:54:13
	cbz	r0, .LBB1_19
.Ltmp43:
.LBB1_15:
	@DEBUG_VALUE: key_scan:mode <- [DW_OP_LLVM_entry_value 1] $r0
	@DEBUG_VALUE: key_scan:key_val <- 0
	.loc	2 0 13                          @ ../User/BSP/key/key.c:0:13
	movs	r5, #0
.Ltmp44:
.LBB1_16:
	@DEBUG_VALUE: key_scan:mode <- [DW_OP_LLVM_entry_value 1] $r0
	@DEBUG_VALUE: key_scan:key_val <- 0
	.loc	2 60 1 is_stmt 1                @ ../User/BSP/key/key.c:60:1
	mov	r0, r5
	pop	{r4, r5, r6, pc}
.Ltmp45:
.LBB1_17:
	@DEBUG_VALUE: key_scan:mode <- [DW_OP_LLVM_entry_value 1] $r0
	@DEBUG_VALUE: key_scan:key_val <- 0
	.loc	2 0 1 is_stmt 0                 @ ../User/BSP/key/key.c:0:1
	movs	r0, #2
	.loc	2 60 1                          @ ../User/BSP/key/key.c:60:1
	pop	{r4, r5, r6, pc}
.Ltmp46:
.LBB1_18:
	@DEBUG_VALUE: key_scan:mode <- [DW_OP_LLVM_entry_value 1] $r0
	@DEBUG_VALUE: key_scan:key_val <- 0
	.loc	2 0 1                           @ ../User/BSP/key/key.c:0:1
	movs	r0, #3
	.loc	2 60 1                          @ ../User/BSP/key/key.c:60:1
	pop	{r4, r5, r6, pc}
.Ltmp47:
.LBB1_19:
	@DEBUG_VALUE: key_scan:mode <- [DW_OP_LLVM_entry_value 1] $r0
	@DEBUG_VALUE: key_scan:key_val <- 0
	.loc	2 0 1                           @ ../User/BSP/key/key.c:0:1
	movs	r5, #0
	.loc	2 60 1                          @ ../User/BSP/key/key.c:60:1
	mov	r0, r5
.Ltmp48:
	.loc	2 56 16 is_stmt 1               @ ../User/BSP/key/key.c:56:16
	strb	r5, [r6]
.Ltmp49:
	.loc	2 60 1                          @ ../User/BSP/key/key.c:60:1
	pop	{r4, r5, r6, pc}
.Ltmp50:
.Lfunc_end1:
	.size	key_scan, .Lfunc_end1-key_scan
	.cfi_endproc
	.cantunwind
	.fnend
                                        @ -- End function
	.type	key_scan.key_up,%object         @ @key_scan.key_up
	.section	.bss.key_scan.key_up,"aw",%nobits
key_scan.key_up:
	.byte	0                               @ 0x0
	.size	key_scan.key_up, 1

	.section	.debug_loc,"",%progbits
.Ldebug_loc0:
	.long	-1
	.long	.Lfunc_begin1                   @   base address
	.long	.Lfunc_begin1-.Lfunc_begin1
	.long	.Ltmp11-.Lfunc_begin1
	.short	1                               @ Loc expr size
	.byte	80                              @ DW_OP_reg0
	.long	.Ltmp11-.Lfunc_begin1
	.long	.Ltmp12-.Lfunc_begin1
	.short	4                               @ Loc expr size
	.byte	243                             @ DW_OP_GNU_entry_value
	.byte	1                               @ 1
	.byte	80                              @ DW_OP_reg0
	.byte	159                             @ DW_OP_stack_value
	.long	.Ltmp12-.Lfunc_begin1
	.long	.Ltmp13-.Lfunc_begin1
	.short	1                               @ Loc expr size
	.byte	80                              @ DW_OP_reg0
	.long	.Ltmp13-.Lfunc_begin1
	.long	.Lfunc_end1-.Lfunc_begin1
	.short	4                               @ Loc expr size
	.byte	243                             @ DW_OP_GNU_entry_value
	.byte	1                               @ 1
	.byte	80                              @ DW_OP_reg0
	.byte	159                             @ DW_OP_stack_value
	.long	0
	.long	0
	.section	.debug_abbrev,"",%progbits
	.byte	1                               @ Abbreviation Code
	.byte	17                              @ DW_TAG_compile_unit
	.byte	1                               @ DW_CHILDREN_yes
	.byte	37                              @ DW_AT_producer
	.byte	14                              @ DW_FORM_strp
	.byte	19                              @ DW_AT_language
	.byte	5                               @ DW_FORM_data2
	.byte	3                               @ DW_AT_name
	.byte	14                              @ DW_FORM_strp
	.byte	16                              @ DW_AT_stmt_list
	.byte	23                              @ DW_FORM_sec_offset
	.byte	27                              @ DW_AT_comp_dir
	.byte	14                              @ DW_FORM_strp
	.byte	17                              @ DW_AT_low_pc
	.byte	1                               @ DW_FORM_addr
	.byte	85                              @ DW_AT_ranges
	.byte	23                              @ DW_FORM_sec_offset
	.byte	0                               @ EOM(1)
	.byte	0                               @ EOM(2)
	.byte	2                               @ Abbreviation Code
	.byte	46                              @ DW_TAG_subprogram
	.byte	1                               @ DW_CHILDREN_yes
	.byte	17                              @ DW_AT_low_pc
	.byte	1                               @ DW_FORM_addr
	.byte	18                              @ DW_AT_high_pc
	.byte	6                               @ DW_FORM_data4
	.byte	64                              @ DW_AT_frame_base
	.byte	24                              @ DW_FORM_exprloc
	.ascii	"\227B"                         @ DW_AT_GNU_all_call_sites
	.byte	25                              @ DW_FORM_flag_present
	.byte	3                               @ DW_AT_name
	.byte	14                              @ DW_FORM_strp
	.byte	58                              @ DW_AT_decl_file
	.byte	11                              @ DW_FORM_data1
	.byte	59                              @ DW_AT_decl_line
	.byte	11                              @ DW_FORM_data1
	.byte	39                              @ DW_AT_prototyped
	.byte	25                              @ DW_FORM_flag_present
	.byte	73                              @ DW_AT_type
	.byte	19                              @ DW_FORM_ref4
	.byte	63                              @ DW_AT_external
	.byte	25                              @ DW_FORM_flag_present
	.byte	0                               @ EOM(1)
	.byte	0                               @ EOM(2)
	.byte	3                               @ Abbreviation Code
	.byte	52                              @ DW_TAG_variable
	.byte	0                               @ DW_CHILDREN_no
	.byte	3                               @ DW_AT_name
	.byte	14                              @ DW_FORM_strp
	.byte	73                              @ DW_AT_type
	.byte	19                              @ DW_FORM_ref4
	.byte	58                              @ DW_AT_decl_file
	.byte	11                              @ DW_FORM_data1
	.byte	59                              @ DW_AT_decl_line
	.byte	11                              @ DW_FORM_data1
	.byte	2                               @ DW_AT_location
	.byte	24                              @ DW_FORM_exprloc
	.byte	0                               @ EOM(1)
	.byte	0                               @ EOM(2)
	.byte	4                               @ Abbreviation Code
	.byte	5                               @ DW_TAG_formal_parameter
	.byte	0                               @ DW_CHILDREN_no
	.byte	2                               @ DW_AT_location
	.byte	23                              @ DW_FORM_sec_offset
	.byte	3                               @ DW_AT_name
	.byte	14                              @ DW_FORM_strp
	.byte	58                              @ DW_AT_decl_file
	.byte	11                              @ DW_FORM_data1
	.byte	59                              @ DW_AT_decl_line
	.byte	11                              @ DW_FORM_data1
	.byte	73                              @ DW_AT_type
	.byte	19                              @ DW_FORM_ref4
	.byte	0                               @ EOM(1)
	.byte	0                               @ EOM(2)
	.byte	5                               @ Abbreviation Code
	.byte	52                              @ DW_TAG_variable
	.byte	0                               @ DW_CHILDREN_no
	.byte	28                              @ DW_AT_const_value
	.byte	15                              @ DW_FORM_udata
	.byte	3                               @ DW_AT_name
	.byte	14                              @ DW_FORM_strp
	.byte	58                              @ DW_AT_decl_file
	.byte	11                              @ DW_FORM_data1
	.byte	59                              @ DW_AT_decl_line
	.byte	11                              @ DW_FORM_data1
	.byte	73                              @ DW_AT_type
	.byte	19                              @ DW_FORM_ref4
	.byte	0                               @ EOM(1)
	.byte	0                               @ EOM(2)
	.byte	6                               @ Abbreviation Code
	.byte	22                              @ DW_TAG_typedef
	.byte	0                               @ DW_CHILDREN_no
	.byte	73                              @ DW_AT_type
	.byte	19                              @ DW_FORM_ref4
	.byte	3                               @ DW_AT_name
	.byte	14                              @ DW_FORM_strp
	.byte	58                              @ DW_AT_decl_file
	.byte	11                              @ DW_FORM_data1
	.byte	59                              @ DW_AT_decl_line
	.byte	11                              @ DW_FORM_data1
	.byte	0                               @ EOM(1)
	.byte	0                               @ EOM(2)
	.byte	7                               @ Abbreviation Code
	.byte	36                              @ DW_TAG_base_type
	.byte	0                               @ DW_CHILDREN_no
	.byte	3                               @ DW_AT_name
	.byte	14                              @ DW_FORM_strp
	.byte	62                              @ DW_AT_encoding
	.byte	11                              @ DW_FORM_data1
	.byte	11                              @ DW_AT_byte_size
	.byte	11                              @ DW_FORM_data1
	.byte	0                               @ EOM(1)
	.byte	0                               @ EOM(2)
	.byte	8                               @ Abbreviation Code
	.byte	4                               @ DW_TAG_enumeration_type
	.byte	1                               @ DW_CHILDREN_yes
	.byte	73                              @ DW_AT_type
	.byte	19                              @ DW_FORM_ref4
	.byte	11                              @ DW_AT_byte_size
	.byte	11                              @ DW_FORM_data1
	.byte	58                              @ DW_AT_decl_file
	.byte	11                              @ DW_FORM_data1
	.byte	59                              @ DW_AT_decl_line
	.byte	11                              @ DW_FORM_data1
	.byte	0                               @ EOM(1)
	.byte	0                               @ EOM(2)
	.byte	9                               @ Abbreviation Code
	.byte	40                              @ DW_TAG_enumerator
	.byte	0                               @ DW_CHILDREN_no
	.byte	3                               @ DW_AT_name
	.byte	14                              @ DW_FORM_strp
	.byte	28                              @ DW_AT_const_value
	.byte	15                              @ DW_FORM_udata
	.byte	0                               @ EOM(1)
	.byte	0                               @ EOM(2)
	.byte	10                              @ Abbreviation Code
	.byte	15                              @ DW_TAG_pointer_type
	.byte	0                               @ DW_CHILDREN_no
	.byte	73                              @ DW_AT_type
	.byte	19                              @ DW_FORM_ref4
	.byte	0                               @ EOM(1)
	.byte	0                               @ EOM(2)
	.byte	11                              @ Abbreviation Code
	.byte	22                              @ DW_TAG_typedef
	.byte	0                               @ DW_CHILDREN_no
	.byte	73                              @ DW_AT_type
	.byte	19                              @ DW_FORM_ref4
	.byte	3                               @ DW_AT_name
	.byte	14                              @ DW_FORM_strp
	.byte	58                              @ DW_AT_decl_file
	.byte	11                              @ DW_FORM_data1
	.byte	59                              @ DW_AT_decl_line
	.byte	5                               @ DW_FORM_data2
	.byte	0                               @ EOM(1)
	.byte	0                               @ EOM(2)
	.byte	12                              @ Abbreviation Code
	.byte	19                              @ DW_TAG_structure_type
	.byte	1                               @ DW_CHILDREN_yes
	.byte	11                              @ DW_AT_byte_size
	.byte	11                              @ DW_FORM_data1
	.byte	58                              @ DW_AT_decl_file
	.byte	11                              @ DW_FORM_data1
	.byte	59                              @ DW_AT_decl_line
	.byte	5                               @ DW_FORM_data2
	.byte	0                               @ EOM(1)
	.byte	0                               @ EOM(2)
	.byte	13                              @ Abbreviation Code
	.byte	13                              @ DW_TAG_member
	.byte	0                               @ DW_CHILDREN_no
	.byte	3                               @ DW_AT_name
	.byte	14                              @ DW_FORM_strp
	.byte	73                              @ DW_AT_type
	.byte	19                              @ DW_FORM_ref4
	.byte	58                              @ DW_AT_decl_file
	.byte	11                              @ DW_FORM_data1
	.byte	59                              @ DW_AT_decl_line
	.byte	5                               @ DW_FORM_data2
	.byte	56                              @ DW_AT_data_member_location
	.byte	11                              @ DW_FORM_data1
	.byte	0                               @ EOM(1)
	.byte	0                               @ EOM(2)
	.byte	14                              @ Abbreviation Code
	.byte	53                              @ DW_TAG_volatile_type
	.byte	0                               @ DW_CHILDREN_no
	.byte	73                              @ DW_AT_type
	.byte	19                              @ DW_FORM_ref4
	.byte	0                               @ EOM(1)
	.byte	0                               @ EOM(2)
	.byte	15                              @ Abbreviation Code
	.byte	1                               @ DW_TAG_array_type
	.byte	1                               @ DW_CHILDREN_yes
	.byte	73                              @ DW_AT_type
	.byte	19                              @ DW_FORM_ref4
	.byte	0                               @ EOM(1)
	.byte	0                               @ EOM(2)
	.byte	16                              @ Abbreviation Code
	.byte	33                              @ DW_TAG_subrange_type
	.byte	0                               @ DW_CHILDREN_no
	.byte	73                              @ DW_AT_type
	.byte	19                              @ DW_FORM_ref4
	.byte	55                              @ DW_AT_count
	.byte	11                              @ DW_FORM_data1
	.byte	0                               @ EOM(1)
	.byte	0                               @ EOM(2)
	.byte	17                              @ Abbreviation Code
	.byte	36                              @ DW_TAG_base_type
	.byte	0                               @ DW_CHILDREN_no
	.byte	3                               @ DW_AT_name
	.byte	14                              @ DW_FORM_strp
	.byte	11                              @ DW_AT_byte_size
	.byte	11                              @ DW_FORM_data1
	.byte	62                              @ DW_AT_encoding
	.byte	11                              @ DW_FORM_data1
	.byte	0                               @ EOM(1)
	.byte	0                               @ EOM(2)
	.byte	18                              @ Abbreviation Code
	.byte	46                              @ DW_TAG_subprogram
	.byte	1                               @ DW_CHILDREN_yes
	.byte	17                              @ DW_AT_low_pc
	.byte	1                               @ DW_FORM_addr
	.byte	18                              @ DW_AT_high_pc
	.byte	6                               @ DW_FORM_data4
	.byte	64                              @ DW_AT_frame_base
	.byte	24                              @ DW_FORM_exprloc
	.ascii	"\227B"                         @ DW_AT_GNU_all_call_sites
	.byte	25                              @ DW_FORM_flag_present
	.byte	3                               @ DW_AT_name
	.byte	14                              @ DW_FORM_strp
	.byte	58                              @ DW_AT_decl_file
	.byte	11                              @ DW_FORM_data1
	.byte	59                              @ DW_AT_decl_line
	.byte	11                              @ DW_FORM_data1
	.byte	39                              @ DW_AT_prototyped
	.byte	25                              @ DW_FORM_flag_present
	.byte	63                              @ DW_AT_external
	.byte	25                              @ DW_FORM_flag_present
	.byte	0                               @ EOM(1)
	.byte	0                               @ EOM(2)
	.byte	19                              @ Abbreviation Code
	.byte	52                              @ DW_TAG_variable
	.byte	0                               @ DW_CHILDREN_no
	.byte	2                               @ DW_AT_location
	.byte	24                              @ DW_FORM_exprloc
	.byte	3                               @ DW_AT_name
	.byte	14                              @ DW_FORM_strp
	.byte	58                              @ DW_AT_decl_file
	.byte	11                              @ DW_FORM_data1
	.byte	59                              @ DW_AT_decl_line
	.byte	11                              @ DW_FORM_data1
	.byte	73                              @ DW_AT_type
	.byte	19                              @ DW_FORM_ref4
	.byte	0                               @ EOM(1)
	.byte	0                               @ EOM(2)
	.byte	20                              @ Abbreviation Code
	.byte	11                              @ DW_TAG_lexical_block
	.byte	1                               @ DW_CHILDREN_yes
	.byte	17                              @ DW_AT_low_pc
	.byte	1                               @ DW_FORM_addr
	.byte	18                              @ DW_AT_high_pc
	.byte	6                               @ DW_FORM_data4
	.byte	0                               @ EOM(1)
	.byte	0                               @ EOM(2)
	.byte	21                              @ Abbreviation Code
	.byte	19                              @ DW_TAG_structure_type
	.byte	1                               @ DW_CHILDREN_yes
	.byte	11                              @ DW_AT_byte_size
	.byte	11                              @ DW_FORM_data1
	.byte	58                              @ DW_AT_decl_file
	.byte	11                              @ DW_FORM_data1
	.byte	59                              @ DW_AT_decl_line
	.byte	11                              @ DW_FORM_data1
	.byte	0                               @ EOM(1)
	.byte	0                               @ EOM(2)
	.byte	22                              @ Abbreviation Code
	.byte	13                              @ DW_TAG_member
	.byte	0                               @ DW_CHILDREN_no
	.byte	3                               @ DW_AT_name
	.byte	14                              @ DW_FORM_strp
	.byte	73                              @ DW_AT_type
	.byte	19                              @ DW_FORM_ref4
	.byte	58                              @ DW_AT_decl_file
	.byte	11                              @ DW_FORM_data1
	.byte	59                              @ DW_AT_decl_line
	.byte	11                              @ DW_FORM_data1
	.byte	56                              @ DW_AT_data_member_location
	.byte	11                              @ DW_FORM_data1
	.byte	0                               @ EOM(1)
	.byte	0                               @ EOM(2)
	.byte	0                               @ EOM(3)
	.section	.debug_info,"",%progbits
.Lcu_begin0:
	.long	.Ldebug_info_end0-.Ldebug_info_start0 @ Length of Unit
.Ldebug_info_start0:
	.short	4                               @ DWARF version number
	.long	.debug_abbrev                   @ Offset Into Abbrev. Section
	.byte	4                               @ Address Size (in bytes)
	.byte	1                               @ Abbrev [1] 0xb:0x39a DW_TAG_compile_unit
	.long	.Linfo_string0                  @ DW_AT_producer
	.short	12                              @ DW_AT_language
	.long	.Linfo_string1                  @ DW_AT_name
	.long	.Lline_table_start0             @ DW_AT_stmt_list
	.long	.Linfo_string2                  @ DW_AT_comp_dir
	.long	0                               @ DW_AT_low_pc
	.long	.Ldebug_ranges0                 @ DW_AT_ranges
	.byte	2                               @ Abbrev [2] 0x26:0x4a DW_TAG_subprogram
	.long	.Lfunc_begin1                   @ DW_AT_low_pc
	.long	.Lfunc_end1-.Lfunc_begin1       @ DW_AT_high_pc
	.byte	1                               @ DW_AT_frame_base
	.byte	93
                                        @ DW_AT_GNU_all_call_sites
	.long	.Linfo_string55                 @ DW_AT_name
	.byte	2                               @ DW_AT_decl_file
	.byte	34                              @ DW_AT_decl_line
                                        @ DW_AT_prototyped
	.long	112                             @ DW_AT_type
                                        @ DW_AT_external
	.byte	3                               @ Abbrev [3] 0x3b:0x19 DW_TAG_variable
	.long	.Linfo_string3                  @ DW_AT_name
	.long	112                             @ DW_AT_type
	.byte	2                               @ DW_AT_decl_file
	.byte	36                              @ DW_AT_decl_line
	.byte	13                              @ DW_AT_location
	.byte	3
	.long	key_scan.key_up
	.byte	148
	.byte	1
	.byte	48
	.byte	32
	.byte	30
	.byte	49
	.byte	34
	.byte	159
	.byte	4                               @ Abbrev [4] 0x54:0xf DW_TAG_formal_parameter
	.long	.Ldebug_loc0                    @ DW_AT_location
	.long	.Linfo_string64                 @ DW_AT_name
	.byte	2                               @ DW_AT_decl_file
	.byte	34                              @ DW_AT_decl_line
	.long	112                             @ DW_AT_type
	.byte	5                               @ Abbrev [5] 0x63:0xc DW_TAG_variable
	.byte	0                               @ DW_AT_const_value
	.long	.Linfo_string65                 @ DW_AT_name
	.byte	2                               @ DW_AT_decl_file
	.byte	37                              @ DW_AT_decl_line
	.long	112                             @ DW_AT_type
	.byte	0                               @ End Of Children Mark
	.byte	6                               @ Abbrev [6] 0x70:0xb DW_TAG_typedef
	.long	123                             @ DW_AT_type
	.long	.Linfo_string5                  @ DW_AT_name
	.byte	1                               @ DW_AT_decl_file
	.byte	62                              @ DW_AT_decl_line
	.byte	7                               @ Abbrev [7] 0x7b:0x7 DW_TAG_base_type
	.long	.Linfo_string4                  @ DW_AT_name
	.byte	8                               @ DW_AT_encoding
	.byte	1                               @ DW_AT_byte_size
	.byte	8                               @ Abbrev [8] 0x82:0x15 DW_TAG_enumeration_type
	.long	123                             @ DW_AT_type
	.byte	1                               @ DW_AT_byte_size
	.byte	3                               @ DW_AT_decl_file
	.byte	68                              @ DW_AT_decl_line
	.byte	9                               @ Abbrev [9] 0x8a:0x6 DW_TAG_enumerator
	.long	.Linfo_string6                  @ DW_AT_name
	.byte	0                               @ DW_AT_const_value
	.byte	9                               @ Abbrev [9] 0x90:0x6 DW_TAG_enumerator
	.long	.Linfo_string7                  @ DW_AT_name
	.byte	1                               @ DW_AT_const_value
	.byte	0                               @ End Of Children Mark
	.byte	10                              @ Abbrev [10] 0x97:0x5 DW_TAG_pointer_type
	.long	156                             @ DW_AT_type
	.byte	11                              @ Abbrev [11] 0x9c:0xc DW_TAG_typedef
	.long	168                             @ DW_AT_type
	.long	.Linfo_string41                 @ DW_AT_name
	.byte	4                               @ DW_AT_decl_file
	.short	629                             @ DW_AT_decl_line
	.byte	12                              @ Abbrev [12] 0xa8:0x18c DW_TAG_structure_type
	.byte	136                             @ DW_AT_byte_size
	.byte	4                               @ DW_AT_decl_file
	.short	597                             @ DW_AT_decl_line
	.byte	13                              @ Abbrev [13] 0xad:0xd DW_TAG_member
	.long	.Linfo_string8                  @ DW_AT_name
	.long	564                             @ DW_AT_type
	.byte	4                               @ DW_AT_decl_file
	.short	599                             @ DW_AT_decl_line
	.byte	0                               @ DW_AT_data_member_location
	.byte	13                              @ Abbrev [13] 0xba:0xd DW_TAG_member
	.long	.Linfo_string11                 @ DW_AT_name
	.long	564                             @ DW_AT_type
	.byte	4                               @ DW_AT_decl_file
	.short	600                             @ DW_AT_decl_line
	.byte	4                               @ DW_AT_data_member_location
	.byte	13                              @ Abbrev [13] 0xc7:0xd DW_TAG_member
	.long	.Linfo_string12                 @ DW_AT_name
	.long	564                             @ DW_AT_type
	.byte	4                               @ DW_AT_decl_file
	.short	601                             @ DW_AT_decl_line
	.byte	8                               @ DW_AT_data_member_location
	.byte	13                              @ Abbrev [13] 0xd4:0xd DW_TAG_member
	.long	.Linfo_string13                 @ DW_AT_name
	.long	564                             @ DW_AT_type
	.byte	4                               @ DW_AT_decl_file
	.short	602                             @ DW_AT_decl_line
	.byte	12                              @ DW_AT_data_member_location
	.byte	13                              @ Abbrev [13] 0xe1:0xd DW_TAG_member
	.long	.Linfo_string14                 @ DW_AT_name
	.long	564                             @ DW_AT_type
	.byte	4                               @ DW_AT_decl_file
	.short	603                             @ DW_AT_decl_line
	.byte	16                              @ DW_AT_data_member_location
	.byte	13                              @ Abbrev [13] 0xee:0xd DW_TAG_member
	.long	.Linfo_string15                 @ DW_AT_name
	.long	564                             @ DW_AT_type
	.byte	4                               @ DW_AT_decl_file
	.short	604                             @ DW_AT_decl_line
	.byte	20                              @ DW_AT_data_member_location
	.byte	13                              @ Abbrev [13] 0xfb:0xd DW_TAG_member
	.long	.Linfo_string16                 @ DW_AT_name
	.long	564                             @ DW_AT_type
	.byte	4                               @ DW_AT_decl_file
	.short	605                             @ DW_AT_decl_line
	.byte	24                              @ DW_AT_data_member_location
	.byte	13                              @ Abbrev [13] 0x108:0xd DW_TAG_member
	.long	.Linfo_string17                 @ DW_AT_name
	.long	569                             @ DW_AT_type
	.byte	4                               @ DW_AT_decl_file
	.short	606                             @ DW_AT_decl_line
	.byte	28                              @ DW_AT_data_member_location
	.byte	13                              @ Abbrev [13] 0x115:0xd DW_TAG_member
	.long	.Linfo_string18                 @ DW_AT_name
	.long	564                             @ DW_AT_type
	.byte	4                               @ DW_AT_decl_file
	.short	607                             @ DW_AT_decl_line
	.byte	32                              @ DW_AT_data_member_location
	.byte	13                              @ Abbrev [13] 0x122:0xd DW_TAG_member
	.long	.Linfo_string19                 @ DW_AT_name
	.long	564                             @ DW_AT_type
	.byte	4                               @ DW_AT_decl_file
	.short	608                             @ DW_AT_decl_line
	.byte	36                              @ DW_AT_data_member_location
	.byte	13                              @ Abbrev [13] 0x12f:0xd DW_TAG_member
	.long	.Linfo_string20                 @ DW_AT_name
	.long	587                             @ DW_AT_type
	.byte	4                               @ DW_AT_decl_file
	.short	609                             @ DW_AT_decl_line
	.byte	40                              @ DW_AT_data_member_location
	.byte	13                              @ Abbrev [13] 0x13c:0xd DW_TAG_member
	.long	.Linfo_string22                 @ DW_AT_name
	.long	564                             @ DW_AT_type
	.byte	4                               @ DW_AT_decl_file
	.short	610                             @ DW_AT_decl_line
	.byte	48                              @ DW_AT_data_member_location
	.byte	13                              @ Abbrev [13] 0x149:0xd DW_TAG_member
	.long	.Linfo_string23                 @ DW_AT_name
	.long	564                             @ DW_AT_type
	.byte	4                               @ DW_AT_decl_file
	.short	611                             @ DW_AT_decl_line
	.byte	52                              @ DW_AT_data_member_location
	.byte	13                              @ Abbrev [13] 0x156:0xd DW_TAG_member
	.long	.Linfo_string24                 @ DW_AT_name
	.long	564                             @ DW_AT_type
	.byte	4                               @ DW_AT_decl_file
	.short	612                             @ DW_AT_decl_line
	.byte	56                              @ DW_AT_data_member_location
	.byte	13                              @ Abbrev [13] 0x163:0xd DW_TAG_member
	.long	.Linfo_string25                 @ DW_AT_name
	.long	569                             @ DW_AT_type
	.byte	4                               @ DW_AT_decl_file
	.short	613                             @ DW_AT_decl_line
	.byte	60                              @ DW_AT_data_member_location
	.byte	13                              @ Abbrev [13] 0x170:0xd DW_TAG_member
	.long	.Linfo_string26                 @ DW_AT_name
	.long	564                             @ DW_AT_type
	.byte	4                               @ DW_AT_decl_file
	.short	614                             @ DW_AT_decl_line
	.byte	64                              @ DW_AT_data_member_location
	.byte	13                              @ Abbrev [13] 0x17d:0xd DW_TAG_member
	.long	.Linfo_string27                 @ DW_AT_name
	.long	564                             @ DW_AT_type
	.byte	4                               @ DW_AT_decl_file
	.short	615                             @ DW_AT_decl_line
	.byte	68                              @ DW_AT_data_member_location
	.byte	13                              @ Abbrev [13] 0x18a:0xd DW_TAG_member
	.long	.Linfo_string28                 @ DW_AT_name
	.long	587                             @ DW_AT_type
	.byte	4                               @ DW_AT_decl_file
	.short	616                             @ DW_AT_decl_line
	.byte	72                              @ DW_AT_data_member_location
	.byte	13                              @ Abbrev [13] 0x197:0xd DW_TAG_member
	.long	.Linfo_string29                 @ DW_AT_name
	.long	564                             @ DW_AT_type
	.byte	4                               @ DW_AT_decl_file
	.short	617                             @ DW_AT_decl_line
	.byte	80                              @ DW_AT_data_member_location
	.byte	13                              @ Abbrev [13] 0x1a4:0xd DW_TAG_member
	.long	.Linfo_string30                 @ DW_AT_name
	.long	564                             @ DW_AT_type
	.byte	4                               @ DW_AT_decl_file
	.short	618                             @ DW_AT_decl_line
	.byte	84                              @ DW_AT_data_member_location
	.byte	13                              @ Abbrev [13] 0x1b1:0xd DW_TAG_member
	.long	.Linfo_string31                 @ DW_AT_name
	.long	564                             @ DW_AT_type
	.byte	4                               @ DW_AT_decl_file
	.short	619                             @ DW_AT_decl_line
	.byte	88                              @ DW_AT_data_member_location
	.byte	13                              @ Abbrev [13] 0x1be:0xd DW_TAG_member
	.long	.Linfo_string32                 @ DW_AT_name
	.long	569                             @ DW_AT_type
	.byte	4                               @ DW_AT_decl_file
	.short	620                             @ DW_AT_decl_line
	.byte	92                              @ DW_AT_data_member_location
	.byte	13                              @ Abbrev [13] 0x1cb:0xd DW_TAG_member
	.long	.Linfo_string33                 @ DW_AT_name
	.long	564                             @ DW_AT_type
	.byte	4                               @ DW_AT_decl_file
	.short	621                             @ DW_AT_decl_line
	.byte	96                              @ DW_AT_data_member_location
	.byte	13                              @ Abbrev [13] 0x1d8:0xd DW_TAG_member
	.long	.Linfo_string34                 @ DW_AT_name
	.long	564                             @ DW_AT_type
	.byte	4                               @ DW_AT_decl_file
	.short	622                             @ DW_AT_decl_line
	.byte	100                             @ DW_AT_data_member_location
	.byte	13                              @ Abbrev [13] 0x1e5:0xd DW_TAG_member
	.long	.Linfo_string35                 @ DW_AT_name
	.long	587                             @ DW_AT_type
	.byte	4                               @ DW_AT_decl_file
	.short	623                             @ DW_AT_decl_line
	.byte	104                             @ DW_AT_data_member_location
	.byte	13                              @ Abbrev [13] 0x1f2:0xd DW_TAG_member
	.long	.Linfo_string36                 @ DW_AT_name
	.long	564                             @ DW_AT_type
	.byte	4                               @ DW_AT_decl_file
	.short	624                             @ DW_AT_decl_line
	.byte	112                             @ DW_AT_data_member_location
	.byte	13                              @ Abbrev [13] 0x1ff:0xd DW_TAG_member
	.long	.Linfo_string37                 @ DW_AT_name
	.long	564                             @ DW_AT_type
	.byte	4                               @ DW_AT_decl_file
	.short	625                             @ DW_AT_decl_line
	.byte	116                             @ DW_AT_data_member_location
	.byte	13                              @ Abbrev [13] 0x20c:0xd DW_TAG_member
	.long	.Linfo_string38                 @ DW_AT_name
	.long	587                             @ DW_AT_type
	.byte	4                               @ DW_AT_decl_file
	.short	626                             @ DW_AT_decl_line
	.byte	120                             @ DW_AT_data_member_location
	.byte	13                              @ Abbrev [13] 0x219:0xd DW_TAG_member
	.long	.Linfo_string39                 @ DW_AT_name
	.long	564                             @ DW_AT_type
	.byte	4                               @ DW_AT_decl_file
	.short	627                             @ DW_AT_decl_line
	.byte	128                             @ DW_AT_data_member_location
	.byte	13                              @ Abbrev [13] 0x226:0xd DW_TAG_member
	.long	.Linfo_string40                 @ DW_AT_name
	.long	564                             @ DW_AT_type
	.byte	4                               @ DW_AT_decl_file
	.short	628                             @ DW_AT_decl_line
	.byte	132                             @ DW_AT_data_member_location
	.byte	0                               @ End Of Children Mark
	.byte	14                              @ Abbrev [14] 0x234:0x5 DW_TAG_volatile_type
	.long	569                             @ DW_AT_type
	.byte	6                               @ Abbrev [6] 0x239:0xb DW_TAG_typedef
	.long	580                             @ DW_AT_type
	.long	.Linfo_string10                 @ DW_AT_name
	.byte	1                               @ DW_AT_decl_file
	.byte	64                              @ DW_AT_decl_line
	.byte	7                               @ Abbrev [7] 0x244:0x7 DW_TAG_base_type
	.long	.Linfo_string9                  @ DW_AT_name
	.byte	7                               @ DW_AT_encoding
	.byte	4                               @ DW_AT_byte_size
	.byte	15                              @ Abbrev [15] 0x24b:0xc DW_TAG_array_type
	.long	569                             @ DW_AT_type
	.byte	16                              @ Abbrev [16] 0x250:0x6 DW_TAG_subrange_type
	.long	599                             @ DW_AT_type
	.byte	2                               @ DW_AT_count
	.byte	0                               @ End Of Children Mark
	.byte	17                              @ Abbrev [17] 0x257:0x7 DW_TAG_base_type
	.long	.Linfo_string21                 @ DW_AT_name
	.byte	8                               @ DW_AT_byte_size
	.byte	7                               @ DW_AT_encoding
	.byte	6                               @ Abbrev [6] 0x25e:0xb DW_TAG_typedef
	.long	617                             @ DW_AT_type
	.long	.Linfo_string43                 @ DW_AT_name
	.byte	1                               @ DW_AT_decl_file
	.byte	63                              @ DW_AT_decl_line
	.byte	7                               @ Abbrev [7] 0x269:0x7 DW_TAG_base_type
	.long	.Linfo_string42                 @ DW_AT_name
	.byte	7                               @ DW_AT_encoding
	.byte	2                               @ DW_AT_byte_size
	.byte	10                              @ Abbrev [10] 0x270:0x5 DW_TAG_pointer_type
	.long	629                             @ DW_AT_type
	.byte	11                              @ Abbrev [11] 0x275:0xc DW_TAG_typedef
	.long	641                             @ DW_AT_type
	.long	.Linfo_string53                 @ DW_AT_name
	.byte	4                               @ DW_AT_decl_file
	.short	538                             @ DW_AT_decl_line
	.byte	12                              @ Abbrev [12] 0x281:0x7b DW_TAG_structure_type
	.byte	40                              @ DW_AT_byte_size
	.byte	4                               @ DW_AT_decl_file
	.short	527                             @ DW_AT_decl_line
	.byte	13                              @ Abbrev [13] 0x286:0xd DW_TAG_member
	.long	.Linfo_string44                 @ DW_AT_name
	.long	564                             @ DW_AT_type
	.byte	4                               @ DW_AT_decl_file
	.short	529                             @ DW_AT_decl_line
	.byte	0                               @ DW_AT_data_member_location
	.byte	13                              @ Abbrev [13] 0x293:0xd DW_TAG_member
	.long	.Linfo_string45                 @ DW_AT_name
	.long	564                             @ DW_AT_type
	.byte	4                               @ DW_AT_decl_file
	.short	530                             @ DW_AT_decl_line
	.byte	4                               @ DW_AT_data_member_location
	.byte	13                              @ Abbrev [13] 0x2a0:0xd DW_TAG_member
	.long	.Linfo_string46                 @ DW_AT_name
	.long	564                             @ DW_AT_type
	.byte	4                               @ DW_AT_decl_file
	.short	531                             @ DW_AT_decl_line
	.byte	8                               @ DW_AT_data_member_location
	.byte	13                              @ Abbrev [13] 0x2ad:0xd DW_TAG_member
	.long	.Linfo_string47                 @ DW_AT_name
	.long	564                             @ DW_AT_type
	.byte	4                               @ DW_AT_decl_file
	.short	532                             @ DW_AT_decl_line
	.byte	12                              @ DW_AT_data_member_location
	.byte	13                              @ Abbrev [13] 0x2ba:0xd DW_TAG_member
	.long	.Linfo_string48                 @ DW_AT_name
	.long	564                             @ DW_AT_type
	.byte	4                               @ DW_AT_decl_file
	.short	533                             @ DW_AT_decl_line
	.byte	16                              @ DW_AT_data_member_location
	.byte	13                              @ Abbrev [13] 0x2c7:0xd DW_TAG_member
	.long	.Linfo_string49                 @ DW_AT_name
	.long	564                             @ DW_AT_type
	.byte	4                               @ DW_AT_decl_file
	.short	534                             @ DW_AT_decl_line
	.byte	20                              @ DW_AT_data_member_location
	.byte	13                              @ Abbrev [13] 0x2d4:0xd DW_TAG_member
	.long	.Linfo_string50                 @ DW_AT_name
	.long	564                             @ DW_AT_type
	.byte	4                               @ DW_AT_decl_file
	.short	535                             @ DW_AT_decl_line
	.byte	24                              @ DW_AT_data_member_location
	.byte	13                              @ Abbrev [13] 0x2e1:0xd DW_TAG_member
	.long	.Linfo_string51                 @ DW_AT_name
	.long	564                             @ DW_AT_type
	.byte	4                               @ DW_AT_decl_file
	.short	536                             @ DW_AT_decl_line
	.byte	28                              @ DW_AT_data_member_location
	.byte	13                              @ Abbrev [13] 0x2ee:0xd DW_TAG_member
	.long	.Linfo_string52                 @ DW_AT_name
	.long	764                             @ DW_AT_type
	.byte	4                               @ DW_AT_decl_file
	.short	537                             @ DW_AT_decl_line
	.byte	32                              @ DW_AT_data_member_location
	.byte	0                               @ End Of Children Mark
	.byte	15                              @ Abbrev [15] 0x2fc:0xc DW_TAG_array_type
	.long	564                             @ DW_AT_type
	.byte	16                              @ Abbrev [16] 0x301:0x6 DW_TAG_subrange_type
	.long	599                             @ DW_AT_type
	.byte	2                               @ DW_AT_count
	.byte	0                               @ End Of Children Mark
	.byte	18                              @ Abbrev [18] 0x308:0x50 DW_TAG_subprogram
	.long	.Lfunc_begin0                   @ DW_AT_low_pc
	.long	.Lfunc_end0-.Lfunc_begin0       @ DW_AT_high_pc
	.byte	1                               @ DW_AT_frame_base
	.byte	93
                                        @ DW_AT_GNU_all_call_sites
	.long	.Linfo_string54                 @ DW_AT_name
	.byte	2                               @ DW_AT_decl_file
	.byte	3                               @ DW_AT_decl_line
                                        @ DW_AT_prototyped
                                        @ DW_AT_external
	.byte	19                              @ Abbrev [19] 0x319:0xe DW_TAG_variable
	.byte	2                               @ DW_AT_location
	.byte	145
	.byte	4
	.long	.Linfo_string56                 @ DW_AT_name
	.byte	2                               @ DW_AT_decl_file
	.byte	5                               @ DW_AT_decl_line
	.long	856                             @ DW_AT_type
	.byte	20                              @ Abbrev [20] 0x327:0x18 DW_TAG_lexical_block
	.long	.Ltmp0                          @ DW_AT_low_pc
	.long	.Ltmp1-.Ltmp0                   @ DW_AT_high_pc
	.byte	19                              @ Abbrev [19] 0x330:0xe DW_TAG_variable
	.byte	2                               @ DW_AT_location
	.byte	145
	.byte	4
	.long	.Linfo_string63                 @ DW_AT_name
	.byte	2                               @ DW_AT_decl_file
	.byte	6                               @ DW_AT_decl_line
	.long	564                             @ DW_AT_type
	.byte	0                               @ End Of Children Mark
	.byte	20                              @ Abbrev [20] 0x33f:0x18 DW_TAG_lexical_block
	.long	.Ltmp1                          @ DW_AT_low_pc
	.long	.Ltmp2-.Ltmp1                   @ DW_AT_high_pc
	.byte	19                              @ Abbrev [19] 0x348:0xe DW_TAG_variable
	.byte	2                               @ DW_AT_location
	.byte	145
	.byte	4
	.long	.Linfo_string63                 @ DW_AT_name
	.byte	2                               @ DW_AT_decl_file
	.byte	7                               @ DW_AT_decl_line
	.long	564                             @ DW_AT_type
	.byte	0                               @ End Of Children Mark
	.byte	0                               @ End Of Children Mark
	.byte	6                               @ Abbrev [6] 0x358:0xb DW_TAG_typedef
	.long	867                             @ DW_AT_type
	.long	.Linfo_string62                 @ DW_AT_name
	.byte	3                               @ DW_AT_decl_file
	.byte	63                              @ DW_AT_decl_line
	.byte	21                              @ Abbrev [21] 0x363:0x41 DW_TAG_structure_type
	.byte	20                              @ DW_AT_byte_size
	.byte	3                               @ DW_AT_decl_file
	.byte	47                              @ DW_AT_decl_line
	.byte	22                              @ Abbrev [22] 0x367:0xc DW_TAG_member
	.long	.Linfo_string57                 @ DW_AT_name
	.long	569                             @ DW_AT_type
	.byte	3                               @ DW_AT_decl_file
	.byte	49                              @ DW_AT_decl_line
	.byte	0                               @ DW_AT_data_member_location
	.byte	22                              @ Abbrev [22] 0x373:0xc DW_TAG_member
	.long	.Linfo_string58                 @ DW_AT_name
	.long	569                             @ DW_AT_type
	.byte	3                               @ DW_AT_decl_file
	.byte	52                              @ DW_AT_decl_line
	.byte	4                               @ DW_AT_data_member_location
	.byte	22                              @ Abbrev [22] 0x37f:0xc DW_TAG_member
	.long	.Linfo_string59                 @ DW_AT_name
	.long	569                             @ DW_AT_type
	.byte	3                               @ DW_AT_decl_file
	.byte	55                              @ DW_AT_decl_line
	.byte	8                               @ DW_AT_data_member_location
	.byte	22                              @ Abbrev [22] 0x38b:0xc DW_TAG_member
	.long	.Linfo_string60                 @ DW_AT_name
	.long	569                             @ DW_AT_type
	.byte	3                               @ DW_AT_decl_file
	.byte	58                              @ DW_AT_decl_line
	.byte	12                              @ DW_AT_data_member_location
	.byte	22                              @ Abbrev [22] 0x397:0xc DW_TAG_member
	.long	.Linfo_string61                 @ DW_AT_name
	.long	569                             @ DW_AT_type
	.byte	3                               @ DW_AT_decl_file
	.byte	61                              @ DW_AT_decl_line
	.byte	16                              @ DW_AT_data_member_location
	.byte	0                               @ End Of Children Mark
	.byte	0                               @ End Of Children Mark
.Ldebug_info_end0:
	.section	.debug_ranges,"",%progbits
.Ldebug_ranges0:
	.long	.Lfunc_begin0
	.long	.Lfunc_end0
	.long	.Lfunc_begin1
	.long	.Lfunc_end1
	.long	0
	.long	0
	.section	.debug_str,"MS",%progbits,1
.Linfo_string0:
	.asciz	"Component: Arm Compiler for Embedded 6.19 Tool: armclang [5e73cb00]" @ string offset=0
.Linfo_string1:
	.asciz	"../User/BSP/key\\key.c"        @ string offset=68
.Linfo_string2:
	.asciz	"E:\\StudyNote\\study_STM32-HAL\\STM32F4_Quick_Start_Guide_HAL\\2.code\\19.RTC-Alarms\\Project" @ string offset=90
.Linfo_string3:
	.asciz	"key_up"                        @ string offset=178
.Linfo_string4:
	.asciz	"unsigned char"                 @ string offset=185
.Linfo_string5:
	.asciz	"uint8_t"                       @ string offset=199
.Linfo_string6:
	.asciz	"GPIO_PIN_RESET"                @ string offset=207
.Linfo_string7:
	.asciz	"GPIO_PIN_SET"                  @ string offset=222
.Linfo_string8:
	.asciz	"CR"                            @ string offset=235
.Linfo_string9:
	.asciz	"unsigned int"                  @ string offset=238
.Linfo_string10:
	.asciz	"uint32_t"                      @ string offset=251
.Linfo_string11:
	.asciz	"PLLCFGR"                       @ string offset=260
.Linfo_string12:
	.asciz	"CFGR"                          @ string offset=268
.Linfo_string13:
	.asciz	"CIR"                           @ string offset=273
.Linfo_string14:
	.asciz	"AHB1RSTR"                      @ string offset=277
.Linfo_string15:
	.asciz	"AHB2RSTR"                      @ string offset=286
.Linfo_string16:
	.asciz	"AHB3RSTR"                      @ string offset=295
.Linfo_string17:
	.asciz	"RESERVED0"                     @ string offset=304
.Linfo_string18:
	.asciz	"APB1RSTR"                      @ string offset=314
.Linfo_string19:
	.asciz	"APB2RSTR"                      @ string offset=323
.Linfo_string20:
	.asciz	"RESERVED1"                     @ string offset=332
.Linfo_string21:
	.asciz	"__ARRAY_SIZE_TYPE__"           @ string offset=342
.Linfo_string22:
	.asciz	"AHB1ENR"                       @ string offset=362
.Linfo_string23:
	.asciz	"AHB2ENR"                       @ string offset=370
.Linfo_string24:
	.asciz	"AHB3ENR"                       @ string offset=378
.Linfo_string25:
	.asciz	"RESERVED2"                     @ string offset=386
.Linfo_string26:
	.asciz	"APB1ENR"                       @ string offset=396
.Linfo_string27:
	.asciz	"APB2ENR"                       @ string offset=404
.Linfo_string28:
	.asciz	"RESERVED3"                     @ string offset=412
.Linfo_string29:
	.asciz	"AHB1LPENR"                     @ string offset=422
.Linfo_string30:
	.asciz	"AHB2LPENR"                     @ string offset=432
.Linfo_string31:
	.asciz	"AHB3LPENR"                     @ string offset=442
.Linfo_string32:
	.asciz	"RESERVED4"                     @ string offset=452
.Linfo_string33:
	.asciz	"APB1LPENR"                     @ string offset=462
.Linfo_string34:
	.asciz	"APB2LPENR"                     @ string offset=472
.Linfo_string35:
	.asciz	"RESERVED5"                     @ string offset=482
.Linfo_string36:
	.asciz	"BDCR"                          @ string offset=492
.Linfo_string37:
	.asciz	"CSR"                           @ string offset=497
.Linfo_string38:
	.asciz	"RESERVED6"                     @ string offset=501
.Linfo_string39:
	.asciz	"SSCGR"                         @ string offset=511
.Linfo_string40:
	.asciz	"PLLI2SCFGR"                    @ string offset=517
.Linfo_string41:
	.asciz	"RCC_TypeDef"                   @ string offset=528
.Linfo_string42:
	.asciz	"unsigned short"                @ string offset=540
.Linfo_string43:
	.asciz	"uint16_t"                      @ string offset=555
.Linfo_string44:
	.asciz	"MODER"                         @ string offset=564
.Linfo_string45:
	.asciz	"OTYPER"                        @ string offset=570
.Linfo_string46:
	.asciz	"OSPEEDR"                       @ string offset=577
.Linfo_string47:
	.asciz	"PUPDR"                         @ string offset=585
.Linfo_string48:
	.asciz	"IDR"                           @ string offset=591
.Linfo_string49:
	.asciz	"ODR"                           @ string offset=595
.Linfo_string50:
	.asciz	"BSRR"                          @ string offset=599
.Linfo_string51:
	.asciz	"LCKR"                          @ string offset=604
.Linfo_string52:
	.asciz	"AFR"                           @ string offset=609
.Linfo_string53:
	.asciz	"GPIO_TypeDef"                  @ string offset=613
.Linfo_string54:
	.asciz	"bsp_key_init"                  @ string offset=626
.Linfo_string55:
	.asciz	"key_scan"                      @ string offset=639
.Linfo_string56:
	.asciz	"GPIO_InitStructure"            @ string offset=648
.Linfo_string57:
	.asciz	"Pin"                           @ string offset=667
.Linfo_string58:
	.asciz	"Mode"                          @ string offset=671
.Linfo_string59:
	.asciz	"Pull"                          @ string offset=676
.Linfo_string60:
	.asciz	"Speed"                         @ string offset=681
.Linfo_string61:
	.asciz	"Alternate"                     @ string offset=687
.Linfo_string62:
	.asciz	"GPIO_InitTypeDef"              @ string offset=697
.Linfo_string63:
	.asciz	"tmpreg"                        @ string offset=714
.Linfo_string64:
	.asciz	"mode"                          @ string offset=721
.Linfo_string65:
	.asciz	"key_val"                       @ string offset=726
	.ident	"Component: Arm Compiler for Embedded 6.19 Tool: armclang [5e73cb00]"
	.section	".note.GNU-stack","",%progbits
	.eabi_attribute	30, 1	@ Tag_ABI_optimization_goals
	.ARM_attribute	16, 1	@ Tag_AV_eba
	.section	.debug_line,"",%progbits
.Lline_table_start0:
