	.text
	.syntax unified
	.eabi_attribute	67, "2.09"	@ Tag_conformance
	.cpu	cortex-m4
	.eabi_attribute	6, 13	@ Tag_CPU_arch
	.eabi_attribute	7, 77	@ Tag_CPU_arch_profile
	.eabi_attribute	8, 0	@ Tag_ARM_ISA_use
	.eabi_attribute	9, 2	@ Tag_THUMB_ISA_use
	.fpu	fpv4-sp-d16
	.eabi_attribute	27, 1	@ Tag_ABI_HardFP_use
	.eabi_attribute	36, 1	@ Tag_FP_HP_extension
	.eabi_attribute	34, 1	@ Tag_CPU_unaligned_access
	.eabi_attribute	17, 1	@ Tag_ABI_PCS_GOT_use
	.eabi_attribute	20, 2	@ Tag_ABI_FP_denormal
	.eabi_attribute	21, 0	@ Tag_ABI_FP_exceptions
	.eabi_attribute	23, 1	@ Tag_ABI_FP_number_model
	.eabi_attribute	24, 1	@ Tag_ABI_align_needed
	.eabi_attribute	25, 1	@ Tag_ABI_align_preserved
	.eabi_attribute	28, 1	@ Tag_ABI_VFP_args
	.eabi_attribute	38, 1	@ Tag_ABI_FP_16bit_format
	.eabi_attribute	18, 2	@ Tag_ABI_PCS_wchar_t
	.eabi_attribute	26, 1	@ Tag_ABI_enum_size
	.eabi_attribute	14, 0	@ Tag_ABI_PCS_R9_use
	.file	"main.c"
	.file	1 "E:\\StudyNote\\study_STM32-HAL\\STM32F4_Quick_Start_Guide_HAL\\2.code\\19.RTC-Alarms\\Project" "../User/main.c"
	.file	2 "E:\\dianzi\\MDKv5\\ARM\\ARMCLANG\\Bin\\..\\include" "stdint.h"
	.file	3 "E:\\StudyNote\\study_STM32-HAL\\STM32F4_Quick_Start_Guide_HAL\\2.code\\19.RTC-Alarms\\Project" "../Libraries/CMSIS/Device/ST/STM32F4xx/Include/stm32f407xx.h"
	.file	4 "E:\\StudyNote\\study_STM32-HAL\\STM32F4_Quick_Start_Guide_HAL\\2.code\\19.RTC-Alarms\\Project" "../Middlewares/USMART/usmart_port.h"
	.section	.text.main,"ax",%progbits
	.hidden	main                            @ -- Begin function main
	.globl	main
	.p2align	2
	.type	main,%function
	.code	16                              @ @main
	.thumb_func
main:
.Lfunc_begin0:
	.loc	1 7 0                           @ ../User/main.c:7:0
	.fnstart
	.cfi_sections .debug_frame
	.cfi_startproc
@ %bb.0:
	.pad	#56
	sub	sp, #56
	.cfi_def_cfa_offset 56
.Ltmp0:
	@DEBUG_VALUE: main:last_refresh <- 0
	@DEBUG_VALUE: main:last_led <- 0
	.loc	1 13 5 prologue_end             @ ../User/main.c:13:5
	bl	bsp_init
.Ltmp1:
	.loc	1 14 16                         @ ../User/main.c:14:16
	movw	r0, :lower16:usmart_dev
	movt	r0, :upper16:usmart_dev
	ldr	r1, [r0, #4]
	.loc	1 14 5 is_stmt 0                @ ../User/main.c:14:5
	movs	r0, #84
	blx	r1
.Ltmp2:
	.loc	1 16 26 is_stmt 1               @ ../User/main.c:16:26
	bl	rtc_init
.Ltmp3:
	@DEBUG_VALUE: main:rtc_status <- $r0
	.loc	1 17 9                          @ ../User/main.c:17:9
	cbz	r0, .LBB0_2
.Ltmp4:
@ %bb.1:
	@DEBUG_VALUE: main:rtc_status <- $r0
	@DEBUG_VALUE: main:last_led <- 0
	@DEBUG_VALUE: main:last_refresh <- 0
	.loc	1 0 0 is_stmt 0                 @ ../User/main.c:0:0
	mov	r1, r0
.Ltmp5:
	@DEBUG_VALUE: main:rtc_status <- $r1
	.loc	1 19 9 is_stmt 1                @ ../User/main.c:19:9
	adr	r0, .LCPI0_0
	bl	__2printf
.Ltmp6:
.LBB0_2:
	@DEBUG_VALUE: main:last_led <- 0
	@DEBUG_VALUE: main:last_refresh <- 0
	.loc	1 21 5                          @ ../User/main.c:21:5
	movs	r0, #4
	movs	r1, #0
	mov.w	r9, #0
	bl	rtc_set_wakeup
.Ltmp7:
	.loc	1 0 5 is_stmt 0                 @ ../User/main.c:0:5
	movw	r11, :lower16:rtc_wakeup_flag
	movw	r6, :lower16:rtc_alarm_flag
	add	r7, sp, #8
	mov.w	r10, #16
	movt	r11, :upper16:rtc_wakeup_flag
	movt	r6, :upper16:rtc_alarm_flag
	movs	r5, #0
	movs	r4, #0
	b	.LBB0_4
.Ltmp8:
	.p2align	2
.LBB0_3:                                @   in Loop: Header=BB0_4 Depth=1
	@DEBUG_VALUE: now <- $r8
	@DEBUG_VALUE: main:last_led <- $r5
	@DEBUG_VALUE: main:last_refresh <- $r4
	.loc	1 66 9 is_stmt 1                @ ../User/main.c:66:9
	movs	r0, #10
	bl	delay_ms
.Ltmp9:
.LBB0_4:                                @ =>This Inner Loop Header: Depth=1
	@DEBUG_VALUE: main:last_refresh <- $r4
	@DEBUG_VALUE: main:last_led <- $r5
	.loc	1 25 24                         @ ../User/main.c:25:24
	bl	HAL_GetTick
.Ltmp10:
	mov	r8, r0
.Ltmp11:
	@DEBUG_VALUE: now <- $r8
	.loc	1 28 16                         @ ../User/main.c:28:16
	subs	r0, r0, r4
.Ltmp12:
	.loc	1 28 12 is_stmt 0               @ ../User/main.c:28:12
	cmp	r0, #201
	blo	.LBB0_6
.Ltmp13:
@ %bb.5:                                @   in Loop: Header=BB0_4 Depth=1
	@DEBUG_VALUE: now <- $r8
	@DEBUG_VALUE: main:last_led <- $r5
	@DEBUG_VALUE: main:last_refresh <- $r4
	@DEBUG_VALUE: main:last_refresh <- $r8
	@DEBUG_VALUE: main:hour <- [DW_OP_plus_uconst 55, DW_OP_deref] $sp
	@DEBUG_VALUE: main:min <- [DW_OP_plus_uconst 54, DW_OP_deref] $sp
	@DEBUG_VALUE: main:sec <- [DW_OP_plus_uconst 53, DW_OP_deref] $sp
	@DEBUG_VALUE: main:ampm <- [DW_OP_plus_uconst 52, DW_OP_deref] $sp
	.loc	1 32 13 is_stmt 1               @ ../User/main.c:32:13
	add.w	r0, sp, #55
	add.w	r1, sp, #54
	add.w	r2, sp, #53
	add	r3, sp, #52
	bl	rtc_get_time
.Ltmp14:
	.loc	1 33 53                         @ ../User/main.c:33:53
	ldrb.w	r2, [sp, #55]
.Ltmp15:
	@DEBUG_VALUE: main:hour <- undef
	.loc	1 33 59 is_stmt 0               @ ../User/main.c:33:59
	ldrb.w	r3, [sp, #54]
.Ltmp16:
	@DEBUG_VALUE: main:min <- undef
	.loc	1 33 64                         @ ../User/main.c:33:64
	ldrb.w	r4, [sp, #53]
.Ltmp17:
	@DEBUG_VALUE: main:sec <- undef
	.loc	1 33 13                         @ ../User/main.c:33:13
	mov	r0, r7
	adr	r1, .LCPI0_1
	str	r4, [sp]
	bl	__2sprintf
.Ltmp18:
	.loc	1 34 13 is_stmt 1               @ ../User/main.c:34:13
	movs	r0, #30
	movs	r1, #130
	movs	r2, #210
	movs	r3, #16
	str.w	r10, [sp]
	str	r7, [sp, #4]
	bl	LCD_ShowString
.Ltmp19:
	@DEBUG_VALUE: main:week <- [DW_OP_plus_uconst 48, DW_OP_deref] $sp
	@DEBUG_VALUE: main:date <- [DW_OP_plus_uconst 49, DW_OP_deref] $sp
	@DEBUG_VALUE: main:month <- [DW_OP_plus_uconst 50, DW_OP_deref] $sp
	@DEBUG_VALUE: main:year <- [DW_OP_plus_uconst 51, DW_OP_deref] $sp
	.loc	1 36 13                         @ ../User/main.c:36:13
	add.w	r0, sp, #51
	add.w	r1, sp, #50
	add.w	r2, sp, #49
	add	r3, sp, #48
	bl	rtc_get_date
.Ltmp20:
	.loc	1 37 55                         @ ../User/main.c:37:55
	ldrb.w	r2, [sp, #51]
.Ltmp21:
	@DEBUG_VALUE: main:year <- undef
	.loc	1 37 61 is_stmt 0               @ ../User/main.c:37:61
	ldrb.w	r3, [sp, #50]
.Ltmp22:
	@DEBUG_VALUE: main:month <- undef
	.loc	1 37 68                         @ ../User/main.c:37:68
	ldrb.w	r4, [sp, #49]
.Ltmp23:
	@DEBUG_VALUE: main:date <- undef
	.loc	1 37 13                         @ ../User/main.c:37:13
	mov	r0, r7
	adr	r1, .LCPI0_2
	str	r4, [sp]
	bl	__2sprintf
.Ltmp24:
	.loc	1 38 13 is_stmt 1               @ ../User/main.c:38:13
	movs	r0, #30
	movs	r1, #150
	movs	r2, #210
	movs	r3, #16
	str.w	r10, [sp]
	str	r7, [sp, #4]
	bl	LCD_ShowString
.Ltmp25:
	.loc	1 40 41                         @ ../User/main.c:40:41
	ldrb.w	r2, [sp, #48]
.Ltmp26:
	@DEBUG_VALUE: main:week <- undef
	.loc	1 40 13 is_stmt 0               @ ../User/main.c:40:13
	mov	r0, r7
	adr	r1, .LCPI0_3
	bl	__2sprintf
.Ltmp27:
	.loc	1 41 13 is_stmt 1               @ ../User/main.c:41:13
	movs	r0, #30
	movs	r1, #170
	movs	r2, #210
	movs	r3, #16
	str.w	r10, [sp]
	str	r7, [sp, #4]
	bl	LCD_ShowString
.Ltmp28:
	.loc	1 0 13 is_stmt 0                @ ../User/main.c:0:13
	mov	r4, r8
.Ltmp29:
.LBB0_6:                                @   in Loop: Header=BB0_4 Depth=1
	@DEBUG_VALUE: now <- $r8
	@DEBUG_VALUE: main:last_led <- $r5
	@DEBUG_VALUE: main:last_refresh <- $r4
	.loc	1 45 16 is_stmt 1               @ ../User/main.c:45:16
	sub.w	r0, r8, r5
.Ltmp30:
	.loc	1 45 12 is_stmt 0               @ ../User/main.c:45:12
	cmp.w	r0, #400
	bls	.LBB0_8
.Ltmp31:
@ %bb.7:                                @   in Loop: Header=BB0_4 Depth=1
	@DEBUG_VALUE: now <- $r8
	@DEBUG_VALUE: main:last_led <- $r5
	@DEBUG_VALUE: main:last_refresh <- $r4
	@DEBUG_VALUE: main:last_led <- $r8
	.loc	1 48 13 is_stmt 1               @ ../User/main.c:48:13
	movw	r0, #5120
	movt	r0, #16386
	mov.w	r1, #512
	bl	HAL_GPIO_TogglePin
.Ltmp32:
	.loc	1 0 13 is_stmt 0                @ ../User/main.c:0:13
	mov	r5, r8
.Ltmp33:
	@DEBUG_VALUE: main:last_led <- $r5
.LBB0_8:                                @   in Loop: Header=BB0_4 Depth=1
	@DEBUG_VALUE: now <- $r8
	@DEBUG_VALUE: main:last_led <- $r5
	@DEBUG_VALUE: main:last_refresh <- $r4
	@DEBUG_VALUE: main:last_led <- $r5
	.loc	1 52 12 is_stmt 1               @ ../User/main.c:52:12
	ldrb.w	r0, [r11]
.Ltmp34:
	.loc	1 52 12 is_stmt 0               @ ../User/main.c:52:12
	cbz	r0, .LBB0_10
.Ltmp35:
@ %bb.9:                                @   in Loop: Header=BB0_4 Depth=1
	@DEBUG_VALUE: now <- $r8
	@DEBUG_VALUE: main:last_led <- $r5
	@DEBUG_VALUE: main:last_refresh <- $r4
	.loc	1 56 13 is_stmt 1               @ ../User/main.c:56:13
	movw	r0, #5120
	movt	r0, #16386
	mov.w	r1, #1024
	.loc	1 54 29                         @ ../User/main.c:54:29
	strb.w	r9, [r11]
	.loc	1 56 13                         @ ../User/main.c:56:13
	bl	HAL_GPIO_TogglePin
.Ltmp36:
.LBB0_10:                               @   in Loop: Header=BB0_4 Depth=1
	@DEBUG_VALUE: now <- $r8
	@DEBUG_VALUE: main:last_led <- $r5
	@DEBUG_VALUE: main:last_refresh <- $r4
	.loc	1 60 12                         @ ../User/main.c:60:12
	ldrb	r0, [r6]
.Ltmp37:
	.loc	1 60 12 is_stmt 0               @ ../User/main.c:60:12
	cmp	r0, #0
	beq	.LBB0_3
.Ltmp38:
@ %bb.11:                               @   in Loop: Header=BB0_4 Depth=1
	@DEBUG_VALUE: now <- $r8
	@DEBUG_VALUE: main:last_led <- $r5
	@DEBUG_VALUE: main:last_refresh <- $r4
	.loc	1 63 13 is_stmt 1               @ ../User/main.c:63:13
	adr	r0, .LCPI0_4
	.loc	1 62 28                         @ ../User/main.c:62:28
	strb.w	r9, [r6]
	.loc	1 63 13                         @ ../User/main.c:63:13
	bl	puts
.Ltmp39:
	.loc	1 0 13 is_stmt 0                @ ../User/main.c:0:13
	b	.LBB0_3
.Ltmp40:
	.p2align	2
@ %bb.12:
.LCPI0_0:
.L.str:
	.asciz	"RTC\345\210\235\345\247\213\345\214\226\345\244\261\350\264\245\357\274\214\351\224\231\350\257\257\344\273\243\347\240\201\357\274\232%d\r\n\000\000\000"
.LCPI0_1:
.L.str.1:
	.asciz	"Time:%02d:%02d:%02d"
.LCPI0_2:
.L.str.2:
	.asciz	"Date:20%02d-%02d-%02d\000\000"
.LCPI0_3:
.L.str.3:
	.asciz	"Week:%d"
.LCPI0_4:
.Lstr:
	.asciz	"RTC Alarm!\r"
.Lfunc_end0:
	.size	main, .Lfunc_end0-main
	.cfi_endproc
	.cantunwind
	.fnend
                                        @ -- End function
	.type	__ARM_use_no_argv,%object       @ @__ARM_use_no_argv
	.section	.ARM.use_no_argv,"awR",%progbits,unique,1
	.globl	__ARM_use_no_argv
	.p2align	2, 0x0
__ARM_use_no_argv:
	.long	1                               @ 0x1
	.size	__ARM_use_no_argv, 4

	.hidden	_printf_percent
	.hidden	_printf_flags
	.hidden	_printf_widthprec
	.hidden	_printf_pre_padding
	.hidden	_printf_d
	.hidden	_printf_int_dec
	.section	.debug_loc,"",%progbits
.Ldebug_loc0:
	.long	.Ltmp0-.Lfunc_begin0
	.long	.Ltmp8-.Lfunc_begin0
	.short	2                               @ Loc expr size
	.byte	48                              @ DW_OP_lit0
	.byte	159                             @ DW_OP_stack_value
	.long	.Ltmp8-.Lfunc_begin0
	.long	.Ltmp13-.Lfunc_begin0
	.short	1                               @ Loc expr size
	.byte	84                              @ DW_OP_reg4
	.long	.Ltmp13-.Lfunc_begin0
	.long	.Ltmp29-.Lfunc_begin0
	.short	1                               @ Loc expr size
	.byte	88                              @ DW_OP_reg8
	.long	.Ltmp29-.Lfunc_begin0
	.long	.Ltmp40-.Lfunc_begin0
	.short	1                               @ Loc expr size
	.byte	84                              @ DW_OP_reg4
	.long	0
	.long	0
.Ldebug_loc1:
	.long	.Ltmp0-.Lfunc_begin0
	.long	.Ltmp8-.Lfunc_begin0
	.short	2                               @ Loc expr size
	.byte	48                              @ DW_OP_lit0
	.byte	159                             @ DW_OP_stack_value
	.long	.Ltmp8-.Lfunc_begin0
	.long	.Ltmp31-.Lfunc_begin0
	.short	1                               @ Loc expr size
	.byte	85                              @ DW_OP_reg5
	.long	.Ltmp31-.Lfunc_begin0
	.long	.Ltmp33-.Lfunc_begin0
	.short	1                               @ Loc expr size
	.byte	88                              @ DW_OP_reg8
	.long	.Ltmp33-.Lfunc_begin0
	.long	.Ltmp40-.Lfunc_begin0
	.short	1                               @ Loc expr size
	.byte	85                              @ DW_OP_reg5
	.long	0
	.long	0
.Ldebug_loc2:
	.long	.Ltmp3-.Lfunc_begin0
	.long	.Ltmp5-.Lfunc_begin0
	.short	1                               @ Loc expr size
	.byte	80                              @ DW_OP_reg0
	.long	.Ltmp5-.Lfunc_begin0
	.long	.Ltmp6-.Lfunc_begin0
	.short	1                               @ Loc expr size
	.byte	81                              @ DW_OP_reg1
	.long	0
	.long	0
.Ldebug_loc3:
	.long	.Ltmp8-.Lfunc_begin0
	.long	.Ltmp9-.Lfunc_begin0
	.short	1                               @ Loc expr size
	.byte	88                              @ DW_OP_reg8
	.long	.Ltmp11-.Lfunc_begin0
	.long	.Ltmp40-.Lfunc_begin0
	.short	1                               @ Loc expr size
	.byte	88                              @ DW_OP_reg8
	.long	0
	.long	0
.Ldebug_loc4:
	.long	.Ltmp13-.Lfunc_begin0
	.long	.Ltmp15-.Lfunc_begin0
	.short	2                               @ Loc expr size
	.byte	125                             @ DW_OP_breg13
	.byte	55                              @ 55
	.long	0
	.long	0
.Ldebug_loc5:
	.long	.Ltmp13-.Lfunc_begin0
	.long	.Ltmp16-.Lfunc_begin0
	.short	2                               @ Loc expr size
	.byte	125                             @ DW_OP_breg13
	.byte	54                              @ 54
	.long	0
	.long	0
.Ldebug_loc6:
	.long	.Ltmp13-.Lfunc_begin0
	.long	.Ltmp17-.Lfunc_begin0
	.short	2                               @ Loc expr size
	.byte	125                             @ DW_OP_breg13
	.byte	53                              @ 53
	.long	0
	.long	0
.Ldebug_loc7:
	.long	.Ltmp13-.Lfunc_begin0
	.long	.Ltmp29-.Lfunc_begin0
	.short	2                               @ Loc expr size
	.byte	125                             @ DW_OP_breg13
	.byte	52                              @ 52
	.long	0
	.long	0
.Ldebug_loc8:
	.long	.Ltmp19-.Lfunc_begin0
	.long	.Ltmp26-.Lfunc_begin0
	.short	2                               @ Loc expr size
	.byte	125                             @ DW_OP_breg13
	.byte	48                              @ 48
	.long	0
	.long	0
.Ldebug_loc9:
	.long	.Ltmp19-.Lfunc_begin0
	.long	.Ltmp23-.Lfunc_begin0
	.short	2                               @ Loc expr size
	.byte	125                             @ DW_OP_breg13
	.byte	49                              @ 49
	.long	0
	.long	0
.Ldebug_loc10:
	.long	.Ltmp19-.Lfunc_begin0
	.long	.Ltmp22-.Lfunc_begin0
	.short	2                               @ Loc expr size
	.byte	125                             @ DW_OP_breg13
	.byte	50                              @ 50
	.long	0
	.long	0
.Ldebug_loc11:
	.long	.Ltmp19-.Lfunc_begin0
	.long	.Ltmp21-.Lfunc_begin0
	.short	2                               @ Loc expr size
	.byte	125                             @ DW_OP_breg13
	.byte	51                              @ 51
	.long	0
	.long	0
	.section	.debug_abbrev,"",%progbits
	.byte	1                               @ Abbreviation Code
	.byte	17                              @ DW_TAG_compile_unit
	.byte	1                               @ DW_CHILDREN_yes
	.byte	37                              @ DW_AT_producer
	.byte	14                              @ DW_FORM_strp
	.byte	19                              @ DW_AT_language
	.byte	5                               @ DW_FORM_data2
	.byte	3                               @ DW_AT_name
	.byte	14                              @ DW_FORM_strp
	.byte	16                              @ DW_AT_stmt_list
	.byte	23                              @ DW_FORM_sec_offset
	.byte	27                              @ DW_AT_comp_dir
	.byte	14                              @ DW_FORM_strp
	.byte	17                              @ DW_AT_low_pc
	.byte	1                               @ DW_FORM_addr
	.byte	18                              @ DW_AT_high_pc
	.byte	6                               @ DW_FORM_data4
	.byte	0                               @ EOM(1)
	.byte	0                               @ EOM(2)
	.byte	2                               @ Abbreviation Code
	.byte	52                              @ DW_TAG_variable
	.byte	0                               @ DW_CHILDREN_no
	.byte	73                              @ DW_AT_type
	.byte	19                              @ DW_FORM_ref4
	.byte	58                              @ DW_AT_decl_file
	.byte	11                              @ DW_FORM_data1
	.byte	59                              @ DW_AT_decl_line
	.byte	11                              @ DW_FORM_data1
	.byte	2                               @ DW_AT_location
	.byte	24                              @ DW_FORM_exprloc
	.byte	0                               @ EOM(1)
	.byte	0                               @ EOM(2)
	.byte	3                               @ Abbreviation Code
	.byte	1                               @ DW_TAG_array_type
	.byte	1                               @ DW_CHILDREN_yes
	.byte	73                              @ DW_AT_type
	.byte	19                              @ DW_FORM_ref4
	.byte	0                               @ EOM(1)
	.byte	0                               @ EOM(2)
	.byte	4                               @ Abbreviation Code
	.byte	33                              @ DW_TAG_subrange_type
	.byte	0                               @ DW_CHILDREN_no
	.byte	73                              @ DW_AT_type
	.byte	19                              @ DW_FORM_ref4
	.byte	55                              @ DW_AT_count
	.byte	11                              @ DW_FORM_data1
	.byte	0                               @ EOM(1)
	.byte	0                               @ EOM(2)
	.byte	5                               @ Abbreviation Code
	.byte	36                              @ DW_TAG_base_type
	.byte	0                               @ DW_CHILDREN_no
	.byte	3                               @ DW_AT_name
	.byte	14                              @ DW_FORM_strp
	.byte	62                              @ DW_AT_encoding
	.byte	11                              @ DW_FORM_data1
	.byte	11                              @ DW_AT_byte_size
	.byte	11                              @ DW_FORM_data1
	.byte	0                               @ EOM(1)
	.byte	0                               @ EOM(2)
	.byte	6                               @ Abbreviation Code
	.byte	36                              @ DW_TAG_base_type
	.byte	0                               @ DW_CHILDREN_no
	.byte	3                               @ DW_AT_name
	.byte	14                              @ DW_FORM_strp
	.byte	11                              @ DW_AT_byte_size
	.byte	11                              @ DW_FORM_data1
	.byte	62                              @ DW_AT_encoding
	.byte	11                              @ DW_FORM_data1
	.byte	0                               @ EOM(1)
	.byte	0                               @ EOM(2)
	.byte	7                               @ Abbreviation Code
	.byte	52                              @ DW_TAG_variable
	.byte	0                               @ DW_CHILDREN_no
	.byte	73                              @ DW_AT_type
	.byte	19                              @ DW_FORM_ref4
	.byte	58                              @ DW_AT_decl_file
	.byte	11                              @ DW_FORM_data1
	.byte	59                              @ DW_AT_decl_line
	.byte	11                              @ DW_FORM_data1
	.byte	0                               @ EOM(1)
	.byte	0                               @ EOM(2)
	.byte	8                               @ Abbreviation Code
	.byte	15                              @ DW_TAG_pointer_type
	.byte	0                               @ DW_CHILDREN_no
	.byte	73                              @ DW_AT_type
	.byte	19                              @ DW_FORM_ref4
	.byte	0                               @ EOM(1)
	.byte	0                               @ EOM(2)
	.byte	9                               @ Abbreviation Code
	.byte	22                              @ DW_TAG_typedef
	.byte	0                               @ DW_CHILDREN_no
	.byte	73                              @ DW_AT_type
	.byte	19                              @ DW_FORM_ref4
	.byte	3                               @ DW_AT_name
	.byte	14                              @ DW_FORM_strp
	.byte	58                              @ DW_AT_decl_file
	.byte	11                              @ DW_FORM_data1
	.byte	59                              @ DW_AT_decl_line
	.byte	5                               @ DW_FORM_data2
	.byte	0                               @ EOM(1)
	.byte	0                               @ EOM(2)
	.byte	10                              @ Abbreviation Code
	.byte	19                              @ DW_TAG_structure_type
	.byte	1                               @ DW_CHILDREN_yes
	.byte	11                              @ DW_AT_byte_size
	.byte	11                              @ DW_FORM_data1
	.byte	58                              @ DW_AT_decl_file
	.byte	11                              @ DW_FORM_data1
	.byte	59                              @ DW_AT_decl_line
	.byte	5                               @ DW_FORM_data2
	.byte	0                               @ EOM(1)
	.byte	0                               @ EOM(2)
	.byte	11                              @ Abbreviation Code
	.byte	13                              @ DW_TAG_member
	.byte	0                               @ DW_CHILDREN_no
	.byte	3                               @ DW_AT_name
	.byte	14                              @ DW_FORM_strp
	.byte	73                              @ DW_AT_type
	.byte	19                              @ DW_FORM_ref4
	.byte	58                              @ DW_AT_decl_file
	.byte	11                              @ DW_FORM_data1
	.byte	59                              @ DW_AT_decl_line
	.byte	5                               @ DW_FORM_data2
	.byte	56                              @ DW_AT_data_member_location
	.byte	11                              @ DW_FORM_data1
	.byte	0                               @ EOM(1)
	.byte	0                               @ EOM(2)
	.byte	12                              @ Abbreviation Code
	.byte	53                              @ DW_TAG_volatile_type
	.byte	0                               @ DW_CHILDREN_no
	.byte	73                              @ DW_AT_type
	.byte	19                              @ DW_FORM_ref4
	.byte	0                               @ EOM(1)
	.byte	0                               @ EOM(2)
	.byte	13                              @ Abbreviation Code
	.byte	22                              @ DW_TAG_typedef
	.byte	0                               @ DW_CHILDREN_no
	.byte	73                              @ DW_AT_type
	.byte	19                              @ DW_FORM_ref4
	.byte	3                               @ DW_AT_name
	.byte	14                              @ DW_FORM_strp
	.byte	58                              @ DW_AT_decl_file
	.byte	11                              @ DW_FORM_data1
	.byte	59                              @ DW_AT_decl_line
	.byte	11                              @ DW_FORM_data1
	.byte	0                               @ EOM(1)
	.byte	0                               @ EOM(2)
	.byte	14                              @ Abbreviation Code
	.byte	46                              @ DW_TAG_subprogram
	.byte	1                               @ DW_CHILDREN_yes
	.byte	17                              @ DW_AT_low_pc
	.byte	1                               @ DW_FORM_addr
	.byte	18                              @ DW_AT_high_pc
	.byte	6                               @ DW_FORM_data4
	.byte	64                              @ DW_AT_frame_base
	.byte	24                              @ DW_FORM_exprloc
	.ascii	"\227B"                         @ DW_AT_GNU_all_call_sites
	.byte	25                              @ DW_FORM_flag_present
	.byte	3                               @ DW_AT_name
	.byte	14                              @ DW_FORM_strp
	.byte	58                              @ DW_AT_decl_file
	.byte	11                              @ DW_FORM_data1
	.byte	59                              @ DW_AT_decl_line
	.byte	11                              @ DW_FORM_data1
	.byte	39                              @ DW_AT_prototyped
	.byte	25                              @ DW_FORM_flag_present
	.byte	73                              @ DW_AT_type
	.byte	19                              @ DW_FORM_ref4
	.byte	63                              @ DW_AT_external
	.byte	25                              @ DW_FORM_flag_present
	.byte	0                               @ EOM(1)
	.byte	0                               @ EOM(2)
	.byte	15                              @ Abbreviation Code
	.byte	52                              @ DW_TAG_variable
	.byte	0                               @ DW_CHILDREN_no
	.byte	2                               @ DW_AT_location
	.byte	24                              @ DW_FORM_exprloc
	.byte	3                               @ DW_AT_name
	.byte	14                              @ DW_FORM_strp
	.byte	58                              @ DW_AT_decl_file
	.byte	11                              @ DW_FORM_data1
	.byte	59                              @ DW_AT_decl_line
	.byte	11                              @ DW_FORM_data1
	.byte	73                              @ DW_AT_type
	.byte	19                              @ DW_FORM_ref4
	.byte	0                               @ EOM(1)
	.byte	0                               @ EOM(2)
	.byte	16                              @ Abbreviation Code
	.byte	52                              @ DW_TAG_variable
	.byte	0                               @ DW_CHILDREN_no
	.byte	2                               @ DW_AT_location
	.byte	23                              @ DW_FORM_sec_offset
	.byte	3                               @ DW_AT_name
	.byte	14                              @ DW_FORM_strp
	.byte	58                              @ DW_AT_decl_file
	.byte	11                              @ DW_FORM_data1
	.byte	59                              @ DW_AT_decl_line
	.byte	11                              @ DW_FORM_data1
	.byte	73                              @ DW_AT_type
	.byte	19                              @ DW_FORM_ref4
	.byte	0                               @ EOM(1)
	.byte	0                               @ EOM(2)
	.byte	17                              @ Abbreviation Code
	.byte	11                              @ DW_TAG_lexical_block
	.byte	1                               @ DW_CHILDREN_yes
	.byte	17                              @ DW_AT_low_pc
	.byte	1                               @ DW_FORM_addr
	.byte	18                              @ DW_AT_high_pc
	.byte	6                               @ DW_FORM_data4
	.byte	0                               @ EOM(1)
	.byte	0                               @ EOM(2)
	.byte	0                               @ EOM(3)
	.section	.debug_info,"",%progbits
.Lcu_begin0:
	.long	.Ldebug_info_end0-.Ldebug_info_start0 @ Length of Unit
.Ldebug_info_start0:
	.short	4                               @ DWARF version number
	.long	.debug_abbrev                   @ Offset Into Abbrev. Section
	.byte	4                               @ Address Size (in bytes)
	.byte	1                               @ Abbrev [1] 0xb:0x274 DW_TAG_compile_unit
	.long	.Linfo_string0                  @ DW_AT_producer
	.short	12                              @ DW_AT_language
	.long	.Linfo_string1                  @ DW_AT_name
	.long	.Lline_table_start0             @ DW_AT_stmt_list
	.long	.Linfo_string2                  @ DW_AT_comp_dir
	.long	.Lfunc_begin0                   @ DW_AT_low_pc
	.long	.Lfunc_end0-.Lfunc_begin0       @ DW_AT_high_pc
	.byte	2                               @ Abbrev [2] 0x26:0xd DW_TAG_variable
	.long	51                              @ DW_AT_type
	.byte	1                               @ DW_AT_decl_file
	.byte	19                              @ DW_AT_decl_line
	.byte	5                               @ DW_AT_location
	.byte	3
	.long	.L.str
	.byte	3                               @ Abbrev [3] 0x33:0xc DW_TAG_array_type
	.long	63                              @ DW_AT_type
	.byte	4                               @ Abbrev [4] 0x38:0x6 DW_TAG_subrange_type
	.long	70                              @ DW_AT_type
	.byte	41                              @ DW_AT_count
	.byte	0                               @ End Of Children Mark
	.byte	5                               @ Abbrev [5] 0x3f:0x7 DW_TAG_base_type
	.long	.Linfo_string3                  @ DW_AT_name
	.byte	8                               @ DW_AT_encoding
	.byte	1                               @ DW_AT_byte_size
	.byte	6                               @ Abbrev [6] 0x46:0x7 DW_TAG_base_type
	.long	.Linfo_string4                  @ DW_AT_name
	.byte	8                               @ DW_AT_byte_size
	.byte	7                               @ DW_AT_encoding
	.byte	2                               @ Abbrev [2] 0x4d:0xd DW_TAG_variable
	.long	90                              @ DW_AT_type
	.byte	1                               @ DW_AT_decl_file
	.byte	33                              @ DW_AT_decl_line
	.byte	5                               @ DW_AT_location
	.byte	3
	.long	.L.str.1
	.byte	3                               @ Abbrev [3] 0x5a:0xc DW_TAG_array_type
	.long	63                              @ DW_AT_type
	.byte	4                               @ Abbrev [4] 0x5f:0x6 DW_TAG_subrange_type
	.long	70                              @ DW_AT_type
	.byte	20                              @ DW_AT_count
	.byte	0                               @ End Of Children Mark
	.byte	2                               @ Abbrev [2] 0x66:0xd DW_TAG_variable
	.long	115                             @ DW_AT_type
	.byte	1                               @ DW_AT_decl_file
	.byte	37                              @ DW_AT_decl_line
	.byte	5                               @ DW_AT_location
	.byte	3
	.long	.L.str.2
	.byte	3                               @ Abbrev [3] 0x73:0xc DW_TAG_array_type
	.long	63                              @ DW_AT_type
	.byte	4                               @ Abbrev [4] 0x78:0x6 DW_TAG_subrange_type
	.long	70                              @ DW_AT_type
	.byte	22                              @ DW_AT_count
	.byte	0                               @ End Of Children Mark
	.byte	2                               @ Abbrev [2] 0x7f:0xd DW_TAG_variable
	.long	140                             @ DW_AT_type
	.byte	1                               @ DW_AT_decl_file
	.byte	40                              @ DW_AT_decl_line
	.byte	5                               @ DW_AT_location
	.byte	3
	.long	.L.str.3
	.byte	3                               @ Abbrev [3] 0x8c:0xc DW_TAG_array_type
	.long	63                              @ DW_AT_type
	.byte	4                               @ Abbrev [4] 0x91:0x6 DW_TAG_subrange_type
	.long	70                              @ DW_AT_type
	.byte	8                               @ DW_AT_count
	.byte	0                               @ End Of Children Mark
	.byte	7                               @ Abbrev [7] 0x98:0x7 DW_TAG_variable
	.long	159                             @ DW_AT_type
	.byte	1                               @ DW_AT_decl_file
	.byte	63                              @ DW_AT_decl_line
	.byte	3                               @ Abbrev [3] 0x9f:0xc DW_TAG_array_type
	.long	63                              @ DW_AT_type
	.byte	4                               @ Abbrev [4] 0xa4:0x6 DW_TAG_subrange_type
	.long	70                              @ DW_AT_type
	.byte	13                              @ DW_AT_count
	.byte	0                               @ End Of Children Mark
	.byte	8                               @ Abbrev [8] 0xab:0x5 DW_TAG_pointer_type
	.long	176                             @ DW_AT_type
	.byte	9                               @ Abbrev [9] 0xb0:0xc DW_TAG_typedef
	.long	188                             @ DW_AT_type
	.long	.Linfo_string16                 @ DW_AT_name
	.byte	3                               @ DW_AT_decl_file
	.short	538                             @ DW_AT_decl_line
	.byte	10                              @ Abbrev [10] 0xbc:0x7b DW_TAG_structure_type
	.byte	40                              @ DW_AT_byte_size
	.byte	3                               @ DW_AT_decl_file
	.short	527                             @ DW_AT_decl_line
	.byte	11                              @ Abbrev [11] 0xc1:0xd DW_TAG_member
	.long	.Linfo_string5                  @ DW_AT_name
	.long	311                             @ DW_AT_type
	.byte	3                               @ DW_AT_decl_file
	.short	529                             @ DW_AT_decl_line
	.byte	0                               @ DW_AT_data_member_location
	.byte	11                              @ Abbrev [11] 0xce:0xd DW_TAG_member
	.long	.Linfo_string8                  @ DW_AT_name
	.long	311                             @ DW_AT_type
	.byte	3                               @ DW_AT_decl_file
	.short	530                             @ DW_AT_decl_line
	.byte	4                               @ DW_AT_data_member_location
	.byte	11                              @ Abbrev [11] 0xdb:0xd DW_TAG_member
	.long	.Linfo_string9                  @ DW_AT_name
	.long	311                             @ DW_AT_type
	.byte	3                               @ DW_AT_decl_file
	.short	531                             @ DW_AT_decl_line
	.byte	8                               @ DW_AT_data_member_location
	.byte	11                              @ Abbrev [11] 0xe8:0xd DW_TAG_member
	.long	.Linfo_string10                 @ DW_AT_name
	.long	311                             @ DW_AT_type
	.byte	3                               @ DW_AT_decl_file
	.short	532                             @ DW_AT_decl_line
	.byte	12                              @ DW_AT_data_member_location
	.byte	11                              @ Abbrev [11] 0xf5:0xd DW_TAG_member
	.long	.Linfo_string11                 @ DW_AT_name
	.long	311                             @ DW_AT_type
	.byte	3                               @ DW_AT_decl_file
	.short	533                             @ DW_AT_decl_line
	.byte	16                              @ DW_AT_data_member_location
	.byte	11                              @ Abbrev [11] 0x102:0xd DW_TAG_member
	.long	.Linfo_string12                 @ DW_AT_name
	.long	311                             @ DW_AT_type
	.byte	3                               @ DW_AT_decl_file
	.short	534                             @ DW_AT_decl_line
	.byte	20                              @ DW_AT_data_member_location
	.byte	11                              @ Abbrev [11] 0x10f:0xd DW_TAG_member
	.long	.Linfo_string13                 @ DW_AT_name
	.long	311                             @ DW_AT_type
	.byte	3                               @ DW_AT_decl_file
	.short	535                             @ DW_AT_decl_line
	.byte	24                              @ DW_AT_data_member_location
	.byte	11                              @ Abbrev [11] 0x11c:0xd DW_TAG_member
	.long	.Linfo_string14                 @ DW_AT_name
	.long	311                             @ DW_AT_type
	.byte	3                               @ DW_AT_decl_file
	.short	536                             @ DW_AT_decl_line
	.byte	28                              @ DW_AT_data_member_location
	.byte	11                              @ Abbrev [11] 0x129:0xd DW_TAG_member
	.long	.Linfo_string15                 @ DW_AT_name
	.long	334                             @ DW_AT_type
	.byte	3                               @ DW_AT_decl_file
	.short	537                             @ DW_AT_decl_line
	.byte	32                              @ DW_AT_data_member_location
	.byte	0                               @ End Of Children Mark
	.byte	12                              @ Abbrev [12] 0x137:0x5 DW_TAG_volatile_type
	.long	316                             @ DW_AT_type
	.byte	13                              @ Abbrev [13] 0x13c:0xb DW_TAG_typedef
	.long	327                             @ DW_AT_type
	.long	.Linfo_string7                  @ DW_AT_name
	.byte	2                               @ DW_AT_decl_file
	.byte	64                              @ DW_AT_decl_line
	.byte	5                               @ Abbrev [5] 0x147:0x7 DW_TAG_base_type
	.long	.Linfo_string6                  @ DW_AT_name
	.byte	7                               @ DW_AT_encoding
	.byte	4                               @ DW_AT_byte_size
	.byte	3                               @ Abbrev [3] 0x14e:0xc DW_TAG_array_type
	.long	311                             @ DW_AT_type
	.byte	4                               @ Abbrev [4] 0x153:0x6 DW_TAG_subrange_type
	.long	70                              @ DW_AT_type
	.byte	2                               @ DW_AT_count
	.byte	0                               @ End Of Children Mark
	.byte	13                              @ Abbrev [13] 0x15a:0xb DW_TAG_typedef
	.long	357                             @ DW_AT_type
	.long	.Linfo_string18                 @ DW_AT_name
	.byte	4                               @ DW_AT_decl_file
	.byte	47                              @ DW_AT_decl_line
	.byte	5                               @ Abbrev [5] 0x165:0x7 DW_TAG_base_type
	.long	.Linfo_string17                 @ DW_AT_name
	.byte	7                               @ DW_AT_encoding
	.byte	2                               @ DW_AT_byte_size
	.byte	14                              @ Abbrev [14] 0x16c:0xe2 DW_TAG_subprogram
	.long	.Lfunc_begin0                   @ DW_AT_low_pc
	.long	.Lfunc_end0-.Lfunc_begin0       @ DW_AT_high_pc
	.byte	1                               @ DW_AT_frame_base
	.byte	93
                                        @ DW_AT_GNU_all_call_sites
	.long	.Linfo_string19                 @ DW_AT_name
	.byte	1                               @ DW_AT_decl_file
	.byte	6                               @ DW_AT_decl_line
                                        @ DW_AT_prototyped
	.long	590                             @ DW_AT_type
                                        @ DW_AT_external
	.byte	15                              @ Abbrev [15] 0x181:0xe DW_TAG_variable
	.byte	2                               @ DW_AT_location
	.byte	145
	.byte	8
	.long	.Linfo_string21                 @ DW_AT_name
	.byte	1                               @ DW_AT_decl_file
	.byte	10                              @ DW_AT_decl_line
	.long	597                             @ DW_AT_type
	.byte	16                              @ Abbrev [16] 0x18f:0xf DW_TAG_variable
	.long	.Ldebug_loc0                    @ DW_AT_location
	.long	.Linfo_string22                 @ DW_AT_name
	.byte	1                               @ DW_AT_decl_file
	.byte	11                              @ DW_AT_decl_line
	.long	609                             @ DW_AT_type
	.byte	16                              @ Abbrev [16] 0x19e:0xf DW_TAG_variable
	.long	.Ldebug_loc1                    @ DW_AT_location
	.long	.Linfo_string23                 @ DW_AT_name
	.byte	1                               @ DW_AT_decl_file
	.byte	11                              @ DW_AT_decl_line
	.long	609                             @ DW_AT_type
	.byte	16                              @ Abbrev [16] 0x1ad:0xf DW_TAG_variable
	.long	.Ldebug_loc2                    @ DW_AT_location
	.long	.Linfo_string24                 @ DW_AT_name
	.byte	1                               @ DW_AT_decl_file
	.byte	16                              @ DW_AT_decl_line
	.long	620                             @ DW_AT_type
	.byte	16                              @ Abbrev [16] 0x1bc:0xf DW_TAG_variable
	.long	.Ldebug_loc4                    @ DW_AT_location
	.long	.Linfo_string28                 @ DW_AT_name
	.byte	1                               @ DW_AT_decl_file
	.byte	8                               @ DW_AT_decl_line
	.long	620                             @ DW_AT_type
	.byte	16                              @ Abbrev [16] 0x1cb:0xf DW_TAG_variable
	.long	.Ldebug_loc5                    @ DW_AT_location
	.long	.Linfo_string29                 @ DW_AT_name
	.byte	1                               @ DW_AT_decl_file
	.byte	8                               @ DW_AT_decl_line
	.long	620                             @ DW_AT_type
	.byte	16                              @ Abbrev [16] 0x1da:0xf DW_TAG_variable
	.long	.Ldebug_loc6                    @ DW_AT_location
	.long	.Linfo_string30                 @ DW_AT_name
	.byte	1                               @ DW_AT_decl_file
	.byte	8                               @ DW_AT_decl_line
	.long	620                             @ DW_AT_type
	.byte	16                              @ Abbrev [16] 0x1e9:0xf DW_TAG_variable
	.long	.Ldebug_loc7                    @ DW_AT_location
	.long	.Linfo_string31                 @ DW_AT_name
	.byte	1                               @ DW_AT_decl_file
	.byte	8                               @ DW_AT_decl_line
	.long	620                             @ DW_AT_type
	.byte	16                              @ Abbrev [16] 0x1f8:0xf DW_TAG_variable
	.long	.Ldebug_loc8                    @ DW_AT_location
	.long	.Linfo_string32                 @ DW_AT_name
	.byte	1                               @ DW_AT_decl_file
	.byte	9                               @ DW_AT_decl_line
	.long	620                             @ DW_AT_type
	.byte	16                              @ Abbrev [16] 0x207:0xf DW_TAG_variable
	.long	.Ldebug_loc9                    @ DW_AT_location
	.long	.Linfo_string33                 @ DW_AT_name
	.byte	1                               @ DW_AT_decl_file
	.byte	9                               @ DW_AT_decl_line
	.long	620                             @ DW_AT_type
	.byte	16                              @ Abbrev [16] 0x216:0xf DW_TAG_variable
	.long	.Ldebug_loc10                   @ DW_AT_location
	.long	.Linfo_string34                 @ DW_AT_name
	.byte	1                               @ DW_AT_decl_file
	.byte	9                               @ DW_AT_decl_line
	.long	620                             @ DW_AT_type
	.byte	16                              @ Abbrev [16] 0x225:0xf DW_TAG_variable
	.long	.Ldebug_loc11                   @ DW_AT_location
	.long	.Linfo_string35                 @ DW_AT_name
	.byte	1                               @ DW_AT_decl_file
	.byte	9                               @ DW_AT_decl_line
	.long	620                             @ DW_AT_type
	.byte	17                              @ Abbrev [17] 0x234:0x19 DW_TAG_lexical_block
	.long	.Ltmp8                          @ DW_AT_low_pc
	.long	.Ltmp40-.Ltmp8                  @ DW_AT_high_pc
	.byte	16                              @ Abbrev [16] 0x23d:0xf DW_TAG_variable
	.long	.Ldebug_loc3                    @ DW_AT_location
	.long	.Linfo_string27                 @ DW_AT_name
	.byte	1                               @ DW_AT_decl_file
	.byte	25                              @ DW_AT_decl_line
	.long	609                             @ DW_AT_type
	.byte	0                               @ End Of Children Mark
	.byte	0                               @ End Of Children Mark
	.byte	5                               @ Abbrev [5] 0x24e:0x7 DW_TAG_base_type
	.long	.Linfo_string20                 @ DW_AT_name
	.byte	5                               @ DW_AT_encoding
	.byte	4                               @ DW_AT_byte_size
	.byte	3                               @ Abbrev [3] 0x255:0xc DW_TAG_array_type
	.long	63                              @ DW_AT_type
	.byte	4                               @ Abbrev [4] 0x25a:0x6 DW_TAG_subrange_type
	.long	70                              @ DW_AT_type
	.byte	40                              @ DW_AT_count
	.byte	0                               @ End Of Children Mark
	.byte	13                              @ Abbrev [13] 0x261:0xb DW_TAG_typedef
	.long	327                             @ DW_AT_type
	.long	.Linfo_string7                  @ DW_AT_name
	.byte	4                               @ DW_AT_decl_file
	.byte	48                              @ DW_AT_decl_line
	.byte	13                              @ Abbrev [13] 0x26c:0xb DW_TAG_typedef
	.long	631                             @ DW_AT_type
	.long	.Linfo_string26                 @ DW_AT_name
	.byte	4                               @ DW_AT_decl_file
	.byte	46                              @ DW_AT_decl_line
	.byte	5                               @ Abbrev [5] 0x277:0x7 DW_TAG_base_type
	.long	.Linfo_string25                 @ DW_AT_name
	.byte	8                               @ DW_AT_encoding
	.byte	1                               @ DW_AT_byte_size
	.byte	0                               @ End Of Children Mark
.Ldebug_info_end0:
	.section	.debug_str,"MS",%progbits,1
.Linfo_string0:
	.asciz	"Component: Arm Compiler for Embedded 6.19 Tool: armclang [5e73cb00]" @ string offset=0
.Linfo_string1:
	.asciz	"../User\\main.c"               @ string offset=68
.Linfo_string2:
	.asciz	"E:\\StudyNote\\study_STM32-HAL\\STM32F4_Quick_Start_Guide_HAL\\2.code\\19.RTC-Alarms\\Project" @ string offset=83
.Linfo_string3:
	.asciz	"char"                          @ string offset=171
.Linfo_string4:
	.asciz	"__ARRAY_SIZE_TYPE__"           @ string offset=176
.Linfo_string5:
	.asciz	"MODER"                         @ string offset=196
.Linfo_string6:
	.asciz	"unsigned int"                  @ string offset=202
.Linfo_string7:
	.asciz	"uint32_t"                      @ string offset=215
.Linfo_string8:
	.asciz	"OTYPER"                        @ string offset=224
.Linfo_string9:
	.asciz	"OSPEEDR"                       @ string offset=231
.Linfo_string10:
	.asciz	"PUPDR"                         @ string offset=239
.Linfo_string11:
	.asciz	"IDR"                           @ string offset=245
.Linfo_string12:
	.asciz	"ODR"                           @ string offset=249
.Linfo_string13:
	.asciz	"BSRR"                          @ string offset=253
.Linfo_string14:
	.asciz	"LCKR"                          @ string offset=258
.Linfo_string15:
	.asciz	"AFR"                           @ string offset=263
.Linfo_string16:
	.asciz	"GPIO_TypeDef"                  @ string offset=267
.Linfo_string17:
	.asciz	"unsigned short"                @ string offset=280
.Linfo_string18:
	.asciz	"uint16_t"                      @ string offset=295
.Linfo_string19:
	.asciz	"main"                          @ string offset=304
.Linfo_string20:
	.asciz	"int"                           @ string offset=309
.Linfo_string21:
	.asciz	"tempbuf"                       @ string offset=313
.Linfo_string22:
	.asciz	"last_refresh"                  @ string offset=321
.Linfo_string23:
	.asciz	"last_led"                      @ string offset=334
.Linfo_string24:
	.asciz	"rtc_status"                    @ string offset=343
.Linfo_string25:
	.asciz	"unsigned char"                 @ string offset=354
.Linfo_string26:
	.asciz	"uint8_t"                       @ string offset=368
.Linfo_string27:
	.asciz	"now"                           @ string offset=376
.Linfo_string28:
	.asciz	"hour"                          @ string offset=380
.Linfo_string29:
	.asciz	"min"                           @ string offset=385
.Linfo_string30:
	.asciz	"sec"                           @ string offset=389
.Linfo_string31:
	.asciz	"ampm"                          @ string offset=393
.Linfo_string32:
	.asciz	"week"                          @ string offset=398
.Linfo_string33:
	.asciz	"date"                          @ string offset=403
.Linfo_string34:
	.asciz	"month"                         @ string offset=408
.Linfo_string35:
	.asciz	"year"                          @ string offset=414
	.ident	"Component: Arm Compiler for Embedded 6.19 Tool: armclang [5e73cb00]"
	.section	".note.GNU-stack","",%progbits
	.eabi_attribute	30, 1	@ Tag_ABI_optimization_goals
	.ARM_attribute	16, 1	@ Tag_AV_eba
	.section	.debug_line,"",%progbits
.Lline_table_start0:
