Component: ARM Compiler 5.05 update 2 (build 169) Tool: armlink [4d0f33]

==============================================================================

Section Cross References

    main.o(.text) refers to _printf_percent.o(.ARM.Collect$$_printf_percent$$00000000) for _printf_percent
    main.o(.text) refers to _printf_d.o(.ARM.Collect$$_printf_percent$$00000009) for _printf_d
    main.o(.text) refers to _printf_dec.o(.text) for _printf_int_dec
    main.o(.text) refers to hc05.o(.text) for HC05_Get_Role
    main.o(.text) refers to lcd.o(.text) for LCD_ShowString
    main.o(.text) refers to delay.o(.text) for delay_init
    main.o(.text) refers to misc.o(.text) for NVIC_PriorityGroupConfig
    main.o(.text) refers to usart.o(.text) for uart_init
    main.o(.text) refers to led.o(.text) for LED_Init
    main.o(.text) refers to key.o(.text) for KEY_Init
    main.o(.text) refers to __2sprintf.o(.text) for __2sprintf
    main.o(.text) refers to usart3.o(.text) for u3_printf
    main.o(.text) refers to strcmpv7m.o(.text) for strcmp
    main.o(.text) refers to usmart_config.o(.data) for usmart_dev
    main.o(.text) refers to lcd.o(.data) for POINT_COLOR
    main.o(.text) refers to usart3.o(.data) for USART3_RX_STA
    main.o(.text) refers to usart3.o(.bss) for USART3_RX_BUF
    system_stm32f10x.o(.text) refers to system_stm32f10x.o(.data) for SystemCoreClock
    led.o(.text) refers to stm32f10x_rcc.o(.text) for RCC_APB2PeriphClockCmd
    led.o(.text) refers to stm32f10x_gpio.o(.text) for GPIO_Init
    key.o(.text) refers to stm32f10x_rcc.o(.text) for RCC_APB2PeriphClockCmd
    key.o(.text) refers to stm32f10x_gpio.o(.text) for GPIO_Init
    key.o(.text) refers to delay.o(.text) for delay_ms
    key.o(.text) refers to key.o(.data) for key_up
    lcd.o(.text) refers to _printf_percent.o(.ARM.Collect$$_printf_percent$$00000000) for _printf_percent
    lcd.o(.text) refers to _printf_x.o(.ARM.Collect$$_printf_percent$$0000000C) for _printf_x
    lcd.o(.text) refers to _printf_hex_int_ll_ptr.o(.text) for _printf_longlong_hex
    lcd.o(.text) refers to delay.o(.text) for delay_us
    lcd.o(.text) refers to lcd.o(.bss) for lcddev
    lcd.o(.text) refers to lcd.o(.data) for POINT_COLOR
    lcd.o(.text) refers to dflt_clz.o(x$fpl$dfltu) for __aeabi_ui2d
    lcd.o(.text) refers to dmul.o(x$fpl$dmul) for __aeabi_dmul
    lcd.o(.text) refers to dfixu.o(x$fpl$dfixu) for __aeabi_d2uiz
    lcd.o(.text) refers to stm32f10x_rcc.o(.text) for RCC_AHBPeriphClockCmd
    lcd.o(.text) refers to stm32f10x_gpio.o(.text) for GPIO_Init
    lcd.o(.text) refers to stm32f10x_fsmc.o(.text) for FSMC_NORSRAMInit
    lcd.o(.text) refers to __2printf.o(.text) for __2printf
    lcd.o(.text) refers to lcd.o(.constdata) for asc2_1206
    timer.o(.text) refers to stm32f10x_tim.o(.text) for TIM_GetITStatus
    timer.o(.text) refers to stm32f10x_rcc.o(.text) for RCC_APB1PeriphClockCmd
    timer.o(.text) refers to misc.o(.text) for NVIC_Init
    timer.o(.text) refers to usart3.o(.data) for USART3_RX_STA
    usart3.o(.text) refers to stm32f10x_usart.o(.text) for USART_GetITStatus
    usart3.o(.text) refers to stm32f10x_tim.o(.text) for TIM_SetCounter
    usart3.o(.text) refers to stm32f10x_rcc.o(.text) for RCC_APB2PeriphClockCmd
    usart3.o(.text) refers to stm32f10x_gpio.o(.text) for GPIO_Init
    usart3.o(.text) refers to misc.o(.text) for NVIC_Init
    usart3.o(.text) refers to timer.o(.text) for TIM7_Int_Init
    usart3.o(.text) refers to c89vsprintf.o(.text) for __c89vsprintf
    usart3.o(.text) refers to strlen.o(.text) for strlen
    usart3.o(.text) refers to usart3.o(.data) for USART3_RX_STA
    usart3.o(.text) refers to usart3.o(.bss) for USART3_RX_BUF
    hc05.o(.text) refers to _printf_percent.o(.ARM.Collect$$_printf_percent$$00000000) for _printf_percent
    hc05.o(.text) refers to _printf_s.o(.ARM.Collect$$_printf_percent$$00000014) for _printf_s
    hc05.o(.text) refers to _printf_str.o(.text) for _printf_str
    hc05.o(.text) refers to stm32f10x_rcc.o(.text) for RCC_APB2PeriphClockCmd
    hc05.o(.text) refers to stm32f10x_gpio.o(.text) for GPIO_Init
    hc05.o(.text) refers to usart3.o(.text) for usart3_init
    hc05.o(.text) refers to delay.o(.text) for delay_ms
    hc05.o(.text) refers to c89printf.o(.text) for __c89printf
    hc05.o(.text) refers to __2printf.o(.text) for __2printf
    hc05.o(.text) refers to usart3.o(.data) for USART3_RX_STA
    hc05.o(.text) refers to usart3.o(.bss) for USART3_RX_BUF
    delay.o(.text) refers to misc.o(.text) for SysTick_CLKSourceConfig
    delay.o(.text) refers to system_stm32f10x.o(.data) for SystemCoreClock
    delay.o(.text) refers to delay.o(.data) for fac_us
    usart.o(.text) refers (Special) to use_no_semi_2.o(.text) for __use_no_semihosting
    usart.o(.text) refers to stm32f10x_rcc.o(.text) for RCC_APB2PeriphClockCmd
    usart.o(.text) refers to stm32f10x_gpio.o(.text) for GPIO_Init
    usart.o(.text) refers to misc.o(.text) for NVIC_Init
[...]
    .text                                    0x08008cb0   Section        0  c89printf.o(.text)
    .text                                    0x08008cc8   Section        0  c89vsprintf.o(.text)
    .text                                    0x08008cec   Section        0  __2printf.o(.text)
    .text                                    0x08008d04   Section        0  __2sprintf.o(.text)
    .text                                    0x08008d30   Section        0  _printf_pad.o(.text)
    .text                                    0x08008d7e   Section        0  _printf_str.o(.text)
    .text                                    0x08008dd0   Section        0  _printf_dec.o(.text)
    .text                                    0x08008e48   Section        0  _printf_hex_int_ll_ptr.o(.text)
    _printf_hex_common                       0x08008e49   Thumb Code     0  _printf_hex_int_ll_ptr.o(.text)
    .text                                    0x08008edc   Section        0  __printf_flags_ss_wp.o(.text)
    .text                                    0x08009064   Section        0  strlen.o(.text)
    .text                                    0x080090a4   Section      128  strcmpv7m.o(.text)
    .text                                    0x08009124   Section        0  heapauxi.o(.text)
    .text                                    0x0800912a   Section        2  use_no_semi.o(.text)
    .text                                    0x0800912c   Section        0  _printf_truncate.o(.text)
    .text                                    0x08009150   Section        0  _printf_intcommon.o(.text)
    .text                                    0x08009202   Section        0  _printf_charcount.o(.text)
    .text                                    0x0800922c   Section        0  _printf_char_common.o(.text)
    _printf_input_char                       0x0800922d   Thumb Code    10  _printf_char_common.o(.text)
    .text                                    0x0800925c   Section        0  _sputc.o(.text)
    .text                                    0x08009266   Section        0  _printf_char.o(.text)
    .text                                    0x08009294   Section        0  _printf_char_file.o(.text)
    .text                                    0x080092b8   Section        0  _printf_wctomb.o(.text)
    .text                                    0x08009374   Section        0  _printf_longlong_dec.o(.text)
    .text                                    0x080093f0   Section        0  _printf_oct_int_ll.o(.text)
    _printf_longlong_oct_internal            0x080093f1   Thumb Code     0  _printf_oct_int_ll.o(.text)
    .text                                    0x08009460   Section      138  lludiv10.o(.text)
    .text                                    0x080094ea   Section        0  _printf_fp_dec.o(.text)
    _fp_digits                               0x080094ed   Thumb Code   428  _printf_fp_dec.o(.text)
    .text                                    0x08009904   Section        0  _printf_wchar.o(.text)
    .text                                    0x08009930   Section        0  ferror.o(.text)
    .text                                    0x08009938   Section        0  _wcrtomb.o(.text)
    .text                                    0x08009978   Section       74  sys_stackheap_outer.o(.text)
    .text                                    0x080099c4   Section       16  rt_ctype_table.o(.text)
    .text                                    0x080099d4   Section        8  rt_locale_intlibspace.o(.text)
    .text                                    0x080099dc   Section        0  _printf_fp_infnan.o(.text)
    .text                                    0x08009a5c   Section        0  bigflt0.o(.text)
    .text                                    0x08009b38   Section        0  exit.o(.text)
    .text                                    0x08009b44   Section        8  libspace.o(.text)
    CL$$btod_d2e                             0x08009b4c   Section       62  btod.o(CL$$btod_d2e)
    CL$$btod_d2e_denorm_low                  0x08009b8a   Section       70  btod.o(CL$$btod_d2e_denorm_low)
    CL$$btod_d2e_norm_op1                    0x08009bd0   Section       96  btod.o(CL$$btod_d2e_norm_op1)
    CL$$btod_div_common                      0x08009c30   Section      824  btod.o(CL$$btod_div_common)
    CL$$btod_e2e                             0x08009f68   Section      198  btod.o(CL$$btod_e2e)
    CL$$btod_ediv                            0x0800a02e   Section       40  btod.o(CL$$btod_ediv)
    CL$$btod_emul                            0x0800a056   Section       40  btod.o(CL$$btod_emul)
    CL$$btod_mult_common                     0x0800a07e   Section      580  btod.o(CL$$btod_mult_common)
    i.__ARM_fpclassify                       0x0800a2c2   Section        0  fpclassify.o(i.__ARM_fpclassify)
    i._is_digit                              0x0800a2ea   Section        0  __printf_wp.o(i._is_digit)
    locale$$code                             0x0800a2f8   Section       44  lc_numeric_c.o(locale$$code)
    locale$$code                             0x0800a324   Section       44  lc_ctype_c.o(locale$$code)
    x$fpl$dfixu                              0x0800a350   Section       90  dfixu.o(x$fpl$dfixu)
    x$fpl$dfltu                              0x0800a3aa   Section       38  dflt_clz.o(x$fpl$dfltu)
    x$fpl$dmul                               0x0800a3d0   Section      340  dmul.o(x$fpl$dmul)
    x$fpl$dnaninf                            0x0800a524   Section      156  dnaninf.o(x$fpl$dnaninf)
    x$fpl$dretinf                            0x0800a5c0   Section       12  dretinf.o(x$fpl$dretinf)
    x$fpl$printf1                            0x0800a5cc   Section        4  printf1.o(x$fpl$printf1)
    .constdata                               0x0800a5d0   Section     6080  lcd.o(.constdata)
    x$fpl$usenofp                            0x0800a5d0   Section        0  usenofp.o(x$fpl$usenofp)
    .constdata                               0x0800bd90   Section       40  _printf_hex_int_ll_ptr.o(.constdata)
    uc_hextab                                0x0800bd90   Data          20  _printf_hex_int_ll_ptr.o(.constdata)
    lc_hextab                                0x0800bda4   Data          20  _printf_hex_int_ll_ptr.o(.constdata)
    .constdata                               0x0800bdb8   Section       17  __printf_flags_ss_wp.o(.constdata)
    maptable                                 0x0800bdb8   Data          17  __printf_flags_ss_wp.o(.constdata)
    .constdata                               0x0800bdcc   Section        8  _printf_wctomb.o(.constdata)
    initial_mbstate                          0x0800bdcc   Data           8  _printf_wctomb.o(.constdata)
    .constdata                               0x0800bdd4   Section      148  bigflt0.o(.constdata)
    tenpwrs_x                                0x0800bdd4   Data          60  bigflt0.o(.constdata)
    tenpwrs_i                                0x0800be10   Data          64  bigflt0.o(.constdata)
    .conststring                             0x0800be68   Section       40  usmart.o(.conststring)
    .conststring                             0x0800be90   Section      111  usmart_config.o(.conststring)
    locale$$data                             0x0800bf20   Section       28  lc_numeric_c.o(locale$$data)
    __lcnum_c_name                           0x0800bf24   Data           2  lc_numeric_c.o(locale$$data)
    __lcnum_c_start                          0x0800bf2c   Data           0  lc_numeric_c.o(locale$$data)
    __lcnum_c_point                          0x0800bf38   Data           0  lc_numeric_c.o(locale$$data)
    __lcnum_c_thousands                      0x0800bf3a   Data           0  lc_numeric_c.o(locale$$data)
    __lcnum_c_grouping                       0x0800bf3b   Data           0  lc_numeric_c.o(locale$$data)
    locale$$data                             0x0800bf3c   Section      272  lc_ctype_c.o(locale$$data)
    __lcnum_c_end                            0x0800bf3c   Data           0  lc_numeric_c.o(locale$$data)
    __lcctype_c_name                         0x0800bf40   Data           2  lc_ctype_c.o(locale$$data)
    __lcctype_c_start                        0x0800bf48   Data           0  lc_ctype_c.o(locale$$data)
    __lcctype_c_end                          0x0800c04c   Data           0  lc_ctype_c.o(locale$$data)
    .data                                    0x20000000   Section       20  system_stm32f10x.o(.data)
    .data                                    0x20000014   Section        1  key.o(.data)
    key_up                                   0x20000014   Data           1  key.o(.data)
    .data                                    0x20000016   Section        4  lcd.o(.data)
    .data                                    0x2000001a   Section        2  usart3.o(.data)
    .data                                    0x2000001c   Section        4  delay.o(.data)
    fac_us                                   0x2000001c   Data           1  delay.o(.data)
    fac_ms                                   0x2000001e   Data           2  delay.o(.data)
    .data                                    0x20000020   Section        6  usart.o(.data)
    .data                                    0x20000026   Section       20  stm32f10x_rcc.o(.data)
    APBAHBPrescTable                         0x20000026   Data          16  stm32f10x_rcc.o(.data)
    ADCPrescTable                            0x20000036   Data           4  stm32f10x_rcc.o(.data)
    .data                                    0x2000003c   Section       28  usmart.o(.data)
    .data                                    0x20000058   Section      276  usmart_config.o(.data)
    .bss                                     0x2000016c   Section       14  lcd.o(.bss)
    .bss                                     0x2000017a   Section     1200  usart3.o(.bss)
    .bss                                     0x2000062a   Section      200  usart.o(.bss)
    .bss                                     0x200006f4   Section       96  libspace.o(.bss)
    HEAP                                     0x20000758   Section      512  startup_stm32f10x_hd.o(HEAP)
    Heap_Mem                                 0x20000758   Data         512  startup_stm32f10x_hd.o(HEAP)
    STACK                                    0x20000958   Section     1024  startup_stm32f10x_hd.o(STACK)
    Stack_Mem                                0x20000958   Data        1024  startup_stm32f10x_hd.o(STACK)
    __initial_sp                             0x20000d58   Data           0  startup_stm32f10x_hd.o(STACK)

    Global Symbols

    Symbol Name                              Value     Ov Type        Size  Object(Section)

    BuildAttributes$$THM_ISAv4$P$D$K$B$S$PE$A:L22UL41UL21$X:L11$S22US41US21$IEEE1$IW$USESV6$~STKCKD$USESV7$~SHL$OTIME$ROPI$IEEEJ$EBA8$UX$STANDARDLIB$REQ8$PRES8$EABIv2 0x00000000   Number         0  anon$$obj.o ABSOLUTE
    __ARM_use_no_argv                        0x00000000   Number         0  main.o ABSOLUTE
    _printf_flags                            0x00000000   Number         0  printf_stubs.o ABSOLUTE
    _printf_return_value                     0x00000000   Number         0  printf_stubs.o ABSOLUTE
    _printf_sizespec                         0x00000000   Number         0  printf_stubs.o ABSOLUTE
    _printf_widthprec                        0x00000000   Number         0  printf_stubs.o ABSOLUTE
    __ARM_exceptions_init                     - Undefined Weak Reference
    __alloca_initialize                       - Undefined Weak Reference
    __arm_preinit_                            - Undefined Weak Reference
    __cpp_initialize__aeabi_                  - Undefined Weak Reference
    __cxa_finalize                            - Undefined Weak Reference
    __sigvec_lookup                           - Undefined Weak Reference
    _atexit_init                              - Undefined Weak Reference
    _call_atexit_fns                          - Undefined Weak Reference
    _clock_init                               - Undefined Weak Reference
    _fp_trap_init                             - Undefined Weak Reference
    _fp_trap_shutdown                         - Undefined Weak Reference
    _get_lc_collate                           - Undefined Weak Reference
    _get_lc_monetary                          - Undefined Weak Reference
    _get_lc_time                              - Undefined Weak Reference
    _getenv_init                              - Undefined Weak Reference
    _handle_redirection                       - Undefined Weak Reference
    _init_alloc                               - Undefined Weak Reference
    _init_user_alloc                          - Undefined Weak Reference
    _initio                                   - Undefined Weak Reference
    _mutex_acquire                            - Undefined Weak Reference
    _mutex_release                            - Undefined Weak Reference
    _printf_fp_hex                            - Undefined Weak Reference
    _printf_mbtowc                            - Undefined Weak Reference
    _printf_wc                                - Undefined Weak Reference
    _rand_init                                - Undefined Weak Reference
    _signal_finish                            - Undefined Weak Reference
    _signal_init                              - Undefined Weak Reference
    _terminate_alloc                          - Undefined Weak Reference
    _terminate_user_alloc                     - Undefined Weak Reference
    _terminateio                              - Undefined Weak Reference
    __Vectors_Size                           0x00000130   Number         0  startup_stm32f10x_hd.o ABSOLUTE
    __Vectors                                0x08000000   Data           4  startup_stm32f10x_hd.o(RESET)
    __Vectors_End                            0x08000130   Data           0  startup_stm32f10x_hd.o(RESET)
    __main                                   0x08000131   Thumb Code     8  __main.o(!!!main)
    __scatterload                            0x08000139   Thumb Code     0  __scatter.o(!!!scatter)
    __scatterload_rt2                        0x08000139   Thumb Code    44  __scatter.o(!!!scatter)
    __scatterload_rt2_thumb_only             0x08000139   Thumb Code     0  __scatter.o(!!!scatter)
    __scatterload_null                       0x08000147   Thumb Code     0  __scatter.o(!!!scatter)
    __decompress                             0x0800016d   Thumb Code    90  __dczerorl2.o(!!dczerorl2)
    __decompress1                            0x0800016d   Thumb Code     0  __dczerorl2.o(!!dczerorl2)
    __scatterload_zeroinit                   0x080001c9   Thumb Code    28  __scatter_zi.o(!!handler_zi)
    _printf_n                                0x080001e5   Thumb Code     0  _printf_n.o(.ARM.Collect$$_printf_percent$$00000001)
    _printf_percent                          0x080001e5   Thumb Code     0  _printf_percent.o(.ARM.Collect$$_printf_percent$$00000000)
    _printf_p                                0x080001eb   Thumb Code     0  _printf_p.o(.ARM.Collect$$_printf_percent$$00000002)
    _printf_f                                0x080001f1   Thumb Code     0  _printf_f.o(.ARM.Collect$$_printf_percent$$00000003)
    _printf_e                                0x080001f7   Thumb Code     0  _printf_e.o(.ARM.Collect$$_printf_percent$$00000004)
    _printf_g                                0x080001fd   Thumb Code     0  _printf_g.o(.ARM.Collect$$_printf_percent$$00000005)
    _printf_a                                0x08000203   Thumb Code     0  _printf_a.o(.ARM.Collect$$_printf_percent$$00000006)
    _printf_ll                               0x08000209   Thumb Code     0  _printf_ll.o(.ARM.Collect$$_printf_percent$$00000007)
    _printf_i                                0x08000213   Thumb Code     0  _printf_i.o(.ARM.Collect$$_printf_percent$$00000008)
    _printf_d                                0x08000219   Thumb Code     0  _printf_d.o(.ARM.Collect$$_printf_percent$$00000009)
    _printf_u                                0x0800021f   Thumb Code     0  _printf_u.o(.ARM.Collect$$_printf_percent$$0000000A)
    _printf_o                                0x08000225   Thumb Code     0  _printf_o.o(.ARM.Collect$$_printf_percent$$0000000B)
    _printf_x                                0x0800022b   Thumb Code     0  _printf_x.o(.ARM.Collect$$_printf_percent$$0000000C)
    _printf_lli                              0x08000231   Thumb Code     0  _printf_lli.o(.ARM.Collect$$_printf_percent$$0000000D)
    _printf_lld                              0x08000237   Thumb Code     0  _printf_lld.o(.ARM.Collect$$_printf_percent$$0000000E)
    _printf_llu                              0x0800023d   Thumb Code     0  _printf_llu.o(.ARM.Collect$$_printf_percent$$0000000F)
    _printf_llo                              0x08000243   Thumb Code     0  _printf_llo.o(.ARM.Collect$$_printf_percent$$00000010)
    _printf_llx                              0x08000249   Thumb Code     0  _printf_llx.o(.ARM.Collect$$_printf_percent$$00000011)
    _printf_l                                0x0800024f   Thumb Code     0  _printf_l.o(.ARM.Collect$$_printf_percent$$00000012)
    _printf_c                                0x08000259   Thumb Code     0  _printf_c.o(.ARM.Collect$$_printf_percent$$00000013)
    _printf_s                                0x0800025f   Thumb Code     0  _printf_s.o(.ARM.Collect$$_printf_percent$$00000014)
    _printf_lc                               0x08000265   Thumb Code     0  _printf_lc.o(.ARM.Collect$$_printf_percent$$00000015)
    _printf_ls                               0x0800026b   Thumb Code     0  _printf_ls.o(.ARM.Collect$$_printf_percent$$00000016)
    _printf_percent_end                      0x08000271   Thumb Code     0  _printf_percent_end.o(.ARM.Collect$$_printf_percent$$00000017)
    __rt_lib_init                            0x08000275   Thumb Code     0  libinit.o(.ARM.Collect$$libinit$$00000000)
    __rt_lib_init_fp_1                       0x08000277   Thumb Code     0  libinit2.o(.ARM.Collect$$libinit$$00000002)
    __rt_lib_init_heap_1                     0x08000277   Thumb Code     0  libinit2.o(.ARM.Collect$$libinit$$0000000A)
    __rt_lib_init_lc_common                  0x08000277   Thumb Code     0  libinit2.o(.ARM.Collect$$libinit$$0000000F)
    __rt_lib_init_preinit_1                  0x08000277   Thumb Code     0  libinit2.o(.ARM.Collect$$libinit$$00000004)
    __rt_lib_init_rand_1                     0x08000277   Thumb Code     0  libinit2.o(.ARM.Collect$$libinit$$0000000E)
    __rt_lib_init_user_alloc_1               0x08000277   Thumb Code     0  libinit2.o(.ARM.Collect$$libinit$$0000000C)
    __rt_lib_init_lc_collate_1               0x0800027d   Thumb Code     0  libinit2.o(.ARM.Collect$$libinit$$00000011)
    __rt_lib_init_lc_ctype_2                 0x0800027d   Thumb Code     0  libinit2.o(.ARM.Collect$$libinit$$00000012)
    __rt_lib_init_lc_ctype_1                 0x08000289   Thumb Code     0  libinit2.o(.ARM.Collect$$libinit$$00000013)
    __rt_lib_init_lc_monetary_1              0x08000289   Thumb Code     0  libinit2.o(.ARM.Collect$$libinit$$00000015)
    __rt_lib_init_lc_numeric_2               0x08000289   Thumb Code     0  libinit2.o(.ARM.Collect$$libinit$$00000016)
    __rt_lib_init_alloca_1                   0x08000293   Thumb Code     0  libinit2.o(.ARM.Collect$$libinit$$0000002E)
    __rt_lib_init_argv_1                     0x08000293   Thumb Code     0  libinit2.o(.ARM.Collect$$libinit$$0000002C)
    __rt_lib_init_atexit_1                   0x08000293   Thumb Code     0  libinit2.o(.ARM.Collect$$libinit$$0000001B)
    __rt_lib_init_clock_1                    0x08000293   Thumb Code     0  libinit2.o(.ARM.Collect$$libinit$$00000021)
    __rt_lib_init_cpp_1                      0x08000293   Thumb Code     0  libinit2.o(.ARM.Collect$$libinit$$00000032)
    __rt_lib_init_exceptions_1               0x08000293   Thumb Code     0  libinit2.o(.ARM.Collect$$libinit$$00000030)
    __rt_lib_init_fp_trap_1                  0x08000293   Thumb Code     0  libinit2.o(.ARM.Collect$$libinit$$0000001F)
    __rt_lib_init_getenv_1                   0x08000293   Thumb Code     0  libinit2.o(.ARM.Collect$$libinit$$00000023)
    __rt_lib_init_lc_numeric_1               0x08000293   Thumb Code     0  libinit2.o(.ARM.Collect$$libinit$$00000017)
    __rt_lib_init_lc_time_1                  0x08000293   Thumb Code     0  libinit2.o(.ARM.Collect$$libinit$$00000019)
    __rt_lib_init_return                     0x08000293   Thumb Code     0  libinit2.o(.ARM.Collect$$libinit$$00000033)
    __rt_lib_init_signal_1                   0x08000293   Thumb Code     0  libinit2.o(.ARM.Collect$$libinit$$0000001D)
    __rt_lib_init_stdio_1                    0x08000293   Thumb Code     0  libinit2.o(.ARM.Collect$$libinit$$00000025)
    __rt_lib_shutdown                        0x08000295   Thumb Code     0  libshutdown.o(.ARM.Collect$$libshutdown$$00000000)
    __rt_lib_shutdown_fp_trap_1              0x08000297   Thumb Code     0  libshutdown2.o(.ARM.Collect$$libshutdown$$00000006)
    __rt_lib_shutdown_heap_1                 0x08000297   Thumb Code     0  libshutdown2.o(.ARM.Collect$$libshutdown$$0000000E)
    __rt_lib_shutdown_return                 0x08000297   Thumb Code     0  libshutdown2.o(.ARM.Collect$$libshutdown$$0000000F)
    __rt_lib_shutdown_signal_1               0x08000297   Thumb Code     0  libshutdown2.o(.ARM.Collect$$libshutdown$$00000009)
    __rt_lib_shutdown_stdio_1                0x08000297   Thumb Code     0  libshutdown2.o(.ARM.Collect$$libshutdown$$00000003)
    __rt_lib_shutdown_user_alloc_1           0x08000297   Thumb Code     0  libshutdown2.o(.ARM.Collect$$libshutdown$$0000000B)
    __rt_entry                               0x08000299   Thumb Code     0  __rtentry.o(.ARM.Collect$$rtentry$$00000000)
    __rt_entry_presh_1                       0x08000299   Thumb Code     0  __rtentry2.o(.ARM.Collect$$rtentry$$00000002)
    __rt_entry_sh                            0x08000299   Thumb Code     0  __rtentry4.o(.ARM.Collect$$rtentry$$00000004)
    __rt_entry_li                            0x0800029f   Thumb Code     0  __rtentry2.o(.ARM.Collect$$rtentry$$0000000A)
    __rt_entry_postsh_1                      0x0800029f   Thumb Code     0  __rtentry2.o(.ARM.Collect$$rtentry$$00000009)
    __rt_entry_main                          0x080002a3   Thumb Code     0  __rtentry2.o(.ARM.Collect$$rtentry$$0000000D)
    __rt_entry_postli_1                      0x080002a3   Thumb Code     0  __rtentry2.o(.ARM.Collect$$rtentry$$0000000C)
    __rt_exit                                0x080002ab   Thumb Code     0  rtexit.o(.ARM.Collect$$rtexit$$00000000)
    __rt_exit_ls                             0x080002ad   Thumb Code     0  rtexit2.o(.ARM.Collect$$rtexit$$00000003)
    __rt_exit_prels_1                        0x080002ad   Thumb Code     0  rtexit2.o(.ARM.Collect$$rtexit$$00000002)
    __rt_exit_exit                           0x080002b1   Thumb Code     0  rtexit2.o(.ARM.Collect$$rtexit$$00000004)
    HC05_Role_Show                           0x080002b9   Thumb Code    54  main.o(.text)
    HC05_Sta_Show                            0x080002ef   Thumb Code    52  main.o(.text)
    main                                     0x08000323   Thumb Code   598  main.o(.text)
    NMI_Handler                              0x080006c1   Thumb Code     2  stm32f10x_it.o(.text)
    HardFault_Handler                        0x080006c3   Thumb Code     4  stm32f10x_it.o(.text)
    MemManage_Handler                        0x080006c7   Thumb Code     4  stm32f10x_it.o(.text)
    BusFault_Handler                         0x080006cb   Thumb Code     4  stm32f10x_it.o(.text)
    UsageFault_Handler                       0x080006cf   Thumb Code     4  stm32f10x_it.o(.text)
    SVC_Handler                              0x080006d3   Thumb Code     2  stm32f10x_it.o(.text)
    DebugMon_Handler                         0x080006d5   Thumb Code     2  stm32f10x_it.o(.text)
    PendSV_Handler                           0x080006d7   Thumb Code     2  stm32f10x_it.o(.text)
    SysTick_Handler                          0x080006d9   Thumb Code     2  stm32f10x_it.o(.text)
    SystemInit                               0x080007bb   Thumb Code    78  system_stm32f10x.o(.text)
    SystemCoreClockUpdate                    0x08000809   Thumb Code   142  system_stm32f10x.o(.text)
    LED_Init                                 0x080008bd   Thumb Code    68  led.o(.text)
    KEY_Init                                 0x08000909   Thumb Code    52  key.o(.text)
    KEY_Scan                                 0x0800093d   Thumb Code   188  key.o(.text)
    LCD_WR_REG                               0x08000a05   Thumb Code     6  lcd.o(.text)
    LCD_WR_DATA                              0x08000a0b   Thumb Code     8  lcd.o(.text)
    LCD_RD_DATA                              0x08000a13   Thumb Code    16  lcd.o(.text)
    LCD_WriteReg                             0x08000a23   Thumb Code    10  lcd.o(.text)
    LCD_ReadReg                              0x08000a2d   Thumb Code    22  lcd.o(.text)
    LCD_WriteRAM_Prepare                     0x08000a43   Thumb Code    10  lcd.o(.text)
    LCD_WriteRAM                             0x08000a4d   Thumb Code     8  lcd.o(.text)
    LCD_BGR2RGB                              0x08000a55   Thumb Code    26  lcd.o(.text)
    opt_delay                                0x08000a6f   Thumb Code    14  lcd.o(.text)
    LCD_SetCursor                            0x08000a7d   Thumb Code   418  lcd.o(.text)
    LCD_ReadPoint                            0x08000c1f   Thumb Code   360  lcd.o(.text)
    LCD_DisplayOn                            0x08000d87   Thumb Code   102  lcd.o(.text)
    LCD_DisplayOff                           0x08000ded   Thumb Code    90  lcd.o(.text)
    LCD_Scan_Dir                             0x08000e47   Thumb Code   744  lcd.o(.text)
    LCD_DrawPoint                            0x0800112f   Thumb Code    28  lcd.o(.text)
    LCD_Fast_DrawPoint                       0x0800114b   Thumb Code   384  lcd.o(.text)
    LCD_SSD_BackLightSet                     0x080012cb   Thumb Code    80  lcd.o(.text)
    LCD_Display_Dir                          0x0800131b   Thumb Code   444  lcd.o(.text)
    LCD_Set_Window                           0x080014d7   Thumb Code   540  lcd.o(.text)
    LCD_Clear                                0x080016f3   Thumb Code   100  lcd.o(.text)
    LCD_Init                                 0x08001757   Thumb Code 14190  lcd.o(.text)
    LCD_Fill                                 0x08004ec5   Thumb Code   178  lcd.o(.text)
    LCD_Color_Fill                           0x08004f77   Thumb Code   106  lcd.o(.text)
    LCD_DrawLine                             0x08004fe1   Thumb Code   176  lcd.o(.text)
    LCD_DrawRectangle                        0x08005091   Thumb Code    60  lcd.o(.text)
    LCD_Draw_Circle                          0x080050cd   Thumb Code   152  lcd.o(.text)
    LCD_ShowChar                             0x08005165   Thumb Code   272  lcd.o(.text)
    LCD_Pow                                  0x08005275   Thumb Code    22  lcd.o(.text)
    LCD_ShowNum                              0x0800528b   Thumb Code   148  lcd.o(.text)
    LCD_ShowxNum                             0x0800531f   Thumb Code   220  lcd.o(.text)
    LCD_ShowString                           0x080053fb   Thumb Code   102  lcd.o(.text)
    TIM7_IRQHandler                          0x08005461   Thumb Code    42  timer.o(.text)
    TIM7_Int_Init                            0x0800548b   Thumb Code    90  timer.o(.text)
    USART3_IRQHandler                        0x080054ed   Thumb Code    94  usart3.o(.text)
    usart3_init                              0x0800554b   Thumb Code   190  usart3.o(.text)
    u3_printf                                0x08005609   Thumb Code    72  usart3.o(.text)
    HC05_Init                                0x08005669   Thumb Code   232  hc05.o(.text)
    HC05_Get_Role                            0x08005751   Thumb Code   126  hc05.o(.text)
    HC05_Set_Cmd                             0x080057cf   Thumb Code   130  hc05.o(.text)
    HC05_CFG_CMD                             0x08005851   Thumb Code    96  hc05.o(.text)
    delay_init                               0x080058ed   Thumb Code    50  delay.o(.text)
    delay_us                                 0x0800591f   Thumb Code    72  delay.o(.text)
    delay_ms                                 0x08005967   Thumb Code    72  delay.o(.text)
    _sys_exit                                0x080059c1   Thumb Code     6  usart.o(.text)
    fputc                                    0x080059c7   Thumb Code    24  usart.o(.text)
    uart_init                                0x080059df   Thumb Code   152  usart.o(.text)
    USART1_IRQHandler                        0x08005a77   Thumb Code   122  usart.o(.text)
    Reset_Handler                            0x08005b01   Thumb Code     8  startup_stm32f10x_hd.o(.text)
    ADC1_2_IRQHandler                        0x08005b1b   Thumb Code     0  startup_stm32f10x_hd.o(.text)
    ADC3_IRQHandler                          0x08005b1b   Thumb Code     0  startup_stm32f10x_hd.o(.text)
    CAN1_RX1_IRQHandler                      0x08005b1b   Thumb Code     0  startup_stm32f10x_hd.o(.text)
    CAN1_SCE_IRQHandler                      0x08005b1b   Thumb Code     0  startup_stm32f10x_hd.o(.text)
    DMA1_Channel1_IRQHandler                 0x08005b1b   Thumb Code     0  startup_stm32f10x_hd.o(.text)
    DMA1_Channel2_IRQHandler                 0x08005b1b   Thumb Code     0  startup_stm32f10x_hd.o(.text)
    DMA1_Channel3_IRQHandler                 0x08005b1b   Thumb Code     0  startup_stm32f10x_hd.o(.text)
    DMA1_Channel4_IRQHandler                 0x08005b1b   Thumb Code     0  startup_stm32f10x_hd.o(.text)
    DMA1_Channel5_IRQHandler                 0x08005b1b   Thumb Code     0  startup_stm32f10x_hd.o(.text)
    DMA1_Channel6_IRQHandler                 0x08005b1b   Thumb Code     0  startup_stm32f10x_hd.o(.text)
    DMA1_Channel7_IRQHandler                 0x08005b1b   Thumb Code     0  startup_stm32f10x_hd.o(.text)
    DMA2_Channel1_IRQHandler                 0x08005b1b   Thumb Code     0  startup_stm32f10x_hd.o(.text)
    DMA2_Channel2_IRQHandler                 0x08005b1b   Thumb Code     0  startup_stm32f10x_hd.o(.text)
    DMA2_Channel3_IRQHandler                 0x08005b1b   Thumb Code     0  startup_stm32f10x_hd.o(.text)
    DMA2_Channel4_5_IRQHandler               0x08005b1b   Thumb Code     0  startup_stm32f10x_hd.o(.text)
    EXTI0_IRQHandler                         0x08005b1b   Thumb Code     0  startup_stm32f10x_hd.o(.text)
    EXTI15_10_IRQHandler                     0x08005b1b   Thumb Code     0  startup_stm32f10x_hd.o(.text)
    EXTI1_IRQHandler                         0x08005b1b   Thumb Code     0  startup_stm32f10x_hd.o(.text)
    EXTI2_IRQHandler                         0x08005b1b   Thumb Code     0  startup_stm32f10x_hd.o(.text)
    EXTI3_IRQHandler                         0x08005b1b   Thumb Code     0  startup_stm32f10x_hd.o(.text)
    EXTI4_IRQHandler                         0x08005b1b   Thumb Code     0  startup_stm32f10x_hd.o(.text)
    EXTI9_5_IRQHandler                       0x08005b1b   Thumb Code     0  startup_stm32f10x_hd.o(.text)
    FLASH_IRQHandler                         0x08005b1b   Thumb Code     0  startup_stm32f10x_hd.o(.text)
    FSMC_IRQHandler                          0x08005b1b   Thumb Code     0  startup_stm32f10x_hd.o(.text)
    I2C1_ER_IRQHandler                       0x08005b1b   Thumb Code     0  startup_stm32f10x_hd.o(.text)
    I2C1_EV_IRQHandler                       0x08005b1b   Thumb Code     0  startup_stm32f10x_hd.o(.text)
    I2C2_ER_IRQHandler                       0x08005b1b   Thumb Code     0  startup_stm32f10x_hd.o(.text)
    I2C2_EV_IRQHandler                       0x08005b1b   Thumb Code     0  startup_stm32f10x_hd.o(.text)
    PVD_IRQHandler                           0x08005b1b   Thumb Code     0  startup_stm32f10x_hd.o(.text)
    RCC_IRQHandler                           0x08005b1b   Thumb Code     0  startup_stm32f10x_hd.o(.text)
    RTCAlarm_IRQHandler                      0x08005b1b   Thumb Code     0  startup_stm32f10x_hd.o(.text)
    RTC_IRQHandler                           0x08005b1b   Thumb Code     0  startup_stm32f10x_hd.o(.text)
    SDIO_IRQHandler                          0x08005b1b   Thumb Code     0  startup_stm32f10x_hd.o(.text)
    SPI1_IRQHandler                          0x08005b1b   Thumb Code     0  startup_stm32f10x_hd.o(.text)
    SPI2_IRQHandler                          0x08005b1b   Thumb Code     0  startup_stm32f10x_hd.o(.text)
    SPI3_IRQHandler                          0x08005b1b   Thumb Code     0  startup_stm32f10x_hd.o(.text)
    TAMPER_IRQHandler                        0x08005b1b   Thumb Code     0  startup_stm32f10x_hd.o(.text)
    TIM1_BRK_IRQHandler                      0x08005b1b   Thumb Code     0  startup_stm32f10x_hd.o(.text)
    TIM1_CC_IRQHandler                       0x08005b1b   Thumb Code     0  startup_stm32f10x_hd.o(.text)
    TIM1_TRG_COM_IRQHandler                  0x08005b1b   Thumb Code     0  startup_stm32f10x_hd.o(.text)
    TIM1_UP_IRQHandler                       0x08005b1b   Thumb Code     0  startup_stm32f10x_hd.o(.text)
    TIM2_IRQHandler                          0x08005b1b   Thumb Code     0  startup_stm32f10x_hd.o(.text)
    TIM3_IRQHandler                          0x08005b1b   Thumb Code     0  startup_stm32f10x_hd.o(.text)
    TIM5_IRQHandler                          0x08005b1b   Thumb Code     0  startup_stm32f10x_hd.o(.text)
    TIM6_IRQHandler                          0x08005b1b   Thumb Code     0  startup_stm32f10x_hd.o(.text)
    TIM8_BRK_IRQHandler                      0x08005b1b   Thumb Code     0  startup_stm32f10x_hd.o(.text)
    TIM8_CC_IRQHandler                       0x08005b1b   Thumb Code     0  startup_stm32f10x_hd.o(.text)
    TIM8_TRG_COM_IRQHandler                  0x08005b1b   Thumb Code     0  startup_stm32f10x_hd.o(.text)
    TIM8_UP_IRQHandler                       0x08005b1b   Thumb Code     0  startup_stm32f10x_hd.o(.text)
    UART4_IRQHandler                         0x08005b1b   Thumb Code     0  startup_stm32f10x_hd.o(.text)
    UART5_IRQHandler                         0x08005b1b   Thumb Code     0  startup_stm32f10x_hd.o(.text)
    USART2_IRQHandler                        0x08005b1b   Thumb Code     0  startup_stm32f10x_hd.o(.text)
    USBWakeUp_IRQHandler                     0x08005b1b   Thumb Code     0  startup_stm32f10x_hd.o(.text)
    USB_HP_CAN1_TX_IRQHandler                0x08005b1b   Thumb Code     0  startup_stm32f10x_hd.o(.text)
    USB_LP_CAN1_RX0_IRQHandler               0x08005b1b   Thumb Code     0  startup_stm32f10x_hd.o(.text)
    WWDG_IRQHandler                          0x08005b1b   Thumb Code     0  startup_stm32f10x_hd.o(.text)
    __user_initial_stackheap                 0x08005b1d   Thumb Code     0  startup_stm32f10x_hd.o(.text)
    NVIC_PriorityGroupConfig                 0x08005b41   Thumb Code    10  misc.o(.text)
    NVIC_Init                                0x08005b4b   Thumb Code   100  misc.o(.text)
    NVIC_SetVectorTable                      0x08005baf   Thumb Code    14  misc.o(.text)
    NVIC_SystemLPConfig                      0x08005bbd   Thumb Code    34  misc.o(.text)
    SysTick_CLKSourceConfig                  0x08005bdf   Thumb Code    40  misc.o(.text)
    FSMC_NORSRAMDeInit                       0x08005c1d   Thumb Code    54  stm32f10x_fsmc.o(.text)
    FSMC_NANDDeInit                          0x08005c53   Thumb Code    62  stm32f10x_fsmc.o(.text)
    FSMC_PCCARDDeInit                        0x08005c91   Thumb Code    36  stm32f10x_fsmc.o(.text)
    FSMC_NORSRAMInit                         0x08005cb5   Thumb Code   230  stm32f10x_fsmc.o(.text)
    FSMC_NANDInit                            0x08005d9b   Thumb Code   132  stm32f10x_fsmc.o(.text)
    FSMC_PCCARDInit                          0x08005e1f   Thumb Code   130  stm32f10x_fsmc.o(.text)
    FSMC_NORSRAMStructInit                   0x08005ea1   Thumb Code   114  stm32f10x_fsmc.o(.text)
    FSMC_NANDStructInit                      0x08005f13   Thumb Code    54  stm32f10x_fsmc.o(.text)
    FSMC_PCCARDStructInit                    0x08005f49   Thumb Code    60  stm32f10x_fsmc.o(.text)
    FSMC_NORSRAMCmd                          0x08005f85   Thumb Code    46  stm32f10x_fsmc.o(.text)
    FSMC_NANDCmd                             0x08005fb3   Thumb Code    86  stm32f10x_fsmc.o(.text)
    FSMC_PCCARDCmd                           0x08006009   Thumb Code    44  stm32f10x_fsmc.o(.text)
    FSMC_NANDECCCmd                          0x08006035   Thumb Code    90  stm32f10x_fsmc.o(.text)
    FSMC_GetECC                              0x0800608f   Thumb Code    24  stm32f10x_fsmc.o(.text)
    FSMC_ITConfig                            0x080060a7   Thumb Code   128  stm32f10x_fsmc.o(.text)
    FSMC_GetFlagStatus                       0x08006127   Thumb Code    54  stm32f10x_fsmc.o(.text)
    FSMC_ClearFlag                           0x0800615d   Thumb Code    62  stm32f10x_fsmc.o(.text)
    FSMC_GetITStatus                         0x0800619b   Thumb Code    64  stm32f10x_fsmc.o(.text)
    FSMC_ClearITPendingBit                   0x080061db   Thumb Code    68  stm32f10x_fsmc.o(.text)
    GPIO_DeInit                              0x08006229   Thumb Code   172  stm32f10x_gpio.o(.text)
    GPIO_AFIODeInit                          0x080062d5   Thumb Code    20  stm32f10x_gpio.o(.text)
    GPIO_Init                                0x080062e9   Thumb Code   278  stm32f10x_gpio.o(.text)
    GPIO_StructInit                          0x080063ff   Thumb Code    16  stm32f10x_gpio.o(.text)
    GPIO_ReadInputDataBit                    0x0800640f   Thumb Code    18  stm32f10x_gpio.o(.text)
    GPIO_ReadInputData                       0x08006421   Thumb Code     8  stm32f10x_gpio.o(.text)
    GPIO_ReadOutputDataBit                   0x08006429   Thumb Code    18  stm32f10x_gpio.o(.text)
    GPIO_ReadOutputData                      0x0800643b   Thumb Code     8  stm32f10x_gpio.o(.text)
    GPIO_SetBits                             0x08006443   Thumb Code     4  stm32f10x_gpio.o(.text)
    GPIO_ResetBits                           0x08006447   Thumb Code     4  stm32f10x_gpio.o(.text)
    GPIO_WriteBit                            0x0800644b   Thumb Code    10  stm32f10x_gpio.o(.text)
    GPIO_Write                               0x08006455   Thumb Code     4  stm32f10x_gpio.o(.text)
    GPIO_PinLockConfig                       0x08006459   Thumb Code    18  stm32f10x_gpio.o(.text)
    GPIO_EventOutputConfig                   0x0800646b   Thumb Code    26  stm32f10x_gpio.o(.text)
    GPIO_EventOutputCmd                      0x08006485   Thumb Code     6  stm32f10x_gpio.o(.text)
    GPIO_PinRemapConfig                      0x0800648b   Thumb Code   138  stm32f10x_gpio.o(.text)
    GPIO_EXTILineConfig                      0x08006515   Thumb Code    66  stm32f10x_gpio.o(.text)
    GPIO_ETH_MediaInterfaceConfig            0x08006557   Thumb Code     8  stm32f10x_gpio.o(.text)
    RCC_DeInit                               0x08006585   Thumb Code    64  stm32f10x_rcc.o(.text)
    RCC_HSEConfig                            0x080065c5   Thumb Code    70  stm32f10x_rcc.o(.text)
    RCC_GetFlagStatus                        0x0800660b   Thumb Code    56  stm32f10x_rcc.o(.text)
    RCC_WaitForHSEStartUp                    0x08006643   Thumb Code    56  stm32f10x_rcc.o(.text)
    RCC_AdjustHSICalibrationValue            0x0800667b   Thumb Code    20  stm32f10x_rcc.o(.text)
    RCC_HSICmd                               0x0800668f   Thumb Code     6  stm32f10x_rcc.o(.text)
    RCC_PLLConfig                            0x08006695   Thumb Code    24  stm32f10x_rcc.o(.text)
    RCC_PLLCmd                               0x080066ad   Thumb Code     6  stm32f10x_rcc.o(.text)
    RCC_SYSCLKConfig                         0x080066b3   Thumb Code    18  stm32f10x_rcc.o(.text)
    RCC_GetSYSCLKSource                      0x080066c5   Thumb Code    10  stm32f10x_rcc.o(.text)
    RCC_HCLKConfig                           0x080066cf   Thumb Code    18  stm32f10x_rcc.o(.text)
    RCC_PCLK1Config                          0x080066e1   Thumb Code    18  stm32f10x_rcc.o(.text)
    RCC_PCLK2Config                          0x080066f3   Thumb Code    20  stm32f10x_rcc.o(.text)
    RCC_ITConfig                             0x08006707   Thumb Code    26  stm32f10x_rcc.o(.text)
    RCC_USBCLKConfig                         0x08006721   Thumb Code     8  stm32f10x_rcc.o(.text)
    RCC_ADCCLKConfig                         0x08006729   Thumb Code    18  stm32f10x_rcc.o(.text)
    RCC_LSEConfig                            0x0800673b   Thumb Code    50  stm32f10x_rcc.o(.text)
    RCC_LSICmd                               0x0800676d   Thumb Code     6  stm32f10x_rcc.o(.text)
    RCC_RTCCLKConfig                         0x08006773   Thumb Code    12  stm32f10x_rcc.o(.text)
    RCC_RTCCLKCmd                            0x0800677f   Thumb Code     8  stm32f10x_rcc.o(.text)
    RCC_GetClocksFreq                        0x08006787   Thumb Code   192  stm32f10x_rcc.o(.text)
    RCC_AHBPeriphClockCmd                    0x08006847   Thumb Code    26  stm32f10x_rcc.o(.text)
    RCC_APB2PeriphClockCmd                   0x08006861   Thumb Code    26  stm32f10x_rcc.o(.text)
    RCC_APB1PeriphClockCmd                   0x0800687b   Thumb Code    26  stm32f10x_rcc.o(.text)
    RCC_APB2PeriphResetCmd                   0x08006895   Thumb Code    26  stm32f10x_rcc.o(.text)
    RCC_APB1PeriphResetCmd                   0x080068af   Thumb Code    26  stm32f10x_rcc.o(.text)
    RCC_BackupResetCmd                       0x080068c9   Thumb Code     8  stm32f10x_rcc.o(.text)
    RCC_ClockSecuritySystemCmd               0x080068d1   Thumb Code     6  stm32f10x_rcc.o(.text)
    RCC_MCOConfig                            0x080068d7   Thumb Code     6  stm32f10x_rcc.o(.text)
    RCC_ClearFlag                            0x080068dd   Thumb Code    14  stm32f10x_rcc.o(.text)
    RCC_GetITStatus                          0x080068eb   Thumb Code    20  stm32f10x_rcc.o(.text)
    RCC_ClearITPendingBit                    0x080068ff   Thumb Code     6  stm32f10x_rcc.o(.text)
    USART_DeInit                             0x08006929   Thumb Code   134  stm32f10x_usart.o(.text)
    USART_Init                               0x080069af   Thumb Code   210  stm32f10x_usart.o(.text)
    USART_StructInit                         0x08006a81   Thumb Code    24  stm32f10x_usart.o(.text)
    USART_ClockInit                          0x08006a99   Thumb Code    34  stm32f10x_usart.o(.text)
    USART_ClockStructInit                    0x08006abb   Thumb Code    12  stm32f10x_usart.o(.text)
    USART_Cmd                                0x08006ac7   Thumb Code    24  stm32f10x_usart.o(.text)
    USART_ITConfig                           0x08006adf   Thumb Code    74  stm32f10x_usart.o(.text)
    USART_DMACmd                             0x08006b29   Thumb Code    18  stm32f10x_usart.o(.text)
    USART_SetAddress                         0x08006b3b   Thumb Code    18  stm32f10x_usart.o(.text)
    USART_WakeUpConfig                       0x08006b4d   Thumb Code    18  stm32f10x_usart.o(.text)
    USART_ReceiverWakeUpCmd                  0x08006b5f   Thumb Code    24  stm32f10x_usart.o(.text)
    USART_LINBreakDetectLengthConfig         0x08006b77   Thumb Code    18  stm32f10x_usart.o(.text)
    USART_LINCmd                             0x08006b89   Thumb Code    24  stm32f10x_usart.o(.text)
    USART_SendData                           0x08006ba1   Thumb Code     8  stm32f10x_usart.o(.text)
    USART_ReceiveData                        0x08006ba9   Thumb Code    10  stm32f10x_usart.o(.text)
    USART_SendBreak                          0x08006bb3   Thumb Code    10  stm32f10x_usart.o(.text)
    USART_SetGuardTime                       0x08006bbd   Thumb Code    16  stm32f10x_usart.o(.text)
    USART_SetPrescaler                       0x08006bcd   Thumb Code    16  stm32f10x_usart.o(.text)
    USART_SmartCardCmd                       0x08006bdd   Thumb Code    24  stm32f10x_usart.o(.text)
    USART_SmartCardNACKCmd                   0x08006bf5   Thumb Code    24  stm32f10x_usart.o(.text)
    USART_HalfDuplexCmd                      0x08006c0d   Thumb Code    24  stm32f10x_usart.o(.text)
    USART_OverSampling8Cmd                   0x08006c25   Thumb Code    22  stm32f10x_usart.o(.text)
    USART_OneBitMethodCmd                    0x08006c3b   Thumb Code    24  stm32f10x_usart.o(.text)
    USART_IrDAConfig                         0x08006c53   Thumb Code    18  stm32f10x_usart.o(.text)
    USART_IrDACmd                            0x08006c65   Thumb Code    24  stm32f10x_usart.o(.text)
    USART_GetFlagStatus                      0x08006c7d   Thumb Code    26  stm32f10x_usart.o(.text)
    USART_ClearFlag                          0x08006c97   Thumb Code    18  stm32f10x_usart.o(.text)
    USART_GetITStatus                        0x08006ca9   Thumb Code    84  stm32f10x_usart.o(.text)
    USART_ClearITPendingBit                  0x08006cfd   Thumb Code    52  stm32f10x_usart.o(.text)
    TIM_DeInit                               0x08006d31   Thumb Code   424  stm32f10x_tim.o(.text)
    TIM_TimeBaseInit                         0x08006ed9   Thumb Code   122  stm32f10x_tim.o(.text)
    TIM_OC1Init                              0x08006f53   Thumb Code   132  stm32f10x_tim.o(.text)
    TIM_OC2Init                              0x08006fd7   Thumb Code   154  stm32f10x_tim.o(.text)
    TIM_OC3Init                              0x08007071   Thumb Code   150  stm32f10x_tim.o(.text)
    TIM_OC4Init                              0x08007107   Thumb Code   182  stm32f10x_tim.o(.text)
    TIM_SetIC4Prescaler                      0x080071bd   Thumb Code    26  stm32f10x_tim.o(.text)
    TIM_SetIC3Prescaler                      0x08007259   Thumb Code    18  stm32f10x_tim.o(.text)
    TIM_SetIC2Prescaler                      0x080072e5   Thumb Code    26  stm32f10x_tim.o(.text)
    TIM_SetIC1Prescaler                      0x08007381   Thumb Code    18  stm32f10x_tim.o(.text)
    TIM_ICInit                               0x080073ff   Thumb Code   150  stm32f10x_tim.o(.text)
    TIM_PWMIConfig                           0x08007495   Thumb Code   124  stm32f10x_tim.o(.text)
    TIM_BDTRConfig                           0x08007511   Thumb Code    32  stm32f10x_tim.o(.text)
    TIM_TimeBaseStructInit                   0x08007531   Thumb Code    18  stm32f10x_tim.o(.text)
    TIM_OCStructInit                         0x08007543   Thumb Code    20  stm32f10x_tim.o(.text)
    TIM_ICStructInit                         0x08007557   Thumb Code    18  stm32f10x_tim.o(.text)
    TIM_BDTRStructInit                       0x08007569   Thumb Code    40  stm32f10x_tim.o(.text)
    TIM_Cmd                                  0x08007591   Thumb Code    24  stm32f10x_tim.o(.text)
    TIM_CtrlPWMOutputs                       0x080075a9   Thumb Code    30  stm32f10x_tim.o(.text)
    TIM_ITConfig                             0x080075c7   Thumb Code    18  stm32f10x_tim.o(.text)
    TIM_GenerateEvent                        0x080075d9   Thumb Code     4  stm32f10x_tim.o(.text)
    TIM_DMAConfig                            0x080075dd   Thumb Code    10  stm32f10x_tim.o(.text)
    TIM_DMACmd                               0x080075e7   Thumb Code    18  stm32f10x_tim.o(.text)
    TIM_InternalClockConfig                  0x080075f9   Thumb Code    12  stm32f10x_tim.o(.text)
    TIM_SelectInputTrigger                   0x08007605   Thumb Code    18  stm32f10x_tim.o(.text)
    TIM_ITRxExternalClockConfig              0x08007617   Thumb Code    24  stm32f10x_tim.o(.text)
    TIM_TIxExternalClockConfig               0x0800762f   Thumb Code    62  stm32f10x_tim.o(.text)
    TIM_ETRConfig                            0x0800766d   Thumb Code    28  stm32f10x_tim.o(.text)
    TIM_ETRClockMode1Config                  0x08007689   Thumb Code    54  stm32f10x_tim.o(.text)
    TIM_ETRClockMode2Config                  0x080076bf   Thumb Code    32  stm32f10x_tim.o(.text)
    TIM_PrescalerConfig                      0x080076df   Thumb Code     6  stm32f10x_tim.o(.text)
    TIM_CounterModeConfig                    0x080076e5   Thumb Code    18  stm32f10x_tim.o(.text)
    TIM_EncoderInterfaceConfig               0x080076f7   Thumb Code    66  stm32f10x_tim.o(.text)
    TIM_ForcedOC1Config                      0x08007739   Thumb Code    18  stm32f10x_tim.o(.text)
    TIM_ForcedOC2Config                      0x0800774b   Thumb Code    26  stm32f10x_tim.o(.text)
    TIM_ForcedOC3Config                      0x08007765   Thumb Code    18  stm32f10x_tim.o(.text)
    TIM_ForcedOC4Config                      0x08007777   Thumb Code    26  stm32f10x_tim.o(.text)
    TIM_ARRPreloadConfig                     0x08007791   Thumb Code    24  stm32f10x_tim.o(.text)
    TIM_SelectCOM                            0x080077a9   Thumb Code    24  stm32f10x_tim.o(.text)
    TIM_SelectCCDMA                          0x080077c1   Thumb Code    24  stm32f10x_tim.o(.text)
    TIM_CCPreloadControl                     0x080077d9   Thumb Code    24  stm32f10x_tim.o(.text)
    TIM_OC1PreloadConfig                     0x080077f1   Thumb Code    18  stm32f10x_tim.o(.text)
    TIM_OC2PreloadConfig                     0x08007803   Thumb Code    26  stm32f10x_tim.o(.text)
    TIM_OC3PreloadConfig                     0x0800781d   Thumb Code    18  stm32f10x_tim.o(.text)
    TIM_OC4PreloadConfig                     0x0800782f   Thumb Code    26  stm32f10x_tim.o(.text)
    TIM_OC1FastConfig                        0x08007849   Thumb Code    18  stm32f10x_tim.o(.text)
    TIM_OC2FastConfig                        0x0800785b   Thumb Code    26  stm32f10x_tim.o(.text)
    TIM_OC3FastConfig                        0x08007875   Thumb Code    18  stm32f10x_tim.o(.text)
    TIM_OC4FastConfig                        0x08007887   Thumb Code    26  stm32f10x_tim.o(.text)
    TIM_ClearOC1Ref                          0x080078a1   Thumb Code    18  stm32f10x_tim.o(.text)
    TIM_ClearOC2Ref                          0x080078b3   Thumb Code    24  stm32f10x_tim.o(.text)
    TIM_ClearOC3Ref                          0x080078cb   Thumb Code    18  stm32f10x_tim.o(.text)
    TIM_ClearOC4Ref                          0x080078dd   Thumb Code    24  stm32f10x_tim.o(.text)
    TIM_OC1PolarityConfig                    0x080078f5   Thumb Code    18  stm32f10x_tim.o(.text)
    TIM_OC1NPolarityConfig                   0x08007907   Thumb Code    18  stm32f10x_tim.o(.text)
    TIM_OC2PolarityConfig                    0x08007919   Thumb Code    26  stm32f10x_tim.o(.text)
    TIM_OC2NPolarityConfig                   0x08007933   Thumb Code    26  stm32f10x_tim.o(.text)
    TIM_OC3PolarityConfig                    0x0800794d   Thumb Code    26  stm32f10x_tim.o(.text)
    TIM_OC3NPolarityConfig                   0x08007967   Thumb Code    26  stm32f10x_tim.o(.text)
    TIM_OC4PolarityConfig                    0x08007981   Thumb Code    26  stm32f10x_tim.o(.text)
    TIM_CCxCmd                               0x0800799b   Thumb Code    30  stm32f10x_tim.o(.text)
    TIM_CCxNCmd                              0x080079b9   Thumb Code    30  stm32f10x_tim.o(.text)
    TIM_SelectOCxM                           0x080079d7   Thumb Code    82  stm32f10x_tim.o(.text)
    TIM_UpdateDisableConfig                  0x08007a29   Thumb Code    24  stm32f10x_tim.o(.text)
    TIM_UpdateRequestConfig                  0x08007a41   Thumb Code    24  stm32f10x_tim.o(.text)
    TIM_SelectHallSensor                     0x08007a59   Thumb Code    24  stm32f10x_tim.o(.text)
    TIM_SelectOnePulseMode                   0x08007a71   Thumb Code    18  stm32f10x_tim.o(.text)
    TIM_SelectOutputTrigger                  0x08007a83   Thumb Code    18  stm32f10x_tim.o(.text)
    TIM_SelectSlaveMode                      0x08007a95   Thumb Code    18  stm32f10x_tim.o(.text)
    TIM_SelectMasterSlaveMode                0x08007aa7   Thumb Code    18  stm32f10x_tim.o(.text)
    TIM_SetCounter                           0x08007ab9   Thumb Code     4  stm32f10x_tim.o(.text)
    TIM_SetAutoreload                        0x08007abd   Thumb Code     4  stm32f10x_tim.o(.text)
    TIM_SetCompare1                          0x08007ac1   Thumb Code     4  stm32f10x_tim.o(.text)
    TIM_SetCompare2                          0x08007ac5   Thumb Code     4  stm32f10x_tim.o(.text)
    TIM_SetCompare3                          0x08007ac9   Thumb Code     4  stm32f10x_tim.o(.text)
    TIM_SetCompare4                          0x08007acd   Thumb Code     6  stm32f10x_tim.o(.text)
    TIM_SetClockDivision                     0x08007ad3   Thumb Code    18  stm32f10x_tim.o(.text)
    TIM_GetCapture1                          0x08007ae5   Thumb Code     6  stm32f10x_tim.o(.text)
    TIM_GetCapture2                          0x08007aeb   Thumb Code     6  stm32f10x_tim.o(.text)
    TIM_GetCapture3                          0x08007af1   Thumb Code     6  stm32f10x_tim.o(.text)
    TIM_GetCapture4                          0x08007af7   Thumb Code     8  stm32f10x_tim.o(.text)
    TIM_GetCounter                           0x08007aff   Thumb Code     6  stm32f10x_tim.o(.text)
    TIM_GetPrescaler                         0x08007b05   Thumb Code     6  stm32f10x_tim.o(.text)
    TIM_GetFlagStatus                        0x08007b0b   Thumb Code    18  stm32f10x_tim.o(.text)
    TIM_ClearFlag                            0x08007b1d   Thumb Code     6  stm32f10x_tim.o(.text)
    TIM_GetITStatus                          0x08007b23   Thumb Code    34  stm32f10x_tim.o(.text)
    TIM_ClearITPendingBit                    0x08007b45   Thumb Code     6  stm32f10x_tim.o(.text)
    usmart_sys_cmd_exe                       0x08007b4d   Thumb Code  1554  usmart.o(.text)
    usmart_reset_runtime                     0x0800815f   Thumb Code    38  usmart.o(.text)
    usmart_get_runtime                       0x08008185   Thumb Code    60  usmart.o(.text)
    TIM4_IRQHandler                          0x080081c1   Thumb Code    46  usmart.o(.text)
    Timer4_Init                              0x080081ef   Thumb Code    88  usmart.o(.text)
    usmart_init                              0x08008247   Thumb Code    36  usmart.o(.text)
    usmart_cmd_rec                           0x0800826b   Thumb Code   170  usmart.o(.text)
    usmart_exe                               0x08008315   Thumb Code   870  usmart.o(.text)
    usmart_scan                              0x0800867b   Thumb Code   120  usmart.o(.text)
    read_addr                                0x080086f3   Thumb Code     6  usmart.o(.text)
    write_addr                               0x080086f9   Thumb Code     4  usmart.o(.text)
    usmart_strcmp                            0x08008785   Thumb Code    34  usmart_str.o(.text)
    usmart_strcopy                           0x080087a7   Thumb Code    22  usmart_str.o(.text)
    usmart_strlen                            0x080087bd   Thumb Code    24  usmart_str.o(.text)
    usmart_pow                               0x080087d5   Thumb Code    22  usmart_str.o(.text)
    usmart_str2num                           0x080087eb   Thumb Code   202  usmart_str.o(.text)
    usmart_get_cmdname                       0x080088b5   Thumb Code    54  usmart_str.o(.text)
    usmart_search_nextc                      0x080088eb   Thumb Code    22  usmart_str.o(.text)
    usmart_get_fname                         0x08008901   Thumb Code   440  usmart_str.o(.text)
    usmart_get_aparm                         0x08008ab9   Thumb Code   200  usmart_str.o(.text)
    usmart_get_parmpos                       0x08008b81   Thumb Code    26  usmart_str.o(.text)
    usmart_get_fparam                        0x08008b9b   Thumb Code   262  usmart_str.o(.text)
    __use_no_semihosting                     0x08008cad   Thumb Code     2  use_no_semi_2.o(.text)
    __c89printf                              0x08008cb1   Thumb Code    20  c89printf.o(.text)
    __c89vsprintf                            0x08008cc9   Thumb Code    32  c89vsprintf.o(.text)
    __2printf                                0x08008ced   Thumb Code    20  __2printf.o(.text)
    __2sprintf                               0x08008d05   Thumb Code    38  __2sprintf.o(.text)
    _printf_pre_padding                      0x08008d31   Thumb Code    44  _printf_pad.o(.text)
    _printf_post_padding                     0x08008d5d   Thumb Code    34  _printf_pad.o(.text)
    _printf_str                              0x08008d7f   Thumb Code    82  _printf_str.o(.text)
    _printf_int_dec                          0x08008dd1   Thumb Code   104  _printf_dec.o(.text)
    _printf_longlong_hex                     0x08008e49   Thumb Code    86  _printf_hex_int_ll_ptr.o(.text)
    _printf_int_hex                          0x08008e9f   Thumb Code    28  _printf_hex_int_ll_ptr.o(.text)
    _printf_ll_hex                           0x08008ebb   Thumb Code    12  _printf_hex_int_ll_ptr.o(.text)
    _printf_hex_ptr                          0x08008ec7   Thumb Code    18  _printf_hex_int_ll_ptr.o(.text)
    __printf                                 0x08008edd   Thumb Code   388  __printf_flags_ss_wp.o(.text)
    strlen                                   0x08009065   Thumb Code    62  strlen.o(.text)
    strcmp                                   0x080090a5   Thumb Code   128  strcmpv7m.o(.text)
    __use_two_region_memory                  0x08009125   Thumb Code     2  heapauxi.o(.text)
    __rt_heap_escrow$2region                 0x08009127   Thumb Code     2  heapauxi.o(.text)
    __rt_heap_expand$2region                 0x08009129   Thumb Code     2  heapauxi.o(.text)
    __I$use$semihosting                      0x0800912b   Thumb Code     0  use_no_semi.o(.text)
    __use_no_semihosting_swi                 0x0800912b   Thumb Code     2  use_no_semi.o(.text)
    _printf_truncate_signed                  0x0800912d   Thumb Code    18  _printf_truncate.o(.text)
    _printf_truncate_unsigned                0x0800913f   Thumb Code    18  _printf_truncate.o(.text)
    _printf_int_common                       0x08009151   Thumb Code   178  _printf_intcommon.o(.text)
    _printf_charcount                        0x08009203   Thumb Code    40  _printf_charcount.o(.text)
    _printf_char_common                      0x08009237   Thumb Code    32  _printf_char_common.o(.text)
    _sputc                                   0x0800925d   Thumb Code    10  _sputc.o(.text)
    _printf_cs_common                        0x08009267   Thumb Code    20  _printf_char.o(.text)
    _printf_char                             0x0800927b   Thumb Code    16  _printf_char.o(.text)
    _printf_string                           0x0800928b   Thumb Code     8  _printf_char.o(.text)
    _printf_char_file                        0x08009295   Thumb Code    32  _printf_char_file.o(.text)
    _printf_wctomb                           0x080092b9   Thumb Code   182  _printf_wctomb.o(.text)
    _printf_longlong_dec                     0x08009375   Thumb Code   108  _printf_longlong_dec.o(.text)
    _printf_longlong_oct                     0x080093f1   Thumb Code    68  _printf_oct_int_ll.o(.text)
    _printf_int_oct                          0x08009435   Thumb Code    24  _printf_oct_int_ll.o(.text)
    _printf_ll_oct                           0x0800944d   Thumb Code    12  _printf_oct_int_ll.o(.text)
    _ll_udiv10                               0x08009461   Thumb Code   138  lludiv10.o(.text)
    __lib_sel_fp_printf                      0x080094eb   Thumb Code     2  _printf_fp_dec.o(.text)
    _printf_fp_dec_real                      0x08009699   Thumb Code   620  _printf_fp_dec.o(.text)
    _printf_lcs_common                       0x08009905   Thumb Code    20  _printf_wchar.o(.text)
    _printf_wchar                            0x08009919   Thumb Code    16  _printf_wchar.o(.text)
    _printf_wstring                          0x08009929   Thumb Code     8  _printf_wchar.o(.text)
    ferror                                   0x08009931   Thumb Code     8  ferror.o(.text)
    _wcrtomb                                 0x08009939   Thumb Code    64  _wcrtomb.o(.text)
    __user_setup_stackheap                   0x08009979   Thumb Code    74  sys_stackheap_outer.o(.text)
    __rt_ctype_table                         0x080099c5   Thumb Code    16  rt_ctype_table.o(.text)
    __rt_locale                              0x080099d5   Thumb Code     8  rt_locale_intlibspace.o(.text)
    _printf_fp_infnan                        0x080099dd   Thumb Code   112  _printf_fp_infnan.o(.text)
    _btod_etento                             0x08009a5d   Thumb Code   216  bigflt0.o(.text)
    exit                                     0x08009b39   Thumb Code    12  exit.o(.text)
    __user_libspace                          0x08009b45   Thumb Code     8  libspace.o(.text)
    __user_perproc_libspace                  0x08009b45   Thumb Code     0  libspace.o(.text)
    __user_perthread_libspace                0x08009b45   Thumb Code     0  libspace.o(.text)
    _btod_d2e                                0x08009b4d   Thumb Code    62  btod.o(CL$$btod_d2e)
    _d2e_denorm_low                          0x08009b8b   Thumb Code    70  btod.o(CL$$btod_d2e_denorm_low)
    _d2e_norm_op1                            0x08009bd1   Thumb Code    96  btod.o(CL$$btod_d2e_norm_op1)
    __btod_div_common                        0x08009c31   Thumb Code   696  btod.o(CL$$btod_div_common)
    _e2e                                     0x08009f69   Thumb Code   198  btod.o(CL$$btod_e2e)
    _btod_ediv                               0x0800a02f   Thumb Code    40  btod.o(CL$$btod_ediv)
    _btod_emul                               0x0800a057   Thumb Code    40  btod.o(CL$$btod_emul)
    __btod_mult_common                       0x0800a07f   Thumb Code   580  btod.o(CL$$btod_mult_common)
    __ARM_fpclassify                         0x0800a2c3   Thumb Code    40  fpclassify.o(i.__ARM_fpclassify)
    _is_digit                                0x0800a2eb   Thumb Code    14  __printf_wp.o(i._is_digit)
    _get_lc_numeric                          0x0800a2f9   Thumb Code    44  lc_numeric_c.o(locale$$code)
    _get_lc_ctype                            0x0800a325   Thumb Code    44  lc_ctype_c.o(locale$$code)
    __aeabi_d2uiz                            0x0800a351   Thumb Code     0  dfixu.o(x$fpl$dfixu)
    _dfixu                                   0x0800a351   Thumb Code    90  dfixu.o(x$fpl$dfixu)
    __aeabi_ui2d                             0x0800a3ab   Thumb Code     0  dflt_clz.o(x$fpl$dfltu)
    _dfltu                                   0x0800a3ab   Thumb Code    38  dflt_clz.o(x$fpl$dfltu)
    __aeabi_dmul                             0x0800a3d1   Thumb Code     0  dmul.o(x$fpl$dmul)
    _dmul                                    0x0800a3d1   Thumb Code   332  dmul.o(x$fpl$dmul)
    __fpl_dnaninf                            0x0800a525   Thumb Code   156  dnaninf.o(x$fpl$dnaninf)
    __fpl_dretinf                            0x0800a5c1   Thumb Code    12  dretinf.o(x$fpl$dretinf)
    _printf_fp_dec                           0x0800a5cd   Thumb Code     4  printf1.o(x$fpl$printf1)
    __I$use$fp                               0x0800a5d0   Number         0  usenofp.o(x$fpl$usenofp)
    asc2_1206                                0x0800a5d0   Data        1140  lcd.o(.constdata)
    asc2_1608                                0x0800aa44   Data        1520  lcd.o(.constdata)
    asc2_2412                                0x0800b034   Data        3420  lcd.o(.constdata)
    Region$$Table$$Base                      0x0800bf00   Number         0  anon$$obj.o(Region$$Table)
    Region$$Table$$Limit                     0x0800bf20   Number         0  anon$$obj.o(Region$$Table)
    __ctype                                  0x0800bf49   Data           0  lc_ctype_c.o(locale$$data)
    SystemCoreClock                          0x20000000   Data           4  system_stm32f10x.o(.data)
    AHBPrescTable                            0x20000004   Data          16  system_stm32f10x.o(.data)
    POINT_COLOR                              0x20000016   Data           2  lcd.o(.data)
    BACK_COLOR                               0x20000018   Data           2  lcd.o(.data)
    USART3_RX_STA                            0x2000001a   Data           2  usart3.o(.data)
    __stdout                                 0x20000020   Data           4  usart.o(.data)
    USART_RX_STA                             0x20000024   Data           2  usart.o(.data)
    sys_cmd_tab                              0x2000003c   Data          28  usmart.o(.data)
    usmart_nametab                           0x20000058   Data          32  usmart_config.o(.data)
    usmart_dev                               0x20000078   Data         244  usmart_config.o(.data)
    lcddev                                   0x2000016c   Data          14  lcd.o(.bss)
    USART3_RX_BUF                            0x2000017a   Data         600  usart3.o(.bss)
    USART3_TX_BUF                            0x200003d2   Data         600  usart3.o(.bss)
    USART_RX_BUF                             0x2000062a   Data         200  usart.o(.bss)
    __libspace_start                         0x200006f4   Data          96  libspace.o(.bss)
    __temporary_stack_top$libspace           0x20000754   Data           0  libspace.o(.bss)



==============================================================================

Memory Map of the image

  Image Entry point : 0x08000131

  Load Region LR_IROM1 (Base: 0x08000000, Size: 0x0000c1b8, Max: 0x00080000, ABSOLUTE, COMPRESSED[0x0000c0b0])

    Execution Region ER_IROM1 (Base: 0x08000000, Size: 0x0000c04c, Max: 0x00080000, ABSOLUTE)

    Base Addr    Size         Type   Attr      Idx    E Section Name        Object

    0x08000000   0x00000130   Data   RO          332    RESET               startup_stm32f10x_hd.o
    0x08000130   0x00000008   Code   RO          541  * !!!main             c_w.l(__main.o)
    0x08000138   0x00000034   Code   RO          817    !!!scatter          c_w.l(__scatter.o)
    0x0800016c   0x0000005a   Code   RO          815    !!dczerorl2         c_w.l(__dczerorl2.o)
    0x080001c6   0x00000002   PAD
    0x080001c8   0x0000001c   Code   RO          819    !!handler_zi        c_w.l(__scatter_zi.o)
    0x080001e4   0x00000000   Code   RO          534    .ARM.Collect$$_printf_percent$$00000000  c_w.l(_printf_percent.o)
    0x080001e4   0x00000006   Code   RO          583    .ARM.Collect$$_printf_percent$$00000001  c_w.l(_printf_n.o)
    0x080001ea   0x00000006   Code   RO          584    .ARM.Collect$$_printf_percent$$00000002  c_w.l(_printf_p.o)
    0x080001f0   0x00000006   Code   RO          587    .ARM.Collect$$_printf_percent$$00000003  c_w.l(_printf_f.o)
    0x080001f6   0x00000006   Code   RO          588    .ARM.Collect$$_printf_percent$$00000004  c_w.l(_printf_e.o)
    0x080001fc   0x00000006   Code   RO          589    .ARM.Collect$$_printf_percent$$00000005  c_w.l(_printf_g.o)
    0x08000202   0x00000006   Code   RO          590    .ARM.Collect$$_printf_percent$$00000006  c_w.l(_printf_a.o)
    0x08000208   0x0000000a   Code   RO          595    .ARM.Collect$$_printf_percent$$00000007  c_w.l(_printf_ll.o)
    0x08000212   0x00000006   Code   RO          586    .ARM.Collect$$_printf_percent$$00000008  c_w.l(_printf_i.o)
    0x08000218   0x00000006   Code   RO          532    .ARM.Collect$$_printf_percent$$00000009  c_w.l(_printf_d.o)
    0x0800021e   0x00000006   Code   RO          533    .ARM.Collect$$_printf_percent$$0000000A  c_w.l(_printf_u.o)
    0x08000224   0x00000006   Code   RO          585    .ARM.Collect$$_printf_percent$$0000000B  c_w.l(_printf_o.o)
    0x0800022a   0x00000006   Code   RO          531    .ARM.Collect$$_printf_percent$$0000000C  c_w.l(_printf_x.o)
    0x08000230   0x00000006   Code   RO          592    .ARM.Collect$$_printf_percent$$0000000D  c_w.l(_printf_lli.o)
    0x08000236   0x00000006   Code   RO          593    .ARM.Collect$$_printf_percent$$0000000E  c_w.l(_printf_lld.o)
    0x0800023c   0x00000006   Code   RO          594    .ARM.Collect$$_printf_percent$$0000000F  c_w.l(_printf_llu.o)
    0x08000242   0x00000006   Code   RO          599    .ARM.Collect$$_printf_percent$$00000010  c_w.l(_printf_llo.o)
    0x08000248   0x00000006   Code   RO          600    .ARM.Collect$$_printf_percent$$00000011  c_w.l(_printf_llx.o)
    0x0800024e   0x0000000a   Code   RO          596    .ARM.Collect$$_printf_percent$$00000012  c_w.l(_printf_l.o)
    0x08000258   0x00000006   Code   RO          529    .ARM.Collect$$_printf_percent$$00000013  c_w.l(_printf_c.o)
    0x0800025e   0x00000006   Code   RO          530    .ARM.Collect$$_printf_percent$$00000014  c_w.l(_printf_s.o)
    0x08000264   0x00000006   Code   RO          597    .ARM.Collect$$_printf_percent$$00000015  c_w.l(_printf_lc.o)
    0x0800026a   0x00000006   Code   RO          598    .ARM.Collect$$_printf_percent$$00000016  c_w.l(_printf_ls.o)
    0x08000270   0x00000004   Code   RO          591    .ARM.Collect$$_printf_percent$$00000017  c_w.l(_printf_percent_end.o)
    0x08000274   0x00000002   Code   RO          683    .ARM.Collect$$libinit$$00000000  c_w.l(libinit.o)
    0x08000276   0x00000000   Code   RO          697    .ARM.Collect$$libinit$$00000002  c_w.l(libinit2.o)
    0x08000276   0x00000000   Code   RO          699    .ARM.Collect$$libinit$$00000004  c_w.l(libinit2.o)
    0x08000276   0x00000000   Code   RO          702    .ARM.Collect$$libinit$$0000000A  c_w.l(libinit2.o)
    0x08000276   0x00000000   Code   RO          704    .ARM.Collect$$libinit$$0000000C  c_w.l(libinit2.o)
    0x08000276   0x00000000   Code   RO          706    .ARM.Collect$$libinit$$0000000E  c_w.l(libinit2.o)
    0x08000276   0x00000006   Code   RO          707    .ARM.Collect$$libinit$$0000000F  c_w.l(libinit2.o)
    0x0800027c   0x00000000   Code   RO          709    .ARM.Collect$$libinit$$00000011  c_w.l(libinit2.o)
    0x0800027c   0x0000000c   Code   RO          710    .ARM.Collect$$libinit$$00000012  c_w.l(libinit2.o)
    0x08000288   0x00000000   Code   RO          711    .ARM.Collect$$libinit$$00000013  c_w.l(libinit2.o)
    0x08000288   0x00000000   Code   RO          713    .ARM.Collect$$libinit$$00000015  c_w.l(libinit2.o)
    0x08000288   0x0000000a   Code   RO          714    .ARM.Collect$$libinit$$00000016  c_w.l(libinit2.o)
    0x08000292   0x00000000   Code   RO          715    .ARM.Collect$$libinit$$00000017  c_w.l(libinit2.o)
    0x08000292   0x00000000   Code   RO          717    .ARM.Collect$$libinit$$00000019  c_w.l(libinit2.o)
    0x08000292   0x00000000   Code   RO          719    .ARM.Collect$$libinit$$0000001B  c_w.l(libinit2.o)
    0x08000292   0x00000000   Code   RO          721    .ARM.Collect$$libinit$$0000001D  c_w.l(libinit2.o)
    0x08000292   0x00000000   Code   RO          723    .ARM.Collect$$libinit$$0000001F  c_w.l(libinit2.o)
    0x08000292   0x00000000   Code   RO          725    .ARM.Collect$$libinit$$00000021  c_w.l(libinit2.o)
    0x08000292   0x00000000   Code   RO          727    .ARM.Collect$$libinit$$00000023  c_w.l(libinit2.o)
    0x08000292   0x00000000   Code   RO          729    .ARM.Collect$$libinit$$00000025  c_w.l(libinit2.o)
    0x08000292   0x00000000   Code   RO          733    .ARM.Collect$$libinit$$0000002C  c_w.l(libinit2.o)
    0x08000292   0x00000000   Code   RO          735    .ARM.Collect$$libinit$$0000002E  c_w.l(libinit2.o)
    0x08000292   0x00000000   Code   RO          737    .ARM.Collect$$libinit$$00000030  c_w.l(libinit2.o)
    0x08000292   0x00000000   Code   RO          739    .ARM.Collect$$libinit$$00000032  c_w.l(libinit2.o)
    0x08000292   0x00000002   Code   RO          740    .ARM.Collect$$libinit$$00000033  c_w.l(libinit2.o)
    0x08000294   0x00000002   Code   RO          758    .ARM.Collect$$libshutdown$$00000000  c_w.l(libshutdown.o)
    0x08000296   0x00000000   Code   RO          769    .ARM.Collect$$libshutdown$$00000003  c_w.l(libshutdown2.o)
    0x08000296   0x00000000   Code   RO          772    .ARM.Collect$$libshutdown$$00000006  c_w.l(libshutdown2.o)
    0x08000296   0x00000000   Code   RO          775    .ARM.Collect$$libshutdown$$00000009  c_w.l(libshutdown2.o)
    0x08000296   0x00000000   Code   RO          777    .ARM.Collect$$libshutdown$$0000000B  c_w.l(libshutdown2.o)
    0x08000296   0x00000000   Code   RO          780    .ARM.Collect$$libshutdown$$0000000E  c_w.l(libshutdown2.o)
    0x08000296   0x00000002   Code   RO          781    .ARM.Collect$$libshutdown$$0000000F  c_w.l(libshutdown2.o)
    0x08000298   0x00000000   Code   RO          557    .ARM.Collect$$rtentry$$00000000  c_w.l(__rtentry.o)
    0x08000298   0x00000000   Code   RO          609    .ARM.Collect$$rtentry$$00000002  c_w.l(__rtentry2.o)
    0x08000298   0x00000006   Code   RO          621    .ARM.Collect$$rtentry$$00000004  c_w.l(__rtentry4.o)
    0x0800029e   0x00000000   Code   RO          611    .ARM.Collect$$rtentry$$00000009  c_w.l(__rtentry2.o)
    0x0800029e   0x00000004   Code   RO          612    .ARM.Collect$$rtentry$$0000000A  c_w.l(__rtentry2.o)
    0x080002a2   0x00000000   Code   RO          614    .ARM.Collect$$rtentry$$0000000C  c_w.l(__rtentry2.o)
    0x080002a2   0x00000008   Code   RO          615    .ARM.Collect$$rtentry$$0000000D  c_w.l(__rtentry2.o)
    0x080002aa   0x00000002   Code   RO          691    .ARM.Collect$$rtexit$$00000000  c_w.l(rtexit.o)
    0x080002ac   0x00000000   Code   RO          742    .ARM.Collect$$rtexit$$00000002  c_w.l(rtexit2.o)
    0x080002ac   0x00000004   Code   RO          743    .ARM.Collect$$rtexit$$00000003  c_w.l(rtexit2.o)
    0x080002b0   0x00000006   Code   RO          744    .ARM.Collect$$rtexit$$00000004  c_w.l(rtexit2.o)
    0x080002b6   0x00000002   PAD
    0x080002b8   0x00000408   Code   RO            1    .text               main.o
    0x080006c0   0x0000001a   Code   RO          103    .text               stm32f10x_it.o
    0x080006da   0x00000002   PAD
    0x080006dc   0x000001e0   Code   RO          135    .text               system_stm32f10x.o
    0x080008bc   0x0000004c   Code   RO          153    .text               led.o
    0x08000908   0x000000fc   Code   RO          165    .text               key.o
    0x08000a04   0x00004a5c   Code   RO          178    .text               lcd.o
    0x08005460   0x0000008c   Code   RO          201    .text               timer.o
    0x080054ec   0x0000017c   Code   RO          217    .text               usart3.o
    0x08005668   0x00000284   Code   RO          246    .text               hc05.o
    0x080058ec   0x000000d4   Code   RO          266    .text               delay.o
    0x080059c0   0x00000140   Code   RO          297    .text               usart.o
    0x08005b00   0x00000040   Code   RO          333    .text               startup_stm32f10x_hd.o
    0x08005b40   0x000000dc   Code   RO          337    .text               misc.o
    0x08005c1c   0x0000060c   Code   RO          349    .text               stm32f10x_fsmc.o
    0x08006228   0x0000035c   Code   RO          361    .text               stm32f10x_gpio.o
    0x08006584   0x000003a4   Code   RO          373    .text               stm32f10x_rcc.o
    0x08006928   0x00000408   Code   RO          387    .text               stm32f10x_usart.o
    0x08006d30   0x00000e1a   Code   RO          399    .text               stm32f10x_tim.o
    0x08007b4a   0x00000002   PAD
    0x08007b4c   0x00000c38   Code   RO          423    .text               usmart.o
    0x08008784   0x00000528   Code   RO          452    .text               usmart_str.o
    0x08008cac   0x00000002   Code   RO          466    .text               c_w.l(use_no_semi_2.o)
    0x08008cae   0x00000002   PAD
    0x08008cb0   0x00000018   Code   RO          468    .text               c_w.l(c89printf.o)
    0x08008cc8   0x00000024   Code   RO          470    .text               c_w.l(c89vsprintf.o)
    0x08008cec   0x00000018   Code   RO          472    .text               c_w.l(__2printf.o)
    0x08008d04   0x0000002c   Code   RO          474    .text               c_w.l(__2sprintf.o)
    0x08008d30   0x0000004e   Code   RO          482    .text               c_w.l(_printf_pad.o)
    0x08008d7e   0x00000052   Code   RO          484    .text               c_w.l(_printf_str.o)
    0x08008dd0   0x00000078   Code   RO          486    .text               c_w.l(_printf_dec.o)
    0x08008e48   0x00000094   Code   RO          506    .text               c_w.l(_printf_hex_int_ll_ptr.o)
    0x08008edc   0x00000188   Code   RO          526    .text               c_w.l(__printf_flags_ss_wp.o)
    0x08009064   0x0000003e   Code   RO          535    .text               c_w.l(strlen.o)
    0x080090a2   0x00000002   PAD
    0x080090a4   0x00000080   Code   RO          537    .text               c_w.l(strcmpv7m.o)
    0x08009124   0x00000006   Code   RO          539    .text               c_w.l(heapauxi.o)
    0x0800912a   0x00000002   Code   RO          555    .text               c_w.l(use_no_semi.o)
    0x0800912c   0x00000024   Code   RO          558    .text               c_w.l(_printf_truncate.o)
    0x08009150   0x000000b2   Code   RO          560    .text               c_w.l(_printf_intcommon.o)
    0x08009202   0x00000028   Code   RO          562    .text               c_w.l(_printf_charcount.o)
    0x0800922a   0x00000002   PAD
    0x0800922c   0x00000030   Code   RO          564    .text               c_w.l(_printf_char_common.o)
    0x0800925c   0x0000000a   Code   RO          566    .text               c_w.l(_sputc.o)
    0x08009266   0x0000002c   Code   RO          568    .text               c_w.l(_printf_char.o)
    0x08009292   0x00000002   PAD
    0x08009294   0x00000024   Code   RO          570    .text               c_w.l(_printf_char_file.o)
    0x080092b8   0x000000bc   Code   RO          572    .text               c_w.l(_printf_wctomb.o)
    0x08009374   0x0000007c   Code   RO          575    .text               c_w.l(_printf_longlong_dec.o)
    0x080093f0   0x00000070   Code   RO          581    .text               c_w.l(_printf_oct_int_ll.o)
    0x08009460   0x0000008a   Code   RO          623    .text               c_w.l(lludiv10.o)
    0x080094ea   0x0000041a   Code   RO          625    .text               c_w.l(_printf_fp_dec.o)
    0x08009904   0x0000002c   Code   RO          629    .text               c_w.l(_printf_wchar.o)
    0x08009930   0x00000008   Code   RO          631    .text               c_w.l(ferror.o)
    0x08009938   0x00000040   Code   RO          635    .text               c_w.l(_wcrtomb.o)
    0x08009978   0x0000004a   Code   RO          637    .text               c_w.l(sys_stackheap_outer.o)
    0x080099c2   0x00000002   PAD
    0x080099c4   0x00000010   Code   RO          639    .text               c_w.l(rt_ctype_table.o)
    0x080099d4   0x00000008   Code   RO          644    .text               c_w.l(rt_locale_intlibspace.o)
    0x080099dc   0x00000080   Code   RO          646    .text               c_w.l(_printf_fp_infnan.o)
    0x08009a5c   0x000000dc   Code   RO          648    .text               c_w.l(bigflt0.o)
    0x08009b38   0x0000000c   Code   RO          676    .text               c_w.l(exit.o)
    0x08009b44   0x00000008   Code   RO          688    .text               c_w.l(libspace.o)
    0x08009b4c   0x0000003e   Code   RO          651    CL$$btod_d2e        c_w.l(btod.o)
    0x08009b8a   0x00000046   Code   RO          653    CL$$btod_d2e_denorm_low  c_w.l(btod.o)
    0x08009bd0   0x00000060   Code   RO          652    CL$$btod_d2e_norm_op1  c_w.l(btod.o)
    0x08009c30   0x00000338   Code   RO          661    CL$$btod_div_common  c_w.l(btod.o)
    0x08009f68   0x000000c6   Code   RO          658    CL$$btod_e2e        c_w.l(btod.o)
    0x0800a02e   0x00000028   Code   RO          655    CL$$btod_ediv       c_w.l(btod.o)
    0x0800a056   0x00000028   Code   RO          654    CL$$btod_emul       c_w.l(btod.o)
    0x0800a07e   0x00000244   Code   RO          660    CL$$btod_mult_common  c_w.l(btod.o)
    0x0800a2c2   0x00000028   Code   RO          686    i.__ARM_fpclassify  m_ws.l(fpclassify.o)
    0x0800a2ea   0x0000000e   Code   RO          519    i._is_digit         c_w.l(__printf_wp.o)
    0x0800a2f8   0x0000002c   Code   RO          674    locale$$code        c_w.l(lc_numeric_c.o)
    0x0800a324   0x0000002c   Code   RO          694    locale$$code        c_w.l(lc_ctype_c.o)
    0x0800a350   0x0000005a   Code   RO          543    x$fpl$dfixu         fz_ws.l(dfixu.o)
    0x0800a3aa   0x00000026   Code   RO          547    x$fpl$dfltu         fz_ws.l(dflt_clz.o)
    0x0800a3d0   0x00000154   Code   RO          553    x$fpl$dmul          fz_ws.l(dmul.o)
    0x0800a524   0x0000009c   Code   RO          601    x$fpl$dnaninf       fz_ws.l(dnaninf.o)
    0x0800a5c0   0x0000000c   Code   RO          603    x$fpl$dretinf       fz_ws.l(dretinf.o)
    0x0800a5cc   0x00000004   Code   RO          605    x$fpl$printf1       fz_ws.l(printf1.o)
    0x0800a5d0   0x00000000   Code   RO          607    x$fpl$usenofp       fz_ws.l(usenofp.o)
    0x0800a5d0   0x000017c0   Data   RO          180    .constdata          lcd.o
    0x0800bd90   0x00000028   Data   RO          507    .constdata          c_w.l(_printf_hex_int_ll_ptr.o)
    0x0800bdb8   0x00000011   Data   RO          527    .constdata          c_w.l(__printf_flags_ss_wp.o)
    0x0800bdc9   0x00000003   PAD
    0x0800bdcc   0x00000008   Data   RO          573    .constdata          c_w.l(_printf_wctomb.o)
    0x0800bdd4   0x00000094   Data   RO          649    .constdata          c_w.l(bigflt0.o)
    0x0800be68   0x00000028   Data   RO          424    .conststring        usmart.o
    0x0800be90   0x0000006f   Data   RO          439    .conststring        usmart_config.o
    0x0800beff   0x00000001   PAD
    0x0800bf00   0x00000020   Data   RO          813    Region$$Table       anon$$obj.o
    0x0800bf20   0x0000001c   Data   RO          673    locale$$data        c_w.l(lc_numeric_c.o)
    0x0800bf3c   0x00000110   Data   RO          693    locale$$data        c_w.l(lc_ctype_c.o)


    Execution Region RW_IRAM1 (Base: 0x20000000, Size: 0x00000d58, Max: 0x00010000, ABSOLUTE, COMPRESSED[0x00000064])

    Base Addr    Size         Type   Attr      Idx    E Section Name        Object

    0x20000000   0x00000014   Data   RW          136    .data               system_stm32f10x.o
    0x20000014   0x00000001   Data   RW          166    .data               key.o
    0x20000015   0x00000001   PAD
    0x20000016   0x00000004   Data   RW          181    .data               lcd.o
    0x2000001a   0x00000002   Data   RW          219    .data               usart3.o
    0x2000001c   0x00000004   Data   RW          267    .data               delay.o
    0x20000020   0x00000006   Data   RW          299    .data               usart.o
    0x20000026   0x00000014   Data   RW          374    .data               stm32f10x_rcc.o
    0x2000003a   0x00000002   PAD
    0x2000003c   0x0000001c   Data   RW          425    .data               usmart.o
    0x20000058   0x00000114   Data   RW          440    .data               usmart_config.o
    0x2000016c   0x0000000e   Zero   RW          179    .bss                lcd.o
    0x2000017a   0x000004b0   Zero   RW          218    .bss                usart3.o
    0x2000062a   0x000000c8   Zero   RW          298    .bss                usart.o
    0x200006f2   0x00000002   PAD
    0x200006f4   0x00000060   Zero   RW          689    .bss                c_w.l(libspace.o)
    0x20000754   0x00000004   PAD
    0x20000758   0x00000200   Zero   RW          331    HEAP                startup_stm32f10x_hd.o
    0x20000958   0x00000400   Zero   RW          330    STACK               startup_stm32f10x_hd.o


==============================================================================

Image component sizes


      Code (inc. data)   RO Data    RW Data    ZI Data      Debug   Object Name

       212         18          0          4          0       1535   delay.o
       644         60          0          0          0       2648   hc05.o
       252         12          0          1          0       1084   key.o
     19036        162       6080          4         14      22930   lcd.o
        76          8          0          0          0        751   led.o
      1032        328          0          0          0     263872   main.o
       220         22          0          0          0       2313   misc.o
        64         26        304          0       1536        980   startup_stm32f10x_hd.o
      1548         18          0          0          0       5855   stm32f10x_fsmc.o
       860         38          0          0          0       6157   stm32f10x_gpio.o
        26          0          0          0          0       1434   stm32f10x_it.o
       932         36          0         20          0       9580   stm32f10x_rcc.o
      3610         88          0          0          0      22640   stm32f10x_tim.o
      1032         22          0          0          0       8880   stm32f10x_usart.o
         0          0          0          0          0         32   sys.o
       480         38          0         20          0       2507   system_stm32f10x.o
       140          8          0          0          0       1028   timer.o
       320         16          0          6        200       3918   usart.o
       380         24          0          2       1200       3326   usart3.o
      3128       1288         40         28          0       5086   usmart.o
         0          0        111        276          0       2368   usmart_config.o
      1320         12          0          0          0       5561   usmart_str.o

    ----------------------------------------------------------------------
     35316       2224       6568        364       2952     374485   Object Totals
         0          0         32          0          0          0   (incl. Generated)
         4          0          1          3          2          0   (incl. Padding)

    ----------------------------------------------------------------------

      Code (inc. data)   RO Data    RW Data    ZI Data      Debug   Library Member Name

        24          4          0          0          0         84   __2printf.o
        44          6          0          0          0         84   __2sprintf.o
        90          0          0          0          0          0   __dczerorl2.o
         8          0          0          0          0         68   __main.o
       392          4         17          0          0         92   __printf_flags_ss_wp.o
        14          0          0          0          0         68   __printf_wp.o
         0          0          0          0          0          0   __rtentry.o
        12          0          0          0          0          0   __rtentry2.o
         6          0          0          0          0          0   __rtentry4.o
        52          8          0          0          0          0   __scatter.o
        28          0          0          0          0          0   __scatter_zi.o
         6          0          0          0          0          0   _printf_a.o
         6          0          0          0          0          0   _printf_c.o
        44          0          0          0          0        108   _printf_char.o
        48          6          0          0          0         96   _printf_char_common.o
        36          4          0          0          0         80   _printf_char_file.o
        40          0          0          0          0         68   _printf_charcount.o
         6          0          0          0          0          0   _printf_d.o
       120         16          0          0          0         92   _printf_dec.o
         6          0          0          0          0          0   _printf_e.o
         6          0          0          0          0          0   _printf_f.o
      1050          0          0          0          0        216   _printf_fp_dec.o
       128         16          0          0          0         84   _printf_fp_infnan.o
         6          0          0          0          0          0   _printf_g.o
       148          4         40          0          0        160   _printf_hex_int_ll_ptr.o
         6          0          0          0          0          0   _printf_i.o
       178          0          0          0          0         88   _printf_intcommon.o
        10          0          0          0          0          0   _printf_l.o
         6          0          0          0          0          0   _printf_lc.o
        10          0          0          0          0          0   _printf_ll.o
         6          0          0          0          0          0   _printf_lld.o
         6          0          0          0          0          0   _printf_lli.o
         6          0          0          0          0          0   _printf_llo.o
         6          0          0          0          0          0   _printf_llu.o
         6          0          0          0          0          0   _printf_llx.o
       124         16          0          0          0         92   _printf_longlong_dec.o
         6          0          0          0          0          0   _printf_ls.o
         6          0          0          0          0          0   _printf_n.o
         6          0          0          0          0          0   _printf_o.o
       112          8          0          0          0        124   _printf_oct_int_ll.o
         6          0          0          0          0          0   _printf_p.o
        78          0          0          0          0        108   _printf_pad.o
         0          0          0          0          0          0   _printf_percent.o
         4          0          0          0          0          0   _printf_percent_end.o
         6          0          0          0          0          0   _printf_s.o
        82          0          0          0          0         80   _printf_str.o
        36          0          0          0          0         84   _printf_truncate.o
         6          0          0          0          0          0   _printf_u.o
        44          0          0          0          0        108   _printf_wchar.o
       188          6          8          0          0         92   _printf_wctomb.o
         6          0          0          0          0          0   _printf_x.o
        10          0          0          0          0         68   _sputc.o
        64          0          0          0          0         92   _wcrtomb.o
       220          4        148          0          0         96   bigflt0.o
      1910        128          0          0          0        672   btod.o
        24          4          0          0          0         84   c89printf.o
        36          4          0          0          0         76   c89vsprintf.o
        12          0          0          0          0         72   exit.o
         8          0          0          0          0         68   ferror.o
         6          0          0          0          0        152   heapauxi.o
        44         10        272          0          0         76   lc_ctype_c.o
        44         10         28          0          0         76   lc_numeric_c.o
         2          0          0          0          0          0   libinit.o
        30          0          0          0          0          0   libinit2.o
         2          0          0          0          0          0   libshutdown.o
         2          0          0          0          0          0   libshutdown2.o
         8          4          0          0         96         68   libspace.o
       138          0          0          0          0         80   lludiv10.o
        16          4          0          0          0         76   rt_ctype_table.o
         8          4          0          0          0         68   rt_locale_intlibspace.o
         2          0          0          0          0          0   rtexit.o
        10          0          0          0          0          0   rtexit2.o
       128          0          0          0          0         68   strcmpv7m.o
        62          0          0          0          0         76   strlen.o
        74          0          0          0          0         80   sys_stackheap_outer.o
         2          0          0          0          0         68   use_no_semi.o
         2          0          0          0          0         68   use_no_semi_2.o
        90          4          0          0          0         92   dfixu.o
        38          0          0          0          0         68   dflt_clz.o
       340         12          0          0          0        104   dmul.o
       156          4          0          0          0         92   dnaninf.o
        12          0          0          0          0         68   dretinf.o
         4          0          0          0          0         68   printf1.o
         0          0          0          0          0          0   usenofp.o
        40          0          0          0          0         68   fpclassify.o

    ----------------------------------------------------------------------
      6828        290        516          0        100       4820   Library Totals
        14          0          3          0          4          0   (incl. Padding)

    ----------------------------------------------------------------------

      Code (inc. data)   RO Data    RW Data    ZI Data      Debug   Library Name

      6134        270        513          0         96       4260   c_w.l
       640         20          0          0          0        492   fz_ws.l
        40          0          0          0          0         68   m_ws.l

    ----------------------------------------------------------------------
      6828        290        516          0        100       4820   Library Totals

    ----------------------------------------------------------------------

==============================================================================


      Code (inc. data)   RO Data    RW Data    ZI Data      Debug   

     42144       2514       7084        364       3052     374933   Grand Totals
     42144       2514       7084        100       3052     374933   ELF Image Totals (compressed)
     42144       2514       7084        100          0          0   ROM Totals

==============================================================================

    Total RO  Size (Code + RO Data)                49228 (  48.07kB)
    Total RW  Size (RW Data + ZI Data)              3416 (   3.34kB)
    Total ROM Size (Code + RO Data + RW Data)      49328 (  48.17kB)

==============================================================================

