	.text
	.syntax unified
	.eabi_attribute	67, "2.09"	@ Tag_conformance
	.cpu	cortex-m4
	.eabi_attribute	6, 13	@ Tag_CPU_arch
	.eabi_attribute	7, 77	@ Tag_CPU_arch_profile
	.eabi_attribute	8, 0	@ Tag_ARM_ISA_use
	.eabi_attribute	9, 2	@ Tag_THUMB_ISA_use
	.fpu	fpv4-sp-d16
	.eabi_attribute	27, 1	@ Tag_ABI_HardFP_use
	.eabi_attribute	36, 1	@ Tag_FP_HP_extension
	.eabi_attribute	34, 1	@ Tag_CPU_unaligned_access
	.eabi_attribute	17, 1	@ Tag_ABI_PCS_GOT_use
	.eabi_attribute	20, 2	@ Tag_ABI_FP_denormal
	.eabi_attribute	21, 0	@ Tag_ABI_FP_exceptions
	.eabi_attribute	23, 1	@ Tag_ABI_FP_number_model
	.eabi_attribute	24, 1	@ Tag_ABI_align_needed
	.eabi_attribute	25, 1	@ Tag_ABI_align_preserved
	.eabi_attribute	28, 1	@ Tag_ABI_VFP_args
	.eabi_attribute	38, 1	@ Tag_ABI_FP_16bit_format
	.eabi_attribute	18, 2	@ Tag_ABI_PCS_wchar_t
	.eabi_attribute	26, 1	@ Tag_ABI_enum_size
	.eabi_attribute	14, 0	@ Tag_ABI_PCS_R9_use
	.file	"led.c"
	.file	1 "E:\\StudyNote\\study_STM32-HAL\\STM32F4_Quick_Start_Guide_HAL\\2.code\\19.RTC-Alarms\\Project" "../Libraries/STM32F4xx_HAL_Driver/Inc\\stm32f4xx_hal_gpio.h"
	.file	2 "E:\\dianzi\\MDKv5\\ARM\\ARMCLANG\\Bin\\..\\include" "stdint.h"
	.file	3 "E:\\StudyNote\\study_STM32-HAL\\STM32F4_Quick_Start_Guide_HAL\\2.code\\19.RTC-Alarms\\Project" "../Libraries/CMSIS/Device/ST/STM32F4xx/Include/stm32f407xx.h"
	.section	.text.bsp_led_init,"ax",%progbits
	.hidden	bsp_led_init                    @ -- Begin function bsp_led_init
	.globl	bsp_led_init
	.p2align	2
	.type	bsp_led_init,%function
	.code	16                              @ @bsp_led_init
	.thumb_func
bsp_led_init:
.Lfunc_begin0:
	.file	4 "E:\\StudyNote\\study_STM32-HAL\\STM32F4_Quick_Start_Guide_HAL\\2.code\\19.RTC-Alarms\\Project" "../User/BSP/led/led.c"
	.loc	4 4 0                           @ ../User/BSP/led/led.c:4:0
	.fnstart
	.cfi_sections .debug_frame
	.cfi_startproc
@ %bb.0:
	.save	{r4, r5, r7, lr}
	push	{r4, r5, r7, lr}
	.cfi_def_cfa_offset 16
	.cfi_offset lr, -4
	.cfi_offset r7, -8
	.cfi_offset r5, -12
	.cfi_offset r4, -16
	.pad	#24
	sub	sp, #24
	.cfi_def_cfa_offset 40
	movs	r0, #0
.Ltmp0:
	.loc	4 6 5 prologue_end              @ ../User/BSP/led/led.c:6:5
	str	r0, [sp, #4]
	movw	r0, #14384
	movt	r0, #16386
	ldr	r1, [r0]
	movw	r4, #5120
	orr	r1, r1, #32
	str	r1, [r0]
	ldr	r0, [r0]
	movt	r4, #16386
	and	r0, r0, #32
	str	r0, [sp, #4]
	ldr	r0, [sp, #4]
	mov.w	r0, #512
.Ltmp1:
	.loc	4 7 28                          @ ../User/BSP/led/led.c:7:28
	str	r0, [sp, #4]
	movs	r0, #1
	.loc	4 8 29                          @ ../User/BSP/led/led.c:8:29
	strd	r0, r0, [sp, #8]
	movs	r0, #3
	add	r5, sp, #4
	.loc	4 10 30                         @ ../User/BSP/led/led.c:10:30
	str	r0, [sp, #16]
	.loc	4 11 5                          @ ../User/BSP/led/led.c:11:5
	mov	r0, r4
	mov	r1, r5
	bl	HAL_GPIO_Init
.Ltmp2:
	.loc	4 0 5 is_stmt 0                 @ ../User/BSP/led/led.c:0:5
	mov.w	r0, #1024
	.loc	4 12 28 is_stmt 1               @ ../User/BSP/led/led.c:12:28
	str	r0, [sp, #4]
	.loc	4 13 5                          @ ../User/BSP/led/led.c:13:5
	mov	r0, r4
	mov	r1, r5
	bl	HAL_GPIO_Init
.Ltmp3:
	.loc	4 14 5                          @ ../User/BSP/led/led.c:14:5
	mov	r0, r4
	mov.w	r1, #1536
	movs	r2, #1
	bl	HAL_GPIO_WritePin
.Ltmp4:
	.loc	4 15 1                          @ ../User/BSP/led/led.c:15:1
	add	sp, #24
	pop	{r4, r5, r7, pc}
.Ltmp5:
.Lfunc_end0:
	.size	bsp_led_init, .Lfunc_end0-bsp_led_init
	.cfi_endproc
	.cantunwind
	.fnend
                                        @ -- End function
	.section	.debug_abbrev,"",%progbits
	.byte	1                               @ Abbreviation Code
	.byte	17                              @ DW_TAG_compile_unit
	.byte	1                               @ DW_CHILDREN_yes
	.byte	37                              @ DW_AT_producer
	.byte	14                              @ DW_FORM_strp
	.byte	19                              @ DW_AT_language
	.byte	5                               @ DW_FORM_data2
	.byte	3                               @ DW_AT_name
	.byte	14                              @ DW_FORM_strp
	.byte	16                              @ DW_AT_stmt_list
	.byte	23                              @ DW_FORM_sec_offset
	.byte	27                              @ DW_AT_comp_dir
	.byte	14                              @ DW_FORM_strp
	.byte	17                              @ DW_AT_low_pc
	.byte	1                               @ DW_FORM_addr
	.byte	18                              @ DW_AT_high_pc
	.byte	6                               @ DW_FORM_data4
	.byte	0                               @ EOM(1)
	.byte	0                               @ EOM(2)
	.byte	2                               @ Abbreviation Code
	.byte	4                               @ DW_TAG_enumeration_type
	.byte	1                               @ DW_CHILDREN_yes
	.byte	73                              @ DW_AT_type
	.byte	19                              @ DW_FORM_ref4
	.byte	11                              @ DW_AT_byte_size
	.byte	11                              @ DW_FORM_data1
	.byte	58                              @ DW_AT_decl_file
	.byte	11                              @ DW_FORM_data1
	.byte	59                              @ DW_AT_decl_line
	.byte	11                              @ DW_FORM_data1
	.byte	0                               @ EOM(1)
	.byte	0                               @ EOM(2)
	.byte	3                               @ Abbreviation Code
	.byte	40                              @ DW_TAG_enumerator
	.byte	0                               @ DW_CHILDREN_no
	.byte	3                               @ DW_AT_name
	.byte	14                              @ DW_FORM_strp
	.byte	28                              @ DW_AT_const_value
	.byte	15                              @ DW_FORM_udata
	.byte	0                               @ EOM(1)
	.byte	0                               @ EOM(2)
	.byte	4                               @ Abbreviation Code
	.byte	36                              @ DW_TAG_base_type
	.byte	0                               @ DW_CHILDREN_no
	.byte	3                               @ DW_AT_name
	.byte	14                              @ DW_FORM_strp
	.byte	62                              @ DW_AT_encoding
	.byte	11                              @ DW_FORM_data1
	.byte	11                              @ DW_AT_byte_size
	.byte	11                              @ DW_FORM_data1
	.byte	0                               @ EOM(1)
	.byte	0                               @ EOM(2)
	.byte	5                               @ Abbreviation Code
	.byte	15                              @ DW_TAG_pointer_type
	.byte	0                               @ DW_CHILDREN_no
	.byte	73                              @ DW_AT_type
	.byte	19                              @ DW_FORM_ref4
	.byte	0                               @ EOM(1)
	.byte	0                               @ EOM(2)
	.byte	6                               @ Abbreviation Code
	.byte	22                              @ DW_TAG_typedef
	.byte	0                               @ DW_CHILDREN_no
	.byte	73                              @ DW_AT_type
	.byte	19                              @ DW_FORM_ref4
	.byte	3                               @ DW_AT_name
	.byte	14                              @ DW_FORM_strp
	.byte	58                              @ DW_AT_decl_file
	.byte	11                              @ DW_FORM_data1
	.byte	59                              @ DW_AT_decl_line
	.byte	5                               @ DW_FORM_data2
	.byte	0                               @ EOM(1)
	.byte	0                               @ EOM(2)
	.byte	7                               @ Abbreviation Code
	.byte	19                              @ DW_TAG_structure_type
	.byte	1                               @ DW_CHILDREN_yes
	.byte	11                              @ DW_AT_byte_size
	.byte	11                              @ DW_FORM_data1
	.byte	58                              @ DW_AT_decl_file
	.byte	11                              @ DW_FORM_data1
	.byte	59                              @ DW_AT_decl_line
	.byte	5                               @ DW_FORM_data2
	.byte	0                               @ EOM(1)
	.byte	0                               @ EOM(2)
	.byte	8                               @ Abbreviation Code
	.byte	13                              @ DW_TAG_member
	.byte	0                               @ DW_CHILDREN_no
	.byte	3                               @ DW_AT_name
	.byte	14                              @ DW_FORM_strp
	.byte	73                              @ DW_AT_type
	.byte	19                              @ DW_FORM_ref4
	.byte	58                              @ DW_AT_decl_file
	.byte	11                              @ DW_FORM_data1
	.byte	59                              @ DW_AT_decl_line
	.byte	5                               @ DW_FORM_data2
	.byte	56                              @ DW_AT_data_member_location
	.byte	11                              @ DW_FORM_data1
	.byte	0                               @ EOM(1)
	.byte	0                               @ EOM(2)
	.byte	9                               @ Abbreviation Code
	.byte	53                              @ DW_TAG_volatile_type
	.byte	0                               @ DW_CHILDREN_no
	.byte	73                              @ DW_AT_type
	.byte	19                              @ DW_FORM_ref4
	.byte	0                               @ EOM(1)
	.byte	0                               @ EOM(2)
	.byte	10                              @ Abbreviation Code
	.byte	22                              @ DW_TAG_typedef
	.byte	0                               @ DW_CHILDREN_no
	.byte	73                              @ DW_AT_type
	.byte	19                              @ DW_FORM_ref4
	.byte	3                               @ DW_AT_name
	.byte	14                              @ DW_FORM_strp
	.byte	58                              @ DW_AT_decl_file
	.byte	11                              @ DW_FORM_data1
	.byte	59                              @ DW_AT_decl_line
	.byte	11                              @ DW_FORM_data1
	.byte	0                               @ EOM(1)
	.byte	0                               @ EOM(2)
	.byte	11                              @ Abbreviation Code
	.byte	1                               @ DW_TAG_array_type
	.byte	1                               @ DW_CHILDREN_yes
	.byte	73                              @ DW_AT_type
	.byte	19                              @ DW_FORM_ref4
	.byte	0                               @ EOM(1)
	.byte	0                               @ EOM(2)
	.byte	12                              @ Abbreviation Code
	.byte	33                              @ DW_TAG_subrange_type
	.byte	0                               @ DW_CHILDREN_no
	.byte	73                              @ DW_AT_type
	.byte	19                              @ DW_FORM_ref4
	.byte	55                              @ DW_AT_count
	.byte	11                              @ DW_FORM_data1
	.byte	0                               @ EOM(1)
	.byte	0                               @ EOM(2)
	.byte	13                              @ Abbreviation Code
	.byte	36                              @ DW_TAG_base_type
	.byte	0                               @ DW_CHILDREN_no
	.byte	3                               @ DW_AT_name
	.byte	14                              @ DW_FORM_strp
	.byte	11                              @ DW_AT_byte_size
	.byte	11                              @ DW_FORM_data1
	.byte	62                              @ DW_AT_encoding
	.byte	11                              @ DW_FORM_data1
	.byte	0                               @ EOM(1)
	.byte	0                               @ EOM(2)
	.byte	14                              @ Abbreviation Code
	.byte	46                              @ DW_TAG_subprogram
	.byte	1                               @ DW_CHILDREN_yes
	.byte	17                              @ DW_AT_low_pc
	.byte	1                               @ DW_FORM_addr
	.byte	18                              @ DW_AT_high_pc
	.byte	6                               @ DW_FORM_data4
	.byte	64                              @ DW_AT_frame_base
	.byte	24                              @ DW_FORM_exprloc
	.ascii	"\227B"                         @ DW_AT_GNU_all_call_sites
	.byte	25                              @ DW_FORM_flag_present
	.byte	3                               @ DW_AT_name
	.byte	14                              @ DW_FORM_strp
	.byte	58                              @ DW_AT_decl_file
	.byte	11                              @ DW_FORM_data1
	.byte	59                              @ DW_AT_decl_line
	.byte	11                              @ DW_FORM_data1
	.byte	39                              @ DW_AT_prototyped
	.byte	25                              @ DW_FORM_flag_present
	.byte	63                              @ DW_AT_external
	.byte	25                              @ DW_FORM_flag_present
	.byte	0                               @ EOM(1)
	.byte	0                               @ EOM(2)
	.byte	15                              @ Abbreviation Code
	.byte	52                              @ DW_TAG_variable
	.byte	0                               @ DW_CHILDREN_no
	.byte	2                               @ DW_AT_location
	.byte	24                              @ DW_FORM_exprloc
	.byte	3                               @ DW_AT_name
	.byte	14                              @ DW_FORM_strp
	.byte	58                              @ DW_AT_decl_file
	.byte	11                              @ DW_FORM_data1
	.byte	59                              @ DW_AT_decl_line
	.byte	11                              @ DW_FORM_data1
	.byte	73                              @ DW_AT_type
	.byte	19                              @ DW_FORM_ref4
	.byte	0                               @ EOM(1)
	.byte	0                               @ EOM(2)
	.byte	16                              @ Abbreviation Code
	.byte	11                              @ DW_TAG_lexical_block
	.byte	1                               @ DW_CHILDREN_yes
	.byte	17                              @ DW_AT_low_pc
	.byte	1                               @ DW_FORM_addr
	.byte	18                              @ DW_AT_high_pc
	.byte	6                               @ DW_FORM_data4
	.byte	0                               @ EOM(1)
	.byte	0                               @ EOM(2)
	.byte	17                              @ Abbreviation Code
	.byte	19                              @ DW_TAG_structure_type
	.byte	1                               @ DW_CHILDREN_yes
	.byte	11                              @ DW_AT_byte_size
	.byte	11                              @ DW_FORM_data1
	.byte	58                              @ DW_AT_decl_file
	.byte	11                              @ DW_FORM_data1
	.byte	59                              @ DW_AT_decl_line
	.byte	11                              @ DW_FORM_data1
	.byte	0                               @ EOM(1)
	.byte	0                               @ EOM(2)
	.byte	18                              @ Abbreviation Code
	.byte	13                              @ DW_TAG_member
	.byte	0                               @ DW_CHILDREN_no
	.byte	3                               @ DW_AT_name
	.byte	14                              @ DW_FORM_strp
	.byte	73                              @ DW_AT_type
	.byte	19                              @ DW_FORM_ref4
	.byte	58                              @ DW_AT_decl_file
	.byte	11                              @ DW_FORM_data1
	.byte	59                              @ DW_AT_decl_line
	.byte	11                              @ DW_FORM_data1
	.byte	56                              @ DW_AT_data_member_location
	.byte	11                              @ DW_FORM_data1
	.byte	0                               @ EOM(1)
	.byte	0                               @ EOM(2)
	.byte	0                               @ EOM(3)
	.section	.debug_info,"",%progbits
.Lcu_begin0:
	.long	.Ldebug_info_end0-.Ldebug_info_start0 @ Length of Unit
.Ldebug_info_start0:
	.short	4                               @ DWARF version number
	.long	.debug_abbrev                   @ Offset Into Abbrev. Section
	.byte	4                               @ Address Size (in bytes)
	.byte	1                               @ Abbrev [1] 0xb:0x32d DW_TAG_compile_unit
	.long	.Linfo_string0                  @ DW_AT_producer
	.short	12                              @ DW_AT_language
	.long	.Linfo_string1                  @ DW_AT_name
	.long	.Lline_table_start0             @ DW_AT_stmt_list
	.long	.Linfo_string2                  @ DW_AT_comp_dir
	.long	.Lfunc_begin0                   @ DW_AT_low_pc
	.long	.Lfunc_end0-.Lfunc_begin0       @ DW_AT_high_pc
	.byte	2                               @ Abbrev [2] 0x26:0x15 DW_TAG_enumeration_type
	.long	59                              @ DW_AT_type
	.byte	1                               @ DW_AT_byte_size
	.byte	1                               @ DW_AT_decl_file
	.byte	68                              @ DW_AT_decl_line
	.byte	3                               @ Abbrev [3] 0x2e:0x6 DW_TAG_enumerator
	.long	.Linfo_string4                  @ DW_AT_name
	.byte	0                               @ DW_AT_const_value
	.byte	3                               @ Abbrev [3] 0x34:0x6 DW_TAG_enumerator
	.long	.Linfo_string5                  @ DW_AT_name
	.byte	1                               @ DW_AT_const_value
	.byte	0                               @ End Of Children Mark
	.byte	4                               @ Abbrev [4] 0x3b:0x7 DW_TAG_base_type
	.long	.Linfo_string3                  @ DW_AT_name
	.byte	8                               @ DW_AT_encoding
	.byte	1                               @ DW_AT_byte_size
	.byte	5                               @ Abbrev [5] 0x42:0x5 DW_TAG_pointer_type
	.long	71                              @ DW_AT_type
	.byte	6                               @ Abbrev [6] 0x47:0xc DW_TAG_typedef
	.long	83                              @ DW_AT_type
	.long	.Linfo_string39                 @ DW_AT_name
	.byte	3                               @ DW_AT_decl_file
	.short	629                             @ DW_AT_decl_line
	.byte	7                               @ Abbrev [7] 0x53:0x18c DW_TAG_structure_type
	.byte	136                             @ DW_AT_byte_size
	.byte	3                               @ DW_AT_decl_file
	.short	597                             @ DW_AT_decl_line
	.byte	8                               @ Abbrev [8] 0x58:0xd DW_TAG_member
	.long	.Linfo_string6                  @ DW_AT_name
	.long	479                             @ DW_AT_type
	.byte	3                               @ DW_AT_decl_file
	.short	599                             @ DW_AT_decl_line
	.byte	0                               @ DW_AT_data_member_location
	.byte	8                               @ Abbrev [8] 0x65:0xd DW_TAG_member
	.long	.Linfo_string9                  @ DW_AT_name
	.long	479                             @ DW_AT_type
	.byte	3                               @ DW_AT_decl_file
	.short	600                             @ DW_AT_decl_line
	.byte	4                               @ DW_AT_data_member_location
	.byte	8                               @ Abbrev [8] 0x72:0xd DW_TAG_member
	.long	.Linfo_string10                 @ DW_AT_name
	.long	479                             @ DW_AT_type
	.byte	3                               @ DW_AT_decl_file
	.short	601                             @ DW_AT_decl_line
	.byte	8                               @ DW_AT_data_member_location
	.byte	8                               @ Abbrev [8] 0x7f:0xd DW_TAG_member
	.long	.Linfo_string11                 @ DW_AT_name
	.long	479                             @ DW_AT_type
	.byte	3                               @ DW_AT_decl_file
	.short	602                             @ DW_AT_decl_line
	.byte	12                              @ DW_AT_data_member_location
	.byte	8                               @ Abbrev [8] 0x8c:0xd DW_TAG_member
	.long	.Linfo_string12                 @ DW_AT_name
	.long	479                             @ DW_AT_type
	.byte	3                               @ DW_AT_decl_file
	.short	603                             @ DW_AT_decl_line
	.byte	16                              @ DW_AT_data_member_location
	.byte	8                               @ Abbrev [8] 0x99:0xd DW_TAG_member
	.long	.Linfo_string13                 @ DW_AT_name
	.long	479                             @ DW_AT_type
	.byte	3                               @ DW_AT_decl_file
	.short	604                             @ DW_AT_decl_line
	.byte	20                              @ DW_AT_data_member_location
	.byte	8                               @ Abbrev [8] 0xa6:0xd DW_TAG_member
	.long	.Linfo_string14                 @ DW_AT_name
	.long	479                             @ DW_AT_type
	.byte	3                               @ DW_AT_decl_file
	.short	605                             @ DW_AT_decl_line
	.byte	24                              @ DW_AT_data_member_location
	.byte	8                               @ Abbrev [8] 0xb3:0xd DW_TAG_member
	.long	.Linfo_string15                 @ DW_AT_name
	.long	484                             @ DW_AT_type
	.byte	3                               @ DW_AT_decl_file
	.short	606                             @ DW_AT_decl_line
	.byte	28                              @ DW_AT_data_member_location
	.byte	8                               @ Abbrev [8] 0xc0:0xd DW_TAG_member
	.long	.Linfo_string16                 @ DW_AT_name
	.long	479                             @ DW_AT_type
	.byte	3                               @ DW_AT_decl_file
	.short	607                             @ DW_AT_decl_line
	.byte	32                              @ DW_AT_data_member_location
	.byte	8                               @ Abbrev [8] 0xcd:0xd DW_TAG_member
	.long	.Linfo_string17                 @ DW_AT_name
	.long	479                             @ DW_AT_type
	.byte	3                               @ DW_AT_decl_file
	.short	608                             @ DW_AT_decl_line
	.byte	36                              @ DW_AT_data_member_location
	.byte	8                               @ Abbrev [8] 0xda:0xd DW_TAG_member
	.long	.Linfo_string18                 @ DW_AT_name
	.long	502                             @ DW_AT_type
	.byte	3                               @ DW_AT_decl_file
	.short	609                             @ DW_AT_decl_line
	.byte	40                              @ DW_AT_data_member_location
	.byte	8                               @ Abbrev [8] 0xe7:0xd DW_TAG_member
	.long	.Linfo_string20                 @ DW_AT_name
	.long	479                             @ DW_AT_type
	.byte	3                               @ DW_AT_decl_file
	.short	610                             @ DW_AT_decl_line
	.byte	48                              @ DW_AT_data_member_location
	.byte	8                               @ Abbrev [8] 0xf4:0xd DW_TAG_member
	.long	.Linfo_string21                 @ DW_AT_name
	.long	479                             @ DW_AT_type
	.byte	3                               @ DW_AT_decl_file
	.short	611                             @ DW_AT_decl_line
	.byte	52                              @ DW_AT_data_member_location
	.byte	8                               @ Abbrev [8] 0x101:0xd DW_TAG_member
	.long	.Linfo_string22                 @ DW_AT_name
	.long	479                             @ DW_AT_type
	.byte	3                               @ DW_AT_decl_file
	.short	612                             @ DW_AT_decl_line
	.byte	56                              @ DW_AT_data_member_location
	.byte	8                               @ Abbrev [8] 0x10e:0xd DW_TAG_member
	.long	.Linfo_string23                 @ DW_AT_name
	.long	484                             @ DW_AT_type
	.byte	3                               @ DW_AT_decl_file
	.short	613                             @ DW_AT_decl_line
	.byte	60                              @ DW_AT_data_member_location
	.byte	8                               @ Abbrev [8] 0x11b:0xd DW_TAG_member
	.long	.Linfo_string24                 @ DW_AT_name
	.long	479                             @ DW_AT_type
	.byte	3                               @ DW_AT_decl_file
	.short	614                             @ DW_AT_decl_line
	.byte	64                              @ DW_AT_data_member_location
	.byte	8                               @ Abbrev [8] 0x128:0xd DW_TAG_member
	.long	.Linfo_string25                 @ DW_AT_name
	.long	479                             @ DW_AT_type
	.byte	3                               @ DW_AT_decl_file
	.short	615                             @ DW_AT_decl_line
	.byte	68                              @ DW_AT_data_member_location
	.byte	8                               @ Abbrev [8] 0x135:0xd DW_TAG_member
	.long	.Linfo_string26                 @ DW_AT_name
	.long	502                             @ DW_AT_type
	.byte	3                               @ DW_AT_decl_file
	.short	616                             @ DW_AT_decl_line
	.byte	72                              @ DW_AT_data_member_location
	.byte	8                               @ Abbrev [8] 0x142:0xd DW_TAG_member
	.long	.Linfo_string27                 @ DW_AT_name
	.long	479                             @ DW_AT_type
	.byte	3                               @ DW_AT_decl_file
	.short	617                             @ DW_AT_decl_line
	.byte	80                              @ DW_AT_data_member_location
	.byte	8                               @ Abbrev [8] 0x14f:0xd DW_TAG_member
	.long	.Linfo_string28                 @ DW_AT_name
	.long	479                             @ DW_AT_type
	.byte	3                               @ DW_AT_decl_file
	.short	618                             @ DW_AT_decl_line
	.byte	84                              @ DW_AT_data_member_location
	.byte	8                               @ Abbrev [8] 0x15c:0xd DW_TAG_member
	.long	.Linfo_string29                 @ DW_AT_name
	.long	479                             @ DW_AT_type
	.byte	3                               @ DW_AT_decl_file
	.short	619                             @ DW_AT_decl_line
	.byte	88                              @ DW_AT_data_member_location
	.byte	8                               @ Abbrev [8] 0x169:0xd DW_TAG_member
	.long	.Linfo_string30                 @ DW_AT_name
	.long	484                             @ DW_AT_type
	.byte	3                               @ DW_AT_decl_file
	.short	620                             @ DW_AT_decl_line
	.byte	92                              @ DW_AT_data_member_location
	.byte	8                               @ Abbrev [8] 0x176:0xd DW_TAG_member
	.long	.Linfo_string31                 @ DW_AT_name
	.long	479                             @ DW_AT_type
	.byte	3                               @ DW_AT_decl_file
	.short	621                             @ DW_AT_decl_line
	.byte	96                              @ DW_AT_data_member_location
	.byte	8                               @ Abbrev [8] 0x183:0xd DW_TAG_member
	.long	.Linfo_string32                 @ DW_AT_name
	.long	479                             @ DW_AT_type
	.byte	3                               @ DW_AT_decl_file
	.short	622                             @ DW_AT_decl_line
	.byte	100                             @ DW_AT_data_member_location
	.byte	8                               @ Abbrev [8] 0x190:0xd DW_TAG_member
	.long	.Linfo_string33                 @ DW_AT_name
	.long	502                             @ DW_AT_type
	.byte	3                               @ DW_AT_decl_file
	.short	623                             @ DW_AT_decl_line
	.byte	104                             @ DW_AT_data_member_location
	.byte	8                               @ Abbrev [8] 0x19d:0xd DW_TAG_member
	.long	.Linfo_string34                 @ DW_AT_name
	.long	479                             @ DW_AT_type
	.byte	3                               @ DW_AT_decl_file
	.short	624                             @ DW_AT_decl_line
	.byte	112                             @ DW_AT_data_member_location
	.byte	8                               @ Abbrev [8] 0x1aa:0xd DW_TAG_member
	.long	.Linfo_string35                 @ DW_AT_name
	.long	479                             @ DW_AT_type
	.byte	3                               @ DW_AT_decl_file
	.short	625                             @ DW_AT_decl_line
	.byte	116                             @ DW_AT_data_member_location
	.byte	8                               @ Abbrev [8] 0x1b7:0xd DW_TAG_member
	.long	.Linfo_string36                 @ DW_AT_name
	.long	502                             @ DW_AT_type
	.byte	3                               @ DW_AT_decl_file
	.short	626                             @ DW_AT_decl_line
	.byte	120                             @ DW_AT_data_member_location
	.byte	8                               @ Abbrev [8] 0x1c4:0xd DW_TAG_member
	.long	.Linfo_string37                 @ DW_AT_name
	.long	479                             @ DW_AT_type
	.byte	3                               @ DW_AT_decl_file
	.short	627                             @ DW_AT_decl_line
	.byte	128                             @ DW_AT_data_member_location
	.byte	8                               @ Abbrev [8] 0x1d1:0xd DW_TAG_member
	.long	.Linfo_string38                 @ DW_AT_name
	.long	479                             @ DW_AT_type
	.byte	3                               @ DW_AT_decl_file
	.short	628                             @ DW_AT_decl_line
	.byte	132                             @ DW_AT_data_member_location
	.byte	0                               @ End Of Children Mark
	.byte	9                               @ Abbrev [9] 0x1df:0x5 DW_TAG_volatile_type
	.long	484                             @ DW_AT_type
	.byte	10                              @ Abbrev [10] 0x1e4:0xb DW_TAG_typedef
	.long	495                             @ DW_AT_type
	.long	.Linfo_string8                  @ DW_AT_name
	.byte	2                               @ DW_AT_decl_file
	.byte	64                              @ DW_AT_decl_line
	.byte	4                               @ Abbrev [4] 0x1ef:0x7 DW_TAG_base_type
	.long	.Linfo_string7                  @ DW_AT_name
	.byte	7                               @ DW_AT_encoding
	.byte	4                               @ DW_AT_byte_size
	.byte	11                              @ Abbrev [11] 0x1f6:0xc DW_TAG_array_type
	.long	484                             @ DW_AT_type
	.byte	12                              @ Abbrev [12] 0x1fb:0x6 DW_TAG_subrange_type
	.long	514                             @ DW_AT_type
	.byte	2                               @ DW_AT_count
	.byte	0                               @ End Of Children Mark
	.byte	13                              @ Abbrev [13] 0x202:0x7 DW_TAG_base_type
	.long	.Linfo_string19                 @ DW_AT_name
	.byte	8                               @ DW_AT_byte_size
	.byte	7                               @ DW_AT_encoding
	.byte	10                              @ Abbrev [10] 0x209:0xb DW_TAG_typedef
	.long	532                             @ DW_AT_type
	.long	.Linfo_string41                 @ DW_AT_name
	.byte	2                               @ DW_AT_decl_file
	.byte	63                              @ DW_AT_decl_line
	.byte	4                               @ Abbrev [4] 0x214:0x7 DW_TAG_base_type
	.long	.Linfo_string40                 @ DW_AT_name
	.byte	7                               @ DW_AT_encoding
	.byte	2                               @ DW_AT_byte_size
	.byte	5                               @ Abbrev [5] 0x21b:0x5 DW_TAG_pointer_type
	.long	544                             @ DW_AT_type
	.byte	6                               @ Abbrev [6] 0x220:0xc DW_TAG_typedef
	.long	556                             @ DW_AT_type
	.long	.Linfo_string51                 @ DW_AT_name
	.byte	3                               @ DW_AT_decl_file
	.short	538                             @ DW_AT_decl_line
	.byte	7                               @ Abbrev [7] 0x22c:0x7b DW_TAG_structure_type
	.byte	40                              @ DW_AT_byte_size
	.byte	3                               @ DW_AT_decl_file
	.short	527                             @ DW_AT_decl_line
	.byte	8                               @ Abbrev [8] 0x231:0xd DW_TAG_member
	.long	.Linfo_string42                 @ DW_AT_name
	.long	479                             @ DW_AT_type
	.byte	3                               @ DW_AT_decl_file
	.short	529                             @ DW_AT_decl_line
	.byte	0                               @ DW_AT_data_member_location
	.byte	8                               @ Abbrev [8] 0x23e:0xd DW_TAG_member
	.long	.Linfo_string43                 @ DW_AT_name
	.long	479                             @ DW_AT_type
	.byte	3                               @ DW_AT_decl_file
	.short	530                             @ DW_AT_decl_line
	.byte	4                               @ DW_AT_data_member_location
	.byte	8                               @ Abbrev [8] 0x24b:0xd DW_TAG_member
	.long	.Linfo_string44                 @ DW_AT_name
	.long	479                             @ DW_AT_type
	.byte	3                               @ DW_AT_decl_file
	.short	531                             @ DW_AT_decl_line
	.byte	8                               @ DW_AT_data_member_location
	.byte	8                               @ Abbrev [8] 0x258:0xd DW_TAG_member
	.long	.Linfo_string45                 @ DW_AT_name
	.long	479                             @ DW_AT_type
	.byte	3                               @ DW_AT_decl_file
	.short	532                             @ DW_AT_decl_line
	.byte	12                              @ DW_AT_data_member_location
	.byte	8                               @ Abbrev [8] 0x265:0xd DW_TAG_member
	.long	.Linfo_string46                 @ DW_AT_name
	.long	479                             @ DW_AT_type
	.byte	3                               @ DW_AT_decl_file
	.short	533                             @ DW_AT_decl_line
	.byte	16                              @ DW_AT_data_member_location
	.byte	8                               @ Abbrev [8] 0x272:0xd DW_TAG_member
	.long	.Linfo_string47                 @ DW_AT_name
	.long	479                             @ DW_AT_type
	.byte	3                               @ DW_AT_decl_file
	.short	534                             @ DW_AT_decl_line
	.byte	20                              @ DW_AT_data_member_location
	.byte	8                               @ Abbrev [8] 0x27f:0xd DW_TAG_member
	.long	.Linfo_string48                 @ DW_AT_name
	.long	479                             @ DW_AT_type
	.byte	3                               @ DW_AT_decl_file
	.short	535                             @ DW_AT_decl_line
	.byte	24                              @ DW_AT_data_member_location
	.byte	8                               @ Abbrev [8] 0x28c:0xd DW_TAG_member
	.long	.Linfo_string49                 @ DW_AT_name
	.long	479                             @ DW_AT_type
	.byte	3                               @ DW_AT_decl_file
	.short	536                             @ DW_AT_decl_line
	.byte	28                              @ DW_AT_data_member_location
	.byte	8                               @ Abbrev [8] 0x299:0xd DW_TAG_member
	.long	.Linfo_string50                 @ DW_AT_name
	.long	679                             @ DW_AT_type
	.byte	3                               @ DW_AT_decl_file
	.short	537                             @ DW_AT_decl_line
	.byte	32                              @ DW_AT_data_member_location
	.byte	0                               @ End Of Children Mark
	.byte	11                              @ Abbrev [11] 0x2a7:0xc DW_TAG_array_type
	.long	479                             @ DW_AT_type
	.byte	12                              @ Abbrev [12] 0x2ac:0x6 DW_TAG_subrange_type
	.long	514                             @ DW_AT_type
	.byte	2                               @ DW_AT_count
	.byte	0                               @ End Of Children Mark
	.byte	14                              @ Abbrev [14] 0x2b3:0x38 DW_TAG_subprogram
	.long	.Lfunc_begin0                   @ DW_AT_low_pc
	.long	.Lfunc_end0-.Lfunc_begin0       @ DW_AT_high_pc
	.byte	1                               @ DW_AT_frame_base
	.byte	93
                                        @ DW_AT_GNU_all_call_sites
	.long	.Linfo_string52                 @ DW_AT_name
	.byte	4                               @ DW_AT_decl_file
	.byte	3                               @ DW_AT_decl_line
                                        @ DW_AT_prototyped
                                        @ DW_AT_external
	.byte	15                              @ Abbrev [15] 0x2c4:0xe DW_TAG_variable
	.byte	2                               @ DW_AT_location
	.byte	145
	.byte	4
	.long	.Linfo_string53                 @ DW_AT_name
	.byte	4                               @ DW_AT_decl_file
	.byte	5                               @ DW_AT_decl_line
	.long	747                             @ DW_AT_type
	.byte	16                              @ Abbrev [16] 0x2d2:0x18 DW_TAG_lexical_block
	.long	.Ltmp0                          @ DW_AT_low_pc
	.long	.Ltmp1-.Ltmp0                   @ DW_AT_high_pc
	.byte	15                              @ Abbrev [15] 0x2db:0xe DW_TAG_variable
	.byte	2                               @ DW_AT_location
	.byte	145
	.byte	4
	.long	.Linfo_string60                 @ DW_AT_name
	.byte	4                               @ DW_AT_decl_file
	.byte	6                               @ DW_AT_decl_line
	.long	479                             @ DW_AT_type
	.byte	0                               @ End Of Children Mark
	.byte	0                               @ End Of Children Mark
	.byte	10                              @ Abbrev [10] 0x2eb:0xb DW_TAG_typedef
	.long	758                             @ DW_AT_type
	.long	.Linfo_string59                 @ DW_AT_name
	.byte	1                               @ DW_AT_decl_file
	.byte	63                              @ DW_AT_decl_line
	.byte	17                              @ Abbrev [17] 0x2f6:0x41 DW_TAG_structure_type
	.byte	20                              @ DW_AT_byte_size
	.byte	1                               @ DW_AT_decl_file
	.byte	47                              @ DW_AT_decl_line
	.byte	18                              @ Abbrev [18] 0x2fa:0xc DW_TAG_member
	.long	.Linfo_string54                 @ DW_AT_name
	.long	484                             @ DW_AT_type
	.byte	1                               @ DW_AT_decl_file
	.byte	49                              @ DW_AT_decl_line
	.byte	0                               @ DW_AT_data_member_location
	.byte	18                              @ Abbrev [18] 0x306:0xc DW_TAG_member
	.long	.Linfo_string55                 @ DW_AT_name
	.long	484                             @ DW_AT_type
	.byte	1                               @ DW_AT_decl_file
	.byte	52                              @ DW_AT_decl_line
	.byte	4                               @ DW_AT_data_member_location
	.byte	18                              @ Abbrev [18] 0x312:0xc DW_TAG_member
	.long	.Linfo_string56                 @ DW_AT_name
	.long	484                             @ DW_AT_type
	.byte	1                               @ DW_AT_decl_file
	.byte	55                              @ DW_AT_decl_line
	.byte	8                               @ DW_AT_data_member_location
	.byte	18                              @ Abbrev [18] 0x31e:0xc DW_TAG_member
	.long	.Linfo_string57                 @ DW_AT_name
	.long	484                             @ DW_AT_type
	.byte	1                               @ DW_AT_decl_file
	.byte	58                              @ DW_AT_decl_line
	.byte	12                              @ DW_AT_data_member_location
	.byte	18                              @ Abbrev [18] 0x32a:0xc DW_TAG_member
	.long	.Linfo_string58                 @ DW_AT_name
	.long	484                             @ DW_AT_type
	.byte	1                               @ DW_AT_decl_file
	.byte	61                              @ DW_AT_decl_line
	.byte	16                              @ DW_AT_data_member_location
	.byte	0                               @ End Of Children Mark
	.byte	0                               @ End Of Children Mark
.Ldebug_info_end0:
	.section	.debug_str,"MS",%progbits,1
.Linfo_string0:
	.asciz	"Component: Arm Compiler for Embedded 6.19 Tool: armclang [5e73cb00]" @ string offset=0
.Linfo_string1:
	.asciz	"../User/BSP/led\\led.c"        @ string offset=68
.Linfo_string2:
	.asciz	"E:\\StudyNote\\study_STM32-HAL\\STM32F4_Quick_Start_Guide_HAL\\2.code\\19.RTC-Alarms\\Project" @ string offset=90
.Linfo_string3:
	.asciz	"unsigned char"                 @ string offset=178
.Linfo_string4:
	.asciz	"GPIO_PIN_RESET"                @ string offset=192
.Linfo_string5:
	.asciz	"GPIO_PIN_SET"                  @ string offset=207
.Linfo_string6:
	.asciz	"CR"                            @ string offset=220
.Linfo_string7:
	.asciz	"unsigned int"                  @ string offset=223
.Linfo_string8:
	.asciz	"uint32_t"                      @ string offset=236
.Linfo_string9:
	.asciz	"PLLCFGR"                       @ string offset=245
.Linfo_string10:
	.asciz	"CFGR"                          @ string offset=253
.Linfo_string11:
	.asciz	"CIR"                           @ string offset=258
.Linfo_string12:
	.asciz	"AHB1RSTR"                      @ string offset=262
.Linfo_string13:
	.asciz	"AHB2RSTR"                      @ string offset=271
.Linfo_string14:
	.asciz	"AHB3RSTR"                      @ string offset=280
.Linfo_string15:
	.asciz	"RESERVED0"                     @ string offset=289
.Linfo_string16:
	.asciz	"APB1RSTR"                      @ string offset=299
.Linfo_string17:
	.asciz	"APB2RSTR"                      @ string offset=308
.Linfo_string18:
	.asciz	"RESERVED1"                     @ string offset=317
.Linfo_string19:
	.asciz	"__ARRAY_SIZE_TYPE__"           @ string offset=327
.Linfo_string20:
	.asciz	"AHB1ENR"                       @ string offset=347
.Linfo_string21:
	.asciz	"AHB2ENR"                       @ string offset=355
.Linfo_string22:
	.asciz	"AHB3ENR"                       @ string offset=363
.Linfo_string23:
	.asciz	"RESERVED2"                     @ string offset=371
.Linfo_string24:
	.asciz	"APB1ENR"                       @ string offset=381
.Linfo_string25:
	.asciz	"APB2ENR"                       @ string offset=389
.Linfo_string26:
	.asciz	"RESERVED3"                     @ string offset=397
.Linfo_string27:
	.asciz	"AHB1LPENR"                     @ string offset=407
.Linfo_string28:
	.asciz	"AHB2LPENR"                     @ string offset=417
.Linfo_string29:
	.asciz	"AHB3LPENR"                     @ string offset=427
.Linfo_string30:
	.asciz	"RESERVED4"                     @ string offset=437
.Linfo_string31:
	.asciz	"APB1LPENR"                     @ string offset=447
.Linfo_string32:
	.asciz	"APB2LPENR"                     @ string offset=457
.Linfo_string33:
	.asciz	"RESERVED5"                     @ string offset=467
.Linfo_string34:
	.asciz	"BDCR"                          @ string offset=477
.Linfo_string35:
	.asciz	"CSR"                           @ string offset=482
.Linfo_string36:
	.asciz	"RESERVED6"                     @ string offset=486
.Linfo_string37:
	.asciz	"SSCGR"                         @ string offset=496
.Linfo_string38:
	.asciz	"PLLI2SCFGR"                    @ string offset=502
.Linfo_string39:
	.asciz	"RCC_TypeDef"                   @ string offset=513
.Linfo_string40:
	.asciz	"unsigned short"                @ string offset=525
.Linfo_string41:
	.asciz	"uint16_t"                      @ string offset=540
.Linfo_string42:
	.asciz	"MODER"                         @ string offset=549
.Linfo_string43:
	.asciz	"OTYPER"                        @ string offset=555
.Linfo_string44:
	.asciz	"OSPEEDR"                       @ string offset=562
.Linfo_string45:
	.asciz	"PUPDR"                         @ string offset=570
.Linfo_string46:
	.asciz	"IDR"                           @ string offset=576
.Linfo_string47:
	.asciz	"ODR"                           @ string offset=580
.Linfo_string48:
	.asciz	"BSRR"                          @ string offset=584
.Linfo_string49:
	.asciz	"LCKR"                          @ string offset=589
.Linfo_string50:
	.asciz	"AFR"                           @ string offset=594
.Linfo_string51:
	.asciz	"GPIO_TypeDef"                  @ string offset=598
.Linfo_string52:
	.asciz	"bsp_led_init"                  @ string offset=611
.Linfo_string53:
	.asciz	"GPIO_InitStructure"            @ string offset=624
.Linfo_string54:
	.asciz	"Pin"                           @ string offset=643
.Linfo_string55:
	.asciz	"Mode"                          @ string offset=647
.Linfo_string56:
	.asciz	"Pull"                          @ string offset=652
.Linfo_string57:
	.asciz	"Speed"                         @ string offset=657
.Linfo_string58:
	.asciz	"Alternate"                     @ string offset=663
.Linfo_string59:
	.asciz	"GPIO_InitTypeDef"              @ string offset=673
.Linfo_string60:
	.asciz	"tmpreg"                        @ string offset=690
	.ident	"Component: Arm Compiler for Embedded 6.19 Tool: armclang [5e73cb00]"
	.section	".note.GNU-stack","",%progbits
	.eabi_attribute	30, 1	@ Tag_ABI_optimization_goals
	.ARM_attribute	16, 1	@ Tag_AV_eba
	.section	.debug_line,"",%progbits
.Lline_table_start0:
