	.text
	.syntax unified
	.eabi_attribute	67, "2.09"	@ Tag_conformance
	.cpu	cortex-m4
	.eabi_attribute	6, 13	@ Tag_CPU_arch
	.eabi_attribute	7, 77	@ Tag_CPU_arch_profile
	.eabi_attribute	8, 0	@ Tag_ARM_ISA_use
	.eabi_attribute	9, 2	@ Tag_THUMB_ISA_use
	.fpu	fpv4-sp-d16
	.eabi_attribute	27, 1	@ Tag_ABI_HardFP_use
	.eabi_attribute	36, 1	@ Tag_FP_HP_extension
	.eabi_attribute	34, 1	@ Tag_CPU_unaligned_access
	.eabi_attribute	17, 1	@ Tag_ABI_PCS_GOT_use
	.eabi_attribute	20, 2	@ Tag_ABI_FP_denormal
	.eabi_attribute	21, 0	@ Tag_ABI_FP_exceptions
	.eabi_attribute	23, 1	@ Tag_ABI_FP_number_model
	.eabi_attribute	24, 1	@ Tag_ABI_align_needed
	.eabi_attribute	25, 1	@ Tag_ABI_align_preserved
	.eabi_attribute	28, 1	@ Tag_ABI_VFP_args
	.eabi_attribute	38, 1	@ Tag_ABI_FP_16bit_format
	.eabi_attribute	18, 2	@ Tag_ABI_PCS_wchar_t
	.eabi_attribute	26, 1	@ Tag_ABI_enum_size
	.eabi_attribute	14, 0	@ Tag_ABI_PCS_R9_use
	.file	"delay.c"
	.file	1 "E:\\dianzi\\MDKv5\\ARM\\ARMCLANG\\Bin\\..\\include" "stdint.h"
	.file	2 "E:\\StudyNote\\study_STM32-HAL\\STM32F4_Quick_Start_Guide_HAL\\2.code\\20.RNG-Key\\Project" "../User/SYSTEM/delay/delay.c"
	.file	3 "E:\\StudyNote\\study_STM32-HAL\\STM32F4_Quick_Start_Guide_HAL\\2.code\\20.RNG-Key\\Project" "../Libraries/CMSIS/Include\\core_cm4.h"
	.section	.text.delay_init,"ax",%progbits
	.hidden	delay_init                      @ -- Begin function delay_init
	.globl	delay_init
	.p2align	2
	.type	delay_init,%function
	.code	16                              @ @delay_init
	.thumb_func
delay_init:
.Lfunc_begin0:
	.loc	2 89 0                          @ ../User/SYSTEM/delay/delay.c:89:0
	.fnstart
	.cfi_sections .debug_frame
	.cfi_startproc
@ %bb.0:
	@DEBUG_VALUE: delay_init:sysclk <- $r0
	.loc	2 93 14 prologue_end            @ ../User/SYSTEM/delay/delay.c:93:14
	movw	r1, :lower16:g_fac_us
	movt	r1, :upper16:g_fac_us
	str	r0, [r1]
	.loc	2 104 1                         @ ../User/SYSTEM/delay/delay.c:104:1
	bx	lr
.Ltmp0:
.Lfunc_end0:
	.size	delay_init, .Lfunc_end0-delay_init
	.cfi_endproc
	.cantunwind
	.fnend
                                        @ -- End function
	.section	.text.delay_us,"ax",%progbits
	.hidden	delay_us                        @ -- Begin function delay_us
	.globl	delay_us
	.p2align	2
	.type	delay_us,%function
	.code	16                              @ @delay_us
	.thumb_func
delay_us:
.Lfunc_begin1:
	.loc	2 114 0                         @ ../User/SYSTEM/delay/delay.c:114:0
	.fnstart
	.cfi_startproc
@ %bb.0:
	@DEBUG_VALUE: delay_us:nus <- $r0
	.save	{r7, lr}
	push	{r7, lr}
	.cfi_def_cfa_offset 8
	.cfi_offset lr, -4
	.cfi_offset r7, -8
	movw	r1, #57368
.Ltmp1:
	.loc	2 118 19 prologue_end           @ ../User/SYSTEM/delay/delay.c:118:19
	movw	r2, :lower16:g_fac_us
	movt	r1, #57344
.Ltmp2:
	@DEBUG_VALUE: delay_us:tcnt <- 0
	movt	r2, :upper16:g_fac_us
	.loc	2 117 32                        @ ../User/SYSTEM/delay/delay.c:117:32
	ldr	r12, [r1, #-4]
.Ltmp3:
	@DEBUG_VALUE: delay_us:reload <- $r12
	.loc	2 118 19                        @ ../User/SYSTEM/delay/delay.c:118:19
	ldr	r2, [r2]
	movs	r3, #0
	.loc	2 118 17 is_stmt 0              @ ../User/SYSTEM/delay/delay.c:118:17
	mul	lr, r2, r0
.Ltmp4:
	@DEBUG_VALUE: delay_us:ticks <- $lr
	.loc	2 124 21 is_stmt 1              @ ../User/SYSTEM/delay/delay.c:124:21
	ldr	r0, [r1]
.Ltmp5:
	@DEBUG_VALUE: delay_us:nus <- [DW_OP_LLVM_entry_value 1] $r0
	@DEBUG_VALUE: delay_us:told <- $r0
	.loc	2 0 21 is_stmt 0                @ ../User/SYSTEM/delay/delay.c:0:21
	b	.LBB1_2
.Ltmp6:
.LBB1_1:                                @   in Loop: Header=BB1_2 Depth=1
	@DEBUG_VALUE: delay_us:tnow <- $r2
	@DEBUG_VALUE: delay_us:tcnt <- $r3
	@DEBUG_VALUE: delay_us:told <- $r0
	@DEBUG_VALUE: delay_us:nus <- [DW_OP_LLVM_entry_value 1] $r0
	@DEBUG_VALUE: delay_us:ticks <- $lr
	@DEBUG_VALUE: delay_us:reload <- $r12
	.loc	2 130 17 is_stmt 1              @ ../User/SYSTEM/delay/delay.c:130:17
	add	r3, r0
.Ltmp7:
	subs	r3, r3, r2
.Ltmp8:
	.loc	2 0 0 is_stmt 0                 @ ../User/SYSTEM/delay/delay.c:0:0
	cmp	r0, r2
	it	ls
	addls	r3, r12
.Ltmp9:
	@DEBUG_VALUE: delay_us:told <- $r2
	@DEBUG_VALUE: delay_us:tcnt <- $r3
	.loc	2 139 17 is_stmt 1              @ ../User/SYSTEM/delay/delay.c:139:17
	cmp	r3, lr
	mov	r0, r2
.Ltmp10:
	@DEBUG_VALUE: delay_us:told <- $r0
	.loc	2 150 1                         @ ../User/SYSTEM/delay/delay.c:150:1
	it	hs
	pophs	{r7, pc}
.Ltmp11:
	.p2align	2
.LBB1_2:                                @ =>This Inner Loop Header: Depth=1
	@DEBUG_VALUE: delay_us:told <- $r0
	@DEBUG_VALUE: delay_us:nus <- [DW_OP_LLVM_entry_value 1] $r0
	@DEBUG_VALUE: delay_us:ticks <- $lr
	@DEBUG_VALUE: delay_us:reload <- $r12
	@DEBUG_VALUE: delay_us:tcnt <- $r3
	@DEBUG_VALUE: delay_us:told <- $r0
	.loc	2 127 25                        @ ../User/SYSTEM/delay/delay.c:127:25
	ldr	r2, [r1]
.Ltmp12:
	@DEBUG_VALUE: delay_us:tnow <- $r2
	.loc	2 128 13                        @ ../User/SYSTEM/delay/delay.c:128:13
	cmp	r0, r2
	bne	.LBB1_1
.Ltmp13:
@ %bb.3:                                @   in Loop: Header=BB1_2 Depth=1
	@DEBUG_VALUE: delay_us:tnow <- $r2
	@DEBUG_VALUE: delay_us:tcnt <- $r3
	@DEBUG_VALUE: delay_us:told <- $r0
	@DEBUG_VALUE: delay_us:nus <- [DW_OP_LLVM_entry_value 1] $r0
	@DEBUG_VALUE: delay_us:ticks <- $lr
	@DEBUG_VALUE: delay_us:reload <- $r12
	@DEBUG_VALUE: delay_us:tcnt <- $r3
	@DEBUG_VALUE: delay_us:told <- $r0
	.loc	2 127 25                        @ ../User/SYSTEM/delay/delay.c:127:25
	ldr	r2, [r1]
.Ltmp14:
	@DEBUG_VALUE: delay_us:tnow <- $r2
	.loc	2 128 13                        @ ../User/SYSTEM/delay/delay.c:128:13
	cmp	r0, r2
	bne	.LBB1_1
.Ltmp15:
@ %bb.4:                                @   in Loop: Header=BB1_2 Depth=1
	@DEBUG_VALUE: delay_us:tnow <- $r2
	@DEBUG_VALUE: delay_us:tcnt <- $r3
	@DEBUG_VALUE: delay_us:told <- $r0
	@DEBUG_VALUE: delay_us:nus <- [DW_OP_LLVM_entry_value 1] $r0
	@DEBUG_VALUE: delay_us:ticks <- $lr
	@DEBUG_VALUE: delay_us:reload <- $r12
	@DEBUG_VALUE: delay_us:tcnt <- $r3
	@DEBUG_VALUE: delay_us:told <- $r0
	.loc	2 127 25                        @ ../User/SYSTEM/delay/delay.c:127:25
	ldr	r2, [r1]
.Ltmp16:
	@DEBUG_VALUE: delay_us:tnow <- $r2
	.loc	2 128 13                        @ ../User/SYSTEM/delay/delay.c:128:13
	cmp	r0, r2
	bne	.LBB1_1
.Ltmp17:
@ %bb.5:                                @   in Loop: Header=BB1_2 Depth=1
	@DEBUG_VALUE: delay_us:tnow <- $r2
	@DEBUG_VALUE: delay_us:tcnt <- $r3
	@DEBUG_VALUE: delay_us:told <- $r0
	@DEBUG_VALUE: delay_us:nus <- [DW_OP_LLVM_entry_value 1] $r0
	@DEBUG_VALUE: delay_us:ticks <- $lr
	@DEBUG_VALUE: delay_us:reload <- $r12
	@DEBUG_VALUE: delay_us:tcnt <- $r3
	@DEBUG_VALUE: delay_us:told <- $r0
	.loc	2 127 25                        @ ../User/SYSTEM/delay/delay.c:127:25
	ldr	r2, [r1]
.Ltmp18:
	@DEBUG_VALUE: delay_us:tnow <- $r2
	.loc	2 128 13                        @ ../User/SYSTEM/delay/delay.c:128:13
	cmp	r0, r2
	beq	.LBB1_2
	b	.LBB1_1
.Ltmp19:
.Lfunc_end1:
	.size	delay_us, .Lfunc_end1-delay_us
	.cfi_endproc
	.cantunwind
	.fnend
                                        @ -- End function
	.section	.text.delay_ms,"ax",%progbits
	.hidden	delay_ms                        @ -- Begin function delay_ms
	.globl	delay_ms
	.p2align	2
	.type	delay_ms,%function
	.code	16                              @ @delay_ms
	.thumb_func
delay_ms:
.Lfunc_begin2:
	.loc	2 158 0                         @ ../User/SYSTEM/delay/delay.c:158:0
	.fnstart
	.cfi_startproc
@ %bb.0:
	@DEBUG_VALUE: delay_ms:nms <- $r0
	.save	{r7, lr}
	push	{r7, lr}
	.cfi_def_cfa_offset 8
	.cfi_offset lr, -4
	.cfi_offset r7, -8
	movw	r1, #57368
.Ltmp20:
	.loc	2 118 19 prologue_end           @ ../User/SYSTEM/delay/delay.c:118:19
	movw	r2, :lower16:g_fac_us
	movt	r1, #57344
.Ltmp21:
	@DEBUG_VALUE: delay_us:tcnt <- 0
	@DEBUG_VALUE: delay_us:nus <- undef
	movt	r2, :upper16:g_fac_us
	.loc	2 117 32                        @ ../User/SYSTEM/delay/delay.c:117:32
	ldr	r12, [r1, #-4]
.Ltmp22:
	@DEBUG_VALUE: delay_us:reload <- $r12
	.loc	2 118 19                        @ ../User/SYSTEM/delay/delay.c:118:19
	ldr	r2, [r2]
	movs	r3, #0
.Ltmp23:
	.loc	2 172 29                        @ ../User/SYSTEM/delay/delay.c:172:29
	muls	r0, r2, r0
.Ltmp24:
	@DEBUG_VALUE: delay_ms:nms <- [DW_OP_LLVM_entry_value 1] $r0
	.loc	2 0 29 is_stmt 0                @ ../User/SYSTEM/delay/delay.c:0:29
	mov.w	r2, #1000
.Ltmp25:
	.loc	2 118 17 is_stmt 1              @ ../User/SYSTEM/delay/delay.c:118:17
	mul	lr, r0, r2
.Ltmp26:
	@DEBUG_VALUE: delay_us:ticks <- $lr
	@DEBUG_VALUE: delay_us:tcnt <- 0
	.loc	2 124 21                        @ ../User/SYSTEM/delay/delay.c:124:21
	ldr	r0, [r1]
.Ltmp27:
	@DEBUG_VALUE: delay_us:told <- $r0
	.loc	2 0 21 is_stmt 0                @ ../User/SYSTEM/delay/delay.c:0:21
	b	.LBB2_2
.Ltmp28:
.LBB2_1:                                @   in Loop: Header=BB2_2 Depth=1
	@DEBUG_VALUE: delay_us:tnow <- $r2
	@DEBUG_VALUE: delay_us:tcnt <- $r3
	@DEBUG_VALUE: delay_us:told <- $r0
	@DEBUG_VALUE: delay_us:ticks <- $lr
	@DEBUG_VALUE: delay_ms:nms <- [DW_OP_LLVM_entry_value 1] $r0
	@DEBUG_VALUE: delay_us:reload <- $r12
	.loc	2 130 17 is_stmt 1              @ ../User/SYSTEM/delay/delay.c:130:17
	add	r3, r0
.Ltmp29:
	subs	r3, r3, r2
.Ltmp30:
	.loc	2 0 0 is_stmt 0                 @ ../User/SYSTEM/delay/delay.c:0:0
	cmp	r0, r2
	it	ls
	addls	r3, r12
.Ltmp31:
	@DEBUG_VALUE: delay_us:told <- $r2
	@DEBUG_VALUE: delay_us:tcnt <- $r3
	.loc	2 139 17 is_stmt 1              @ ../User/SYSTEM/delay/delay.c:139:17
	cmp	r3, lr
	mov	r0, r2
.Ltmp32:
	@DEBUG_VALUE: delay_us:told <- $r0
	.loc	2 173 1                         @ ../User/SYSTEM/delay/delay.c:173:1
	it	hs
	pophs	{r7, pc}
.Ltmp33:
	.p2align	2
.LBB2_2:                                @ =>This Inner Loop Header: Depth=1
	@DEBUG_VALUE: delay_us:told <- $r0
	@DEBUG_VALUE: delay_us:ticks <- $lr
	@DEBUG_VALUE: delay_ms:nms <- [DW_OP_LLVM_entry_value 1] $r0
	@DEBUG_VALUE: delay_us:reload <- $r12
	@DEBUG_VALUE: delay_us:tcnt <- $r3
	@DEBUG_VALUE: delay_us:told <- $r0
	.loc	2 127 25                        @ ../User/SYSTEM/delay/delay.c:127:25
	ldr	r2, [r1]
.Ltmp34:
	@DEBUG_VALUE: delay_us:tnow <- $r2
	.loc	2 128 13                        @ ../User/SYSTEM/delay/delay.c:128:13
	cmp	r0, r2
	bne	.LBB2_1
.Ltmp35:
@ %bb.3:                                @   in Loop: Header=BB2_2 Depth=1
	@DEBUG_VALUE: delay_us:tnow <- $r2
	@DEBUG_VALUE: delay_us:tcnt <- $r3
	@DEBUG_VALUE: delay_us:told <- $r0
	@DEBUG_VALUE: delay_us:ticks <- $lr
	@DEBUG_VALUE: delay_ms:nms <- [DW_OP_LLVM_entry_value 1] $r0
	@DEBUG_VALUE: delay_us:reload <- $r12
	@DEBUG_VALUE: delay_us:tcnt <- $r3
	@DEBUG_VALUE: delay_us:told <- $r0
	.loc	2 127 25                        @ ../User/SYSTEM/delay/delay.c:127:25
	ldr	r2, [r1]
.Ltmp36:
	@DEBUG_VALUE: delay_us:tnow <- $r2
	.loc	2 128 13                        @ ../User/SYSTEM/delay/delay.c:128:13
	cmp	r0, r2
	bne	.LBB2_1
.Ltmp37:
@ %bb.4:                                @   in Loop: Header=BB2_2 Depth=1
	@DEBUG_VALUE: delay_us:tnow <- $r2
	@DEBUG_VALUE: delay_us:tcnt <- $r3
	@DEBUG_VALUE: delay_us:told <- $r0
	@DEBUG_VALUE: delay_us:ticks <- $lr
	@DEBUG_VALUE: delay_ms:nms <- [DW_OP_LLVM_entry_value 1] $r0
	@DEBUG_VALUE: delay_us:reload <- $r12
	@DEBUG_VALUE: delay_us:tcnt <- $r3
	@DEBUG_VALUE: delay_us:told <- $r0
	.loc	2 127 25                        @ ../User/SYSTEM/delay/delay.c:127:25
	ldr	r2, [r1]
.Ltmp38:
	@DEBUG_VALUE: delay_us:tnow <- $r2
	.loc	2 128 13                        @ ../User/SYSTEM/delay/delay.c:128:13
	cmp	r0, r2
	bne	.LBB2_1
.Ltmp39:
@ %bb.5:                                @   in Loop: Header=BB2_2 Depth=1
	@DEBUG_VALUE: delay_us:tnow <- $r2
	@DEBUG_VALUE: delay_us:tcnt <- $r3
	@DEBUG_VALUE: delay_us:told <- $r0
	@DEBUG_VALUE: delay_us:ticks <- $lr
	@DEBUG_VALUE: delay_ms:nms <- [DW_OP_LLVM_entry_value 1] $r0
	@DEBUG_VALUE: delay_us:reload <- $r12
	@DEBUG_VALUE: delay_us:tcnt <- $r3
	@DEBUG_VALUE: delay_us:told <- $r0
	.loc	2 127 25                        @ ../User/SYSTEM/delay/delay.c:127:25
	ldr	r2, [r1]
.Ltmp40:
	@DEBUG_VALUE: delay_us:tnow <- $r2
	.loc	2 128 13                        @ ../User/SYSTEM/delay/delay.c:128:13
	cmp	r0, r2
	beq	.LBB2_2
	b	.LBB2_1
.Ltmp41:
.Lfunc_end2:
	.size	delay_ms, .Lfunc_end2-delay_ms
	.cfi_endproc
	.cantunwind
	.fnend
                                        @ -- End function
	.section	.text.HAL_Delay,"ax",%progbits
	.hidden	HAL_Delay                       @ -- Begin function HAL_Delay
	.globl	HAL_Delay
	.p2align	2
	.type	HAL_Delay,%function
	.code	16                              @ @HAL_Delay
	.thumb_func
HAL_Delay:
.Lfunc_begin3:
	.loc	2 182 0                         @ ../User/SYSTEM/delay/delay.c:182:0
	.fnstart
	.cfi_startproc
@ %bb.0:
	@DEBUG_VALUE: HAL_Delay:Delay <- $r0
	.save	{r7, lr}
	push	{r7, lr}
	.cfi_def_cfa_offset 8
	.cfi_offset lr, -4
	.cfi_offset r7, -8
	movw	r1, #57368
.Ltmp42:
	.loc	2 118 19 prologue_end           @ ../User/SYSTEM/delay/delay.c:118:19
	movw	r2, :lower16:g_fac_us
	movt	r1, #57344
.Ltmp43:
	@DEBUG_VALUE: delay_ms:nms <- $r0
	movt	r2, :upper16:g_fac_us
	.loc	2 117 32                        @ ../User/SYSTEM/delay/delay.c:117:32
	ldr	r12, [r1, #-4]
.Ltmp44:
	@DEBUG_VALUE: delay_us:reload <- $r12
	.loc	2 118 19                        @ ../User/SYSTEM/delay/delay.c:118:19
	ldr	r2, [r2]
.Ltmp45:
	.loc	2 172 25                        @ ../User/SYSTEM/delay/delay.c:172:25
	uxth	r0, r0
.Ltmp46:
	@DEBUG_VALUE: HAL_Delay:Delay <- [DW_OP_LLVM_entry_value 1] $r0
	@DEBUG_VALUE: delay_us:nus <- undef
	.loc	2 172 29 is_stmt 0              @ ../User/SYSTEM/delay/delay.c:172:29
	muls	r0, r2, r0
	mov.w	r2, #1000
.Ltmp47:
	@DEBUG_VALUE: delay_us:tcnt <- 0
	.loc	2 118 17 is_stmt 1              @ ../User/SYSTEM/delay/delay.c:118:17
	mul	lr, r0, r2
.Ltmp48:
	@DEBUG_VALUE: delay_us:ticks <- $lr
	.loc	2 124 21                        @ ../User/SYSTEM/delay/delay.c:124:21
	ldr	r0, [r1]
.Ltmp49:
	@DEBUG_VALUE: delay_us:told <- $r0
	.loc	2 0 21 is_stmt 0                @ ../User/SYSTEM/delay/delay.c:0:21
	movs	r3, #0
	b	.LBB3_2
.Ltmp50:
.LBB3_1:                                @   in Loop: Header=BB3_2 Depth=1
	@DEBUG_VALUE: delay_us:tnow <- $r2
	@DEBUG_VALUE: delay_us:tcnt <- $r3
	@DEBUG_VALUE: delay_us:told <- $r0
	@DEBUG_VALUE: delay_us:ticks <- $lr
	@DEBUG_VALUE: HAL_Delay:Delay <- [DW_OP_LLVM_entry_value 1] $r0
	@DEBUG_VALUE: delay_us:reload <- $r12
	.loc	2 130 17 is_stmt 1              @ ../User/SYSTEM/delay/delay.c:130:17
	add	r3, r0
.Ltmp51:
	subs	r3, r3, r2
.Ltmp52:
	.loc	2 0 0 is_stmt 0                 @ ../User/SYSTEM/delay/delay.c:0:0
	cmp	r0, r2
	it	ls
	addls	r3, r12
.Ltmp53:
	@DEBUG_VALUE: delay_us:told <- $r2
	@DEBUG_VALUE: delay_us:tcnt <- $r3
	.loc	2 139 17 is_stmt 1              @ ../User/SYSTEM/delay/delay.c:139:17
	cmp	r3, lr
	mov	r0, r2
.Ltmp54:
	@DEBUG_VALUE: delay_us:told <- $r0
	.loc	2 184 1                         @ ../User/SYSTEM/delay/delay.c:184:1
	it	hs
	pophs	{r7, pc}
.Ltmp55:
	.p2align	2
.LBB3_2:                                @ =>This Inner Loop Header: Depth=1
	@DEBUG_VALUE: delay_us:told <- $r0
	@DEBUG_VALUE: delay_us:ticks <- $lr
	@DEBUG_VALUE: HAL_Delay:Delay <- [DW_OP_LLVM_entry_value 1] $r0
	@DEBUG_VALUE: delay_us:reload <- $r12
	@DEBUG_VALUE: delay_us:tcnt <- $r3
	@DEBUG_VALUE: delay_us:told <- $r0
	.loc	2 127 25                        @ ../User/SYSTEM/delay/delay.c:127:25
	ldr	r2, [r1]
.Ltmp56:
	@DEBUG_VALUE: delay_us:tnow <- $r2
	.loc	2 128 13                        @ ../User/SYSTEM/delay/delay.c:128:13
	cmp	r0, r2
	bne	.LBB3_1
.Ltmp57:
@ %bb.3:                                @   in Loop: Header=BB3_2 Depth=1
	@DEBUG_VALUE: delay_us:tnow <- $r2
	@DEBUG_VALUE: delay_us:tcnt <- $r3
	@DEBUG_VALUE: delay_us:told <- $r0
	@DEBUG_VALUE: delay_us:ticks <- $lr
	@DEBUG_VALUE: HAL_Delay:Delay <- [DW_OP_LLVM_entry_value 1] $r0
	@DEBUG_VALUE: delay_us:reload <- $r12
	@DEBUG_VALUE: delay_us:tcnt <- $r3
	@DEBUG_VALUE: delay_us:told <- $r0
	.loc	2 127 25                        @ ../User/SYSTEM/delay/delay.c:127:25
	ldr	r2, [r1]
.Ltmp58:
	@DEBUG_VALUE: delay_us:tnow <- $r2
	.loc	2 128 13                        @ ../User/SYSTEM/delay/delay.c:128:13
	cmp	r0, r2
	bne	.LBB3_1
.Ltmp59:
@ %bb.4:                                @   in Loop: Header=BB3_2 Depth=1
	@DEBUG_VALUE: delay_us:tnow <- $r2
	@DEBUG_VALUE: delay_us:tcnt <- $r3
	@DEBUG_VALUE: delay_us:told <- $r0
	@DEBUG_VALUE: delay_us:ticks <- $lr
	@DEBUG_VALUE: HAL_Delay:Delay <- [DW_OP_LLVM_entry_value 1] $r0
	@DEBUG_VALUE: delay_us:reload <- $r12
	@DEBUG_VALUE: delay_us:tcnt <- $r3
	@DEBUG_VALUE: delay_us:told <- $r0
	.loc	2 127 25                        @ ../User/SYSTEM/delay/delay.c:127:25
	ldr	r2, [r1]
.Ltmp60:
	@DEBUG_VALUE: delay_us:tnow <- $r2
	.loc	2 128 13                        @ ../User/SYSTEM/delay/delay.c:128:13
	cmp	r0, r2
	bne	.LBB3_1
.Ltmp61:
@ %bb.5:                                @   in Loop: Header=BB3_2 Depth=1
	@DEBUG_VALUE: delay_us:tnow <- $r2
	@DEBUG_VALUE: delay_us:tcnt <- $r3
	@DEBUG_VALUE: delay_us:told <- $r0
	@DEBUG_VALUE: delay_us:ticks <- $lr
	@DEBUG_VALUE: HAL_Delay:Delay <- [DW_OP_LLVM_entry_value 1] $r0
	@DEBUG_VALUE: delay_us:reload <- $r12
	@DEBUG_VALUE: delay_us:tcnt <- $r3
	@DEBUG_VALUE: delay_us:told <- $r0
	.loc	2 127 25                        @ ../User/SYSTEM/delay/delay.c:127:25
	ldr	r2, [r1]
.Ltmp62:
	@DEBUG_VALUE: delay_us:tnow <- $r2
	.loc	2 128 13                        @ ../User/SYSTEM/delay/delay.c:128:13
	cmp	r0, r2
	beq	.LBB3_2
	b	.LBB3_1
.Ltmp63:
.Lfunc_end3:
	.size	HAL_Delay, .Lfunc_end3-HAL_Delay
	.cfi_endproc
	.cantunwind
	.fnend
                                        @ -- End function
	.type	g_fac_us,%object                @ @g_fac_us
	.section	.bss.g_fac_us,"aw",%nobits
	.p2align	2, 0x0
g_fac_us:
	.long	0                               @ 0x0
	.size	g_fac_us, 4

	.section	.debug_loc,"",%progbits
.Ldebug_loc0:
	.long	-1
	.long	.Lfunc_begin1                   @   base address
	.long	.Lfunc_begin1-.Lfunc_begin1
	.long	.Ltmp5-.Lfunc_begin1
	.short	1                               @ Loc expr size
	.byte	80                              @ DW_OP_reg0
	.long	.Ltmp5-.Lfunc_begin1
	.long	.Lfunc_end1-.Lfunc_begin1
	.short	4                               @ Loc expr size
	.byte	243                             @ DW_OP_GNU_entry_value
	.byte	1                               @ 1
	.byte	80                              @ DW_OP_reg0
	.byte	159                             @ DW_OP_stack_value
	.long	0
	.long	0
.Ldebug_loc1:
	.long	-1
	.long	.Lfunc_begin1                   @   base address
	.long	.Ltmp2-.Lfunc_begin1
	.long	.Ltmp6-.Lfunc_begin1
	.short	2                               @ Loc expr size
	.byte	48                              @ DW_OP_lit0
	.byte	159                             @ DW_OP_stack_value
	.long	.Ltmp6-.Lfunc_begin1
	.long	.Ltmp7-.Lfunc_begin1
	.short	1                               @ Loc expr size
	.byte	83                              @ DW_OP_reg3
	.long	.Ltmp9-.Lfunc_begin1
	.long	.Lfunc_end1-.Lfunc_begin1
	.short	1                               @ Loc expr size
	.byte	83                              @ DW_OP_reg3
	.long	0
	.long	0
.Ldebug_loc2:
	.long	-1
	.long	.Lfunc_begin1                   @   base address
	.long	.Ltmp3-.Lfunc_begin1
	.long	.Lfunc_end1-.Lfunc_begin1
	.short	1                               @ Loc expr size
	.byte	92                              @ DW_OP_reg12
	.long	0
	.long	0
.Ldebug_loc3:
	.long	-1
	.long	.Lfunc_begin1                   @   base address
	.long	.Ltmp4-.Lfunc_begin1
	.long	.Lfunc_end1-.Lfunc_begin1
	.short	1                               @ Loc expr size
	.byte	94                              @ DW_OP_reg14
	.long	0
	.long	0
.Ldebug_loc4:
	.long	-1
	.long	.Lfunc_begin1                   @   base address
	.long	.Ltmp5-.Lfunc_begin1
	.long	.Ltmp9-.Lfunc_begin1
	.short	1                               @ Loc expr size
	.byte	80                              @ DW_OP_reg0
	.long	.Ltmp9-.Lfunc_begin1
	.long	.Ltmp10-.Lfunc_begin1
	.short	1                               @ Loc expr size
	.byte	82                              @ DW_OP_reg2
	.long	.Ltmp10-.Lfunc_begin1
	.long	.Lfunc_end1-.Lfunc_begin1
	.short	1                               @ Loc expr size
	.byte	80                              @ DW_OP_reg0
	.long	0
	.long	0
.Ldebug_loc5:
	.long	-1
	.long	.Lfunc_begin1                   @   base address
	.long	.Ltmp6-.Lfunc_begin1
	.long	.Ltmp11-.Lfunc_begin1
	.short	1                               @ Loc expr size
	.byte	82                              @ DW_OP_reg2
	.long	.Ltmp12-.Lfunc_begin1
	.long	.Lfunc_end1-.Lfunc_begin1
	.short	1                               @ Loc expr size
	.byte	82                              @ DW_OP_reg2
	.long	0
	.long	0
.Ldebug_loc6:
	.long	-1
	.long	.Lfunc_begin2                   @   base address
	.long	.Lfunc_begin2-.Lfunc_begin2
	.long	.Ltmp24-.Lfunc_begin2
	.short	1                               @ Loc expr size
	.byte	80                              @ DW_OP_reg0
	.long	.Ltmp24-.Lfunc_begin2
	.long	.Lfunc_end2-.Lfunc_begin2
	.short	4                               @ Loc expr size
	.byte	243                             @ DW_OP_GNU_entry_value
	.byte	1                               @ 1
	.byte	80                              @ DW_OP_reg0
	.byte	159                             @ DW_OP_stack_value
	.long	0
	.long	0
.Ldebug_loc7:
	.long	-1
	.long	.Lfunc_begin2                   @   base address
	.long	.Ltmp21-.Lfunc_begin2
	.long	.Ltmp28-.Lfunc_begin2
	.short	2                               @ Loc expr size
	.byte	48                              @ DW_OP_lit0
	.byte	159                             @ DW_OP_stack_value
	.long	.Ltmp28-.Lfunc_begin2
	.long	.Ltmp29-.Lfunc_begin2
	.short	1                               @ Loc expr size
	.byte	83                              @ DW_OP_reg3
	.long	.Ltmp31-.Lfunc_begin2
	.long	.Lfunc_end2-.Lfunc_begin2
	.short	1                               @ Loc expr size
	.byte	83                              @ DW_OP_reg3
	.long	0
	.long	0
.Ldebug_loc8:
	.long	-1
	.long	.Lfunc_begin2                   @   base address
	.long	.Ltmp22-.Lfunc_begin2
	.long	.Lfunc_end2-.Lfunc_begin2
	.short	1                               @ Loc expr size
	.byte	92                              @ DW_OP_reg12
	.long	0
	.long	0
.Ldebug_loc9:
	.long	-1
	.long	.Lfunc_begin2                   @   base address
	.long	.Ltmp26-.Lfunc_begin2
	.long	.Lfunc_end2-.Lfunc_begin2
	.short	1                               @ Loc expr size
	.byte	94                              @ DW_OP_reg14
	.long	0
	.long	0
.Ldebug_loc10:
	.long	-1
	.long	.Lfunc_begin2                   @   base address
	.long	.Ltmp27-.Lfunc_begin2
	.long	.Ltmp31-.Lfunc_begin2
	.short	1                               @ Loc expr size
	.byte	80                              @ DW_OP_reg0
	.long	.Ltmp31-.Lfunc_begin2
	.long	.Ltmp32-.Lfunc_begin2
	.short	1                               @ Loc expr size
	.byte	82                              @ DW_OP_reg2
	.long	.Ltmp32-.Lfunc_begin2
	.long	.Lfunc_end2-.Lfunc_begin2
	.short	1                               @ Loc expr size
	.byte	80                              @ DW_OP_reg0
	.long	0
	.long	0
.Ldebug_loc11:
	.long	-1
	.long	.Lfunc_begin2                   @   base address
	.long	.Ltmp28-.Lfunc_begin2
	.long	.Ltmp33-.Lfunc_begin2
	.short	1                               @ Loc expr size
	.byte	82                              @ DW_OP_reg2
	.long	.Ltmp34-.Lfunc_begin2
	.long	.Lfunc_end2-.Lfunc_begin2
	.short	1                               @ Loc expr size
	.byte	82                              @ DW_OP_reg2
	.long	0
	.long	0
.Ldebug_loc12:
	.long	-1
	.long	.Lfunc_begin3                   @   base address
	.long	.Lfunc_begin3-.Lfunc_begin3
	.long	.Ltmp46-.Lfunc_begin3
	.short	1                               @ Loc expr size
	.byte	80                              @ DW_OP_reg0
	.long	.Ltmp46-.Lfunc_begin3
	.long	.Lfunc_end3-.Lfunc_begin3
	.short	4                               @ Loc expr size
	.byte	243                             @ DW_OP_GNU_entry_value
	.byte	1                               @ 1
	.byte	80                              @ DW_OP_reg0
	.byte	159                             @ DW_OP_stack_value
	.long	0
	.long	0
.Ldebug_loc13:
	.long	-1
	.long	.Lfunc_begin3                   @   base address
	.long	.Ltmp43-.Lfunc_begin3
	.long	.Ltmp46-.Lfunc_begin3
	.short	1                               @ Loc expr size
	.byte	80                              @ DW_OP_reg0
	.long	0
	.long	0
.Ldebug_loc14:
	.long	-1
	.long	.Lfunc_begin3                   @   base address
	.long	.Ltmp44-.Lfunc_begin3
	.long	.Lfunc_end3-.Lfunc_begin3
	.short	1                               @ Loc expr size
	.byte	92                              @ DW_OP_reg12
	.long	0
	.long	0
.Ldebug_loc15:
	.long	-1
	.long	.Lfunc_begin3                   @   base address
	.long	.Ltmp47-.Lfunc_begin3
	.long	.Ltmp50-.Lfunc_begin3
	.short	2                               @ Loc expr size
	.byte	48                              @ DW_OP_lit0
	.byte	159                             @ DW_OP_stack_value
	.long	.Ltmp50-.Lfunc_begin3
	.long	.Ltmp51-.Lfunc_begin3
	.short	1                               @ Loc expr size
	.byte	83                              @ DW_OP_reg3
	.long	.Ltmp53-.Lfunc_begin3
	.long	.Lfunc_end3-.Lfunc_begin3
	.short	1                               @ Loc expr size
	.byte	83                              @ DW_OP_reg3
	.long	0
	.long	0
.Ldebug_loc16:
	.long	-1
	.long	.Lfunc_begin3                   @   base address
	.long	.Ltmp48-.Lfunc_begin3
	.long	.Lfunc_end3-.Lfunc_begin3
	.short	1                               @ Loc expr size
	.byte	94                              @ DW_OP_reg14
	.long	0
	.long	0
.Ldebug_loc17:
	.long	-1
	.long	.Lfunc_begin3                   @   base address
	.long	.Ltmp49-.Lfunc_begin3
	.long	.Ltmp53-.Lfunc_begin3
	.short	1                               @ Loc expr size
	.byte	80                              @ DW_OP_reg0
	.long	.Ltmp53-.Lfunc_begin3
	.long	.Ltmp54-.Lfunc_begin3
	.short	1                               @ Loc expr size
	.byte	82                              @ DW_OP_reg2
	.long	.Ltmp54-.Lfunc_begin3
	.long	.Lfunc_end3-.Lfunc_begin3
	.short	1                               @ Loc expr size
	.byte	80                              @ DW_OP_reg0
	.long	0
	.long	0
.Ldebug_loc18:
	.long	-1
	.long	.Lfunc_begin3                   @   base address
	.long	.Ltmp50-.Lfunc_begin3
	.long	.Ltmp55-.Lfunc_begin3
	.short	1                               @ Loc expr size
	.byte	82                              @ DW_OP_reg2
	.long	.Ltmp56-.Lfunc_begin3
	.long	.Lfunc_end3-.Lfunc_begin3
	.short	1                               @ Loc expr size
	.byte	82                              @ DW_OP_reg2
	.long	0
	.long	0
	.section	.debug_abbrev,"",%progbits
	.byte	1                               @ Abbreviation Code
	.byte	17                              @ DW_TAG_compile_unit
	.byte	1                               @ DW_CHILDREN_yes
	.byte	37                              @ DW_AT_producer
	.byte	14                              @ DW_FORM_strp
	.byte	19                              @ DW_AT_language
	.byte	5                               @ DW_FORM_data2
	.byte	3                               @ DW_AT_name
	.byte	14                              @ DW_FORM_strp
	.byte	16                              @ DW_AT_stmt_list
	.byte	23                              @ DW_FORM_sec_offset
	.byte	27                              @ DW_AT_comp_dir
	.byte	14                              @ DW_FORM_strp
	.byte	17                              @ DW_AT_low_pc
	.byte	1                               @ DW_FORM_addr
	.byte	85                              @ DW_AT_ranges
	.byte	23                              @ DW_FORM_sec_offset
	.byte	0                               @ EOM(1)
	.byte	0                               @ EOM(2)
	.byte	2                               @ Abbreviation Code
	.byte	52                              @ DW_TAG_variable
	.byte	0                               @ DW_CHILDREN_no
	.byte	3                               @ DW_AT_name
	.byte	14                              @ DW_FORM_strp
	.byte	73                              @ DW_AT_type
	.byte	19                              @ DW_FORM_ref4
	.byte	58                              @ DW_AT_decl_file
	.byte	11                              @ DW_FORM_data1
	.byte	59                              @ DW_AT_decl_line
	.byte	11                              @ DW_FORM_data1
	.byte	2                               @ DW_AT_location
	.byte	24                              @ DW_FORM_exprloc
	.byte	0                               @ EOM(1)
	.byte	0                               @ EOM(2)
	.byte	3                               @ Abbreviation Code
	.byte	22                              @ DW_TAG_typedef
	.byte	0                               @ DW_CHILDREN_no
	.byte	73                              @ DW_AT_type
	.byte	19                              @ DW_FORM_ref4
	.byte	3                               @ DW_AT_name
	.byte	14                              @ DW_FORM_strp
	.byte	58                              @ DW_AT_decl_file
	.byte	11                              @ DW_FORM_data1
	.byte	59                              @ DW_AT_decl_line
	.byte	11                              @ DW_FORM_data1
	.byte	0                               @ EOM(1)
	.byte	0                               @ EOM(2)
	.byte	4                               @ Abbreviation Code
	.byte	36                              @ DW_TAG_base_type
	.byte	0                               @ DW_CHILDREN_no
	.byte	3                               @ DW_AT_name
	.byte	14                              @ DW_FORM_strp
	.byte	62                              @ DW_AT_encoding
	.byte	11                              @ DW_FORM_data1
	.byte	11                              @ DW_AT_byte_size
	.byte	11                              @ DW_FORM_data1
	.byte	0                               @ EOM(1)
	.byte	0                               @ EOM(2)
	.byte	5                               @ Abbreviation Code
	.byte	15                              @ DW_TAG_pointer_type
	.byte	0                               @ DW_CHILDREN_no
	.byte	73                              @ DW_AT_type
	.byte	19                              @ DW_FORM_ref4
	.byte	0                               @ EOM(1)
	.byte	0                               @ EOM(2)
	.byte	6                               @ Abbreviation Code
	.byte	22                              @ DW_TAG_typedef
	.byte	0                               @ DW_CHILDREN_no
	.byte	73                              @ DW_AT_type
	.byte	19                              @ DW_FORM_ref4
	.byte	3                               @ DW_AT_name
	.byte	14                              @ DW_FORM_strp
	.byte	58                              @ DW_AT_decl_file
	.byte	11                              @ DW_FORM_data1
	.byte	59                              @ DW_AT_decl_line
	.byte	5                               @ DW_FORM_data2
	.byte	0                               @ EOM(1)
	.byte	0                               @ EOM(2)
	.byte	7                               @ Abbreviation Code
	.byte	19                              @ DW_TAG_structure_type
	.byte	1                               @ DW_CHILDREN_yes
	.byte	11                              @ DW_AT_byte_size
	.byte	11                              @ DW_FORM_data1
	.byte	58                              @ DW_AT_decl_file
	.byte	11                              @ DW_FORM_data1
	.byte	59                              @ DW_AT_decl_line
	.byte	5                               @ DW_FORM_data2
	.byte	0                               @ EOM(1)
	.byte	0                               @ EOM(2)
	.byte	8                               @ Abbreviation Code
	.byte	13                              @ DW_TAG_member
	.byte	0                               @ DW_CHILDREN_no
	.byte	3                               @ DW_AT_name
	.byte	14                              @ DW_FORM_strp
	.byte	73                              @ DW_AT_type
	.byte	19                              @ DW_FORM_ref4
	.byte	58                              @ DW_AT_decl_file
	.byte	11                              @ DW_FORM_data1
	.byte	59                              @ DW_AT_decl_line
	.byte	5                               @ DW_FORM_data2
	.byte	56                              @ DW_AT_data_member_location
	.byte	11                              @ DW_FORM_data1
	.byte	0                               @ EOM(1)
	.byte	0                               @ EOM(2)
	.byte	9                               @ Abbreviation Code
	.byte	53                              @ DW_TAG_volatile_type
	.byte	0                               @ DW_CHILDREN_no
	.byte	73                              @ DW_AT_type
	.byte	19                              @ DW_FORM_ref4
	.byte	0                               @ EOM(1)
	.byte	0                               @ EOM(2)
	.byte	10                              @ Abbreviation Code
	.byte	38                              @ DW_TAG_const_type
	.byte	0                               @ DW_CHILDREN_no
	.byte	73                              @ DW_AT_type
	.byte	19                              @ DW_FORM_ref4
	.byte	0                               @ EOM(1)
	.byte	0                               @ EOM(2)
	.byte	11                              @ Abbreviation Code
	.byte	46                              @ DW_TAG_subprogram
	.byte	1                               @ DW_CHILDREN_yes
	.byte	17                              @ DW_AT_low_pc
	.byte	1                               @ DW_FORM_addr
	.byte	18                              @ DW_AT_high_pc
	.byte	6                               @ DW_FORM_data4
	.byte	64                              @ DW_AT_frame_base
	.byte	24                              @ DW_FORM_exprloc
	.ascii	"\227B"                         @ DW_AT_GNU_all_call_sites
	.byte	25                              @ DW_FORM_flag_present
	.byte	3                               @ DW_AT_name
	.byte	14                              @ DW_FORM_strp
	.byte	58                              @ DW_AT_decl_file
	.byte	11                              @ DW_FORM_data1
	.byte	59                              @ DW_AT_decl_line
	.byte	11                              @ DW_FORM_data1
	.byte	39                              @ DW_AT_prototyped
	.byte	25                              @ DW_FORM_flag_present
	.byte	63                              @ DW_AT_external
	.byte	25                              @ DW_FORM_flag_present
	.byte	0                               @ EOM(1)
	.byte	0                               @ EOM(2)
	.byte	12                              @ Abbreviation Code
	.byte	5                               @ DW_TAG_formal_parameter
	.byte	0                               @ DW_CHILDREN_no
	.byte	2                               @ DW_AT_location
	.byte	24                              @ DW_FORM_exprloc
	.byte	3                               @ DW_AT_name
	.byte	14                              @ DW_FORM_strp
	.byte	58                              @ DW_AT_decl_file
	.byte	11                              @ DW_FORM_data1
	.byte	59                              @ DW_AT_decl_line
	.byte	11                              @ DW_FORM_data1
	.byte	73                              @ DW_AT_type
	.byte	19                              @ DW_FORM_ref4
	.byte	0                               @ EOM(1)
	.byte	0                               @ EOM(2)
	.byte	13                              @ Abbreviation Code
	.byte	46                              @ DW_TAG_subprogram
	.byte	1                               @ DW_CHILDREN_yes
	.byte	17                              @ DW_AT_low_pc
	.byte	1                               @ DW_FORM_addr
	.byte	18                              @ DW_AT_high_pc
	.byte	6                               @ DW_FORM_data4
	.byte	64                              @ DW_AT_frame_base
	.byte	24                              @ DW_FORM_exprloc
	.ascii	"\227B"                         @ DW_AT_GNU_all_call_sites
	.byte	25                              @ DW_FORM_flag_present
	.byte	49                              @ DW_AT_abstract_origin
	.byte	19                              @ DW_FORM_ref4
	.byte	0                               @ EOM(1)
	.byte	0                               @ EOM(2)
	.byte	14                              @ Abbreviation Code
	.byte	5                               @ DW_TAG_formal_parameter
	.byte	0                               @ DW_CHILDREN_no
	.byte	2                               @ DW_AT_location
	.byte	23                              @ DW_FORM_sec_offset
	.byte	49                              @ DW_AT_abstract_origin
	.byte	19                              @ DW_FORM_ref4
	.byte	0                               @ EOM(1)
	.byte	0                               @ EOM(2)
	.byte	15                              @ Abbreviation Code
	.byte	52                              @ DW_TAG_variable
	.byte	0                               @ DW_CHILDREN_no
	.byte	2                               @ DW_AT_location
	.byte	23                              @ DW_FORM_sec_offset
	.byte	49                              @ DW_AT_abstract_origin
	.byte	19                              @ DW_FORM_ref4
	.byte	0                               @ EOM(1)
	.byte	0                               @ EOM(2)
	.byte	16                              @ Abbreviation Code
	.byte	46                              @ DW_TAG_subprogram
	.byte	1                               @ DW_CHILDREN_yes
	.byte	3                               @ DW_AT_name
	.byte	14                              @ DW_FORM_strp
	.byte	58                              @ DW_AT_decl_file
	.byte	11                              @ DW_FORM_data1
	.byte	59                              @ DW_AT_decl_line
	.byte	11                              @ DW_FORM_data1
	.byte	39                              @ DW_AT_prototyped
	.byte	25                              @ DW_FORM_flag_present
	.byte	63                              @ DW_AT_external
	.byte	25                              @ DW_FORM_flag_present
	.byte	32                              @ DW_AT_inline
	.byte	11                              @ DW_FORM_data1
	.byte	0                               @ EOM(1)
	.byte	0                               @ EOM(2)
	.byte	17                              @ Abbreviation Code
	.byte	5                               @ DW_TAG_formal_parameter
	.byte	0                               @ DW_CHILDREN_no
	.byte	3                               @ DW_AT_name
	.byte	14                              @ DW_FORM_strp
	.byte	58                              @ DW_AT_decl_file
	.byte	11                              @ DW_FORM_data1
	.byte	59                              @ DW_AT_decl_line
	.byte	11                              @ DW_FORM_data1
	.byte	73                              @ DW_AT_type
	.byte	19                              @ DW_FORM_ref4
	.byte	0                               @ EOM(1)
	.byte	0                               @ EOM(2)
	.byte	18                              @ Abbreviation Code
	.byte	52                              @ DW_TAG_variable
	.byte	0                               @ DW_CHILDREN_no
	.byte	3                               @ DW_AT_name
	.byte	14                              @ DW_FORM_strp
	.byte	58                              @ DW_AT_decl_file
	.byte	11                              @ DW_FORM_data1
	.byte	59                              @ DW_AT_decl_line
	.byte	11                              @ DW_FORM_data1
	.byte	73                              @ DW_AT_type
	.byte	19                              @ DW_FORM_ref4
	.byte	0                               @ EOM(1)
	.byte	0                               @ EOM(2)
	.byte	19                              @ Abbreviation Code
	.byte	29                              @ DW_TAG_inlined_subroutine
	.byte	1                               @ DW_CHILDREN_yes
	.byte	49                              @ DW_AT_abstract_origin
	.byte	19                              @ DW_FORM_ref4
	.byte	85                              @ DW_AT_ranges
	.byte	23                              @ DW_FORM_sec_offset
	.byte	88                              @ DW_AT_call_file
	.byte	11                              @ DW_FORM_data1
	.byte	89                              @ DW_AT_call_line
	.byte	11                              @ DW_FORM_data1
	.byte	87                              @ DW_AT_call_column
	.byte	11                              @ DW_FORM_data1
	.byte	0                               @ EOM(1)
	.byte	0                               @ EOM(2)
	.byte	20                              @ Abbreviation Code
	.byte	5                               @ DW_TAG_formal_parameter
	.byte	0                               @ DW_CHILDREN_no
	.byte	2                               @ DW_AT_location
	.byte	23                              @ DW_FORM_sec_offset
	.byte	3                               @ DW_AT_name
	.byte	14                              @ DW_FORM_strp
	.byte	58                              @ DW_AT_decl_file
	.byte	11                              @ DW_FORM_data1
	.byte	59                              @ DW_AT_decl_line
	.byte	11                              @ DW_FORM_data1
	.byte	73                              @ DW_AT_type
	.byte	19                              @ DW_FORM_ref4
	.byte	0                               @ EOM(1)
	.byte	0                               @ EOM(2)
	.byte	0                               @ EOM(3)
	.section	.debug_info,"",%progbits
.Lcu_begin0:
	.long	.Ldebug_info_end0-.Ldebug_info_start0 @ Length of Unit
.Ldebug_info_start0:
	.short	4                               @ DWARF version number
	.long	.debug_abbrev                   @ Offset Into Abbrev. Section
	.byte	4                               @ Address Size (in bytes)
	.byte	1                               @ Abbrev [1] 0xb:0x22e DW_TAG_compile_unit
	.long	.Linfo_string0                  @ DW_AT_producer
	.short	12                              @ DW_AT_language
	.long	.Linfo_string1                  @ DW_AT_name
	.long	.Lline_table_start0             @ DW_AT_stmt_list
	.long	.Linfo_string2                  @ DW_AT_comp_dir
	.long	0                               @ DW_AT_low_pc
	.long	.Ldebug_ranges3                 @ DW_AT_ranges
	.byte	2                               @ Abbrev [2] 0x26:0x11 DW_TAG_variable
	.long	.Linfo_string3                  @ DW_AT_name
	.long	55                              @ DW_AT_type
	.byte	2                               @ DW_AT_decl_file
	.byte	5                               @ DW_AT_decl_line
	.byte	5                               @ DW_AT_location
	.byte	3
	.long	g_fac_us
	.byte	3                               @ Abbrev [3] 0x37:0xb DW_TAG_typedef
	.long	66                              @ DW_AT_type
	.long	.Linfo_string5                  @ DW_AT_name
	.byte	1                               @ DW_AT_decl_file
	.byte	64                              @ DW_AT_decl_line
	.byte	4                               @ Abbrev [4] 0x42:0x7 DW_TAG_base_type
	.long	.Linfo_string4                  @ DW_AT_name
	.byte	7                               @ DW_AT_encoding
	.byte	4                               @ DW_AT_byte_size
	.byte	5                               @ Abbrev [5] 0x49:0x5 DW_TAG_pointer_type
	.long	78                              @ DW_AT_type
	.byte	6                               @ Abbrev [6] 0x4e:0xc DW_TAG_typedef
	.long	90                              @ DW_AT_type
	.long	.Linfo_string10                 @ DW_AT_name
	.byte	3                               @ DW_AT_decl_file
	.short	765                             @ DW_AT_decl_line
	.byte	7                               @ Abbrev [7] 0x5a:0x3a DW_TAG_structure_type
	.byte	16                              @ DW_AT_byte_size
	.byte	3                               @ DW_AT_decl_file
	.short	759                             @ DW_AT_decl_line
	.byte	8                               @ Abbrev [8] 0x5f:0xd DW_TAG_member
	.long	.Linfo_string6                  @ DW_AT_name
	.long	148                             @ DW_AT_type
	.byte	3                               @ DW_AT_decl_file
	.short	761                             @ DW_AT_decl_line
	.byte	0                               @ DW_AT_data_member_location
	.byte	8                               @ Abbrev [8] 0x6c:0xd DW_TAG_member
	.long	.Linfo_string7                  @ DW_AT_name
	.long	148                             @ DW_AT_type
	.byte	3                               @ DW_AT_decl_file
	.short	762                             @ DW_AT_decl_line
	.byte	4                               @ DW_AT_data_member_location
	.byte	8                               @ Abbrev [8] 0x79:0xd DW_TAG_member
	.long	.Linfo_string8                  @ DW_AT_name
	.long	148                             @ DW_AT_type
	.byte	3                               @ DW_AT_decl_file
	.short	763                             @ DW_AT_decl_line
	.byte	8                               @ DW_AT_data_member_location
	.byte	8                               @ Abbrev [8] 0x86:0xd DW_TAG_member
	.long	.Linfo_string9                  @ DW_AT_name
	.long	153                             @ DW_AT_type
	.byte	3                               @ DW_AT_decl_file
	.short	764                             @ DW_AT_decl_line
	.byte	12                              @ DW_AT_data_member_location
	.byte	0                               @ End Of Children Mark
	.byte	9                               @ Abbrev [9] 0x94:0x5 DW_TAG_volatile_type
	.long	55                              @ DW_AT_type
	.byte	10                              @ Abbrev [10] 0x99:0x5 DW_TAG_const_type
	.long	148                             @ DW_AT_type
	.byte	11                              @ Abbrev [11] 0x9e:0x1f DW_TAG_subprogram
	.long	.Lfunc_begin0                   @ DW_AT_low_pc
	.long	.Lfunc_end0-.Lfunc_begin0       @ DW_AT_high_pc
	.byte	1                               @ DW_AT_frame_base
	.byte	93
                                        @ DW_AT_GNU_all_call_sites
	.long	.Linfo_string22                 @ DW_AT_name
	.byte	2                               @ DW_AT_decl_file
	.byte	88                              @ DW_AT_decl_line
                                        @ DW_AT_prototyped
                                        @ DW_AT_external
	.byte	12                              @ Abbrev [12] 0xaf:0xd DW_TAG_formal_parameter
	.byte	1                               @ DW_AT_location
	.byte	80
	.long	.Linfo_string24                 @ DW_AT_name
	.byte	2                               @ DW_AT_decl_file
	.byte	88                              @ DW_AT_decl_line
	.long	437                             @ DW_AT_type
	.byte	0                               @ End Of Children Mark
	.byte	13                              @ Abbrev [13] 0xbd:0x46 DW_TAG_subprogram
	.long	.Lfunc_begin1                   @ DW_AT_low_pc
	.long	.Lfunc_end1-.Lfunc_begin1       @ DW_AT_high_pc
	.byte	1                               @ DW_AT_frame_base
	.byte	93
                                        @ DW_AT_GNU_all_call_sites
	.long	259                             @ DW_AT_abstract_origin
	.byte	14                              @ Abbrev [14] 0xcc:0x9 DW_TAG_formal_parameter
	.long	.Ldebug_loc0                    @ DW_AT_location
	.long	267                             @ DW_AT_abstract_origin
	.byte	15                              @ Abbrev [15] 0xd5:0x9 DW_TAG_variable
	.long	.Ldebug_loc1                    @ DW_AT_location
	.long	278                             @ DW_AT_abstract_origin
	.byte	15                              @ Abbrev [15] 0xde:0x9 DW_TAG_variable
	.long	.Ldebug_loc2                    @ DW_AT_location
	.long	289                             @ DW_AT_abstract_origin
	.byte	15                              @ Abbrev [15] 0xe7:0x9 DW_TAG_variable
	.long	.Ldebug_loc3                    @ DW_AT_location
	.long	300                             @ DW_AT_abstract_origin
	.byte	15                              @ Abbrev [15] 0xf0:0x9 DW_TAG_variable
	.long	.Ldebug_loc4                    @ DW_AT_location
	.long	311                             @ DW_AT_abstract_origin
	.byte	15                              @ Abbrev [15] 0xf9:0x9 DW_TAG_variable
	.long	.Ldebug_loc5                    @ DW_AT_location
	.long	322                             @ DW_AT_abstract_origin
	.byte	0                               @ End Of Children Mark
	.byte	16                              @ Abbrev [16] 0x103:0x4b DW_TAG_subprogram
	.long	.Linfo_string11                 @ DW_AT_name
	.byte	2                               @ DW_AT_decl_file
	.byte	113                             @ DW_AT_decl_line
                                        @ DW_AT_prototyped
                                        @ DW_AT_external
	.byte	1                               @ DW_AT_inline
	.byte	17                              @ Abbrev [17] 0x10b:0xb DW_TAG_formal_parameter
	.long	.Linfo_string12                 @ DW_AT_name
	.byte	2                               @ DW_AT_decl_file
	.byte	113                             @ DW_AT_decl_line
	.long	55                              @ DW_AT_type
	.byte	18                              @ Abbrev [18] 0x116:0xb DW_TAG_variable
	.long	.Linfo_string13                 @ DW_AT_name
	.byte	2                               @ DW_AT_decl_file
	.byte	116                             @ DW_AT_decl_line
	.long	55                              @ DW_AT_type
	.byte	18                              @ Abbrev [18] 0x121:0xb DW_TAG_variable
	.long	.Linfo_string14                 @ DW_AT_name
	.byte	2                               @ DW_AT_decl_file
	.byte	117                             @ DW_AT_decl_line
	.long	55                              @ DW_AT_type
	.byte	18                              @ Abbrev [18] 0x12c:0xb DW_TAG_variable
	.long	.Linfo_string15                 @ DW_AT_name
	.byte	2                               @ DW_AT_decl_file
	.byte	115                             @ DW_AT_decl_line
	.long	55                              @ DW_AT_type
	.byte	18                              @ Abbrev [18] 0x137:0xb DW_TAG_variable
	.long	.Linfo_string16                 @ DW_AT_name
	.byte	2                               @ DW_AT_decl_file
	.byte	116                             @ DW_AT_decl_line
	.long	55                              @ DW_AT_type
	.byte	18                              @ Abbrev [18] 0x142:0xb DW_TAG_variable
	.long	.Linfo_string17                 @ DW_AT_name
	.byte	2                               @ DW_AT_decl_file
	.byte	116                             @ DW_AT_decl_line
	.long	55                              @ DW_AT_type
	.byte	0                               @ End Of Children Mark
	.byte	13                              @ Abbrev [13] 0x14e:0x53 DW_TAG_subprogram
	.long	.Lfunc_begin2                   @ DW_AT_low_pc
	.long	.Lfunc_end2-.Lfunc_begin2       @ DW_AT_high_pc
	.byte	1                               @ DW_AT_frame_base
	.byte	93
                                        @ DW_AT_GNU_all_call_sites
	.long	417                             @ DW_AT_abstract_origin
	.byte	14                              @ Abbrev [14] 0x15d:0x9 DW_TAG_formal_parameter
	.long	.Ldebug_loc6                    @ DW_AT_location
	.long	425                             @ DW_AT_abstract_origin
	.byte	19                              @ Abbrev [19] 0x166:0x3a DW_TAG_inlined_subroutine
	.long	259                             @ DW_AT_abstract_origin
	.long	.Ldebug_ranges0                 @ DW_AT_ranges
	.byte	2                               @ DW_AT_call_file
	.byte	172                             @ DW_AT_call_line
	.byte	5                               @ DW_AT_call_column
	.byte	15                              @ Abbrev [15] 0x172:0x9 DW_TAG_variable
	.long	.Ldebug_loc7                    @ DW_AT_location
	.long	278                             @ DW_AT_abstract_origin
	.byte	15                              @ Abbrev [15] 0x17b:0x9 DW_TAG_variable
	.long	.Ldebug_loc8                    @ DW_AT_location
	.long	289                             @ DW_AT_abstract_origin
	.byte	15                              @ Abbrev [15] 0x184:0x9 DW_TAG_variable
	.long	.Ldebug_loc9                    @ DW_AT_location
	.long	300                             @ DW_AT_abstract_origin
	.byte	15                              @ Abbrev [15] 0x18d:0x9 DW_TAG_variable
	.long	.Ldebug_loc10                   @ DW_AT_location
	.long	311                             @ DW_AT_abstract_origin
	.byte	15                              @ Abbrev [15] 0x196:0x9 DW_TAG_variable
	.long	.Ldebug_loc11                   @ DW_AT_location
	.long	322                             @ DW_AT_abstract_origin
	.byte	0                               @ End Of Children Mark
	.byte	0                               @ End Of Children Mark
	.byte	16                              @ Abbrev [16] 0x1a1:0x14 DW_TAG_subprogram
	.long	.Linfo_string18                 @ DW_AT_name
	.byte	2                               @ DW_AT_decl_file
	.byte	157                             @ DW_AT_decl_line
                                        @ DW_AT_prototyped
                                        @ DW_AT_external
	.byte	1                               @ DW_AT_inline
	.byte	17                              @ Abbrev [17] 0x1a9:0xb DW_TAG_formal_parameter
	.long	.Linfo_string19                 @ DW_AT_name
	.byte	2                               @ DW_AT_decl_file
	.byte	157                             @ DW_AT_decl_line
	.long	437                             @ DW_AT_type
	.byte	0                               @ End Of Children Mark
	.byte	3                               @ Abbrev [3] 0x1b5:0xb DW_TAG_typedef
	.long	448                             @ DW_AT_type
	.long	.Linfo_string21                 @ DW_AT_name
	.byte	1                               @ DW_AT_decl_file
	.byte	63                              @ DW_AT_decl_line
	.byte	4                               @ Abbrev [4] 0x1c0:0x7 DW_TAG_base_type
	.long	.Linfo_string20                 @ DW_AT_name
	.byte	7                               @ DW_AT_encoding
	.byte	2                               @ DW_AT_byte_size
	.byte	11                              @ Abbrev [11] 0x1c7:0x71 DW_TAG_subprogram
	.long	.Lfunc_begin3                   @ DW_AT_low_pc
	.long	.Lfunc_end3-.Lfunc_begin3       @ DW_AT_high_pc
	.byte	1                               @ DW_AT_frame_base
	.byte	93
                                        @ DW_AT_GNU_all_call_sites
	.long	.Linfo_string23                 @ DW_AT_name
	.byte	2                               @ DW_AT_decl_file
	.byte	181                             @ DW_AT_decl_line
                                        @ DW_AT_prototyped
                                        @ DW_AT_external
	.byte	20                              @ Abbrev [20] 0x1d8:0xf DW_TAG_formal_parameter
	.long	.Ldebug_loc12                   @ DW_AT_location
	.long	.Linfo_string25                 @ DW_AT_name
	.byte	2                               @ DW_AT_decl_file
	.byte	181                             @ DW_AT_decl_line
	.long	55                              @ DW_AT_type
	.byte	19                              @ Abbrev [19] 0x1e7:0x50 DW_TAG_inlined_subroutine
	.long	417                             @ DW_AT_abstract_origin
	.long	.Ldebug_ranges1                 @ DW_AT_ranges
	.byte	2                               @ DW_AT_call_file
	.byte	183                             @ DW_AT_call_line
	.byte	6                               @ DW_AT_call_column
	.byte	14                              @ Abbrev [14] 0x1f3:0x9 DW_TAG_formal_parameter
	.long	.Ldebug_loc13                   @ DW_AT_location
	.long	425                             @ DW_AT_abstract_origin
	.byte	19                              @ Abbrev [19] 0x1fc:0x3a DW_TAG_inlined_subroutine
	.long	259                             @ DW_AT_abstract_origin
	.long	.Ldebug_ranges2                 @ DW_AT_ranges
	.byte	2                               @ DW_AT_call_file
	.byte	172                             @ DW_AT_call_line
	.byte	5                               @ DW_AT_call_column
	.byte	15                              @ Abbrev [15] 0x208:0x9 DW_TAG_variable
	.long	.Ldebug_loc14                   @ DW_AT_location
	.long	289                             @ DW_AT_abstract_origin
	.byte	15                              @ Abbrev [15] 0x211:0x9 DW_TAG_variable
	.long	.Ldebug_loc15                   @ DW_AT_location
	.long	278                             @ DW_AT_abstract_origin
	.byte	15                              @ Abbrev [15] 0x21a:0x9 DW_TAG_variable
	.long	.Ldebug_loc16                   @ DW_AT_location
	.long	300                             @ DW_AT_abstract_origin
	.byte	15                              @ Abbrev [15] 0x223:0x9 DW_TAG_variable
	.long	.Ldebug_loc17                   @ DW_AT_location
	.long	311                             @ DW_AT_abstract_origin
	.byte	15                              @ Abbrev [15] 0x22c:0x9 DW_TAG_variable
	.long	.Ldebug_loc18                   @ DW_AT_location
	.long	322                             @ DW_AT_abstract_origin
	.byte	0                               @ End Of Children Mark
	.byte	0                               @ End Of Children Mark
	.byte	0                               @ End Of Children Mark
	.byte	0                               @ End Of Children Mark
.Ldebug_info_end0:
	.section	.debug_ranges,"",%progbits
.Ldebug_ranges0:
	.long	.Ltmp20
	.long	.Ltmp23
	.long	.Ltmp25
	.long	.Ltmp32
	.long	.Ltmp33
	.long	.Ltmp41
	.long	0
	.long	0
.Ldebug_ranges1:
	.long	.Ltmp42
	.long	.Ltmp54
	.long	.Ltmp55
	.long	.Ltmp63
	.long	0
	.long	0
.Ldebug_ranges2:
	.long	.Ltmp42
	.long	.Ltmp45
	.long	.Ltmp47
	.long	.Ltmp54
	.long	.Ltmp55
	.long	.Ltmp63
	.long	0
	.long	0
.Ldebug_ranges3:
	.long	.Lfunc_begin0
	.long	.Lfunc_end0
	.long	.Lfunc_begin1
	.long	.Lfunc_end1
	.long	.Lfunc_begin2
	.long	.Lfunc_end2
	.long	.Lfunc_begin3
	.long	.Lfunc_end3
	.long	0
	.long	0
	.section	.debug_str,"MS",%progbits,1
.Linfo_string0:
	.asciz	"Component: Arm Compiler for Embedded 6.19 Tool: armclang [5e73cb00]" @ string offset=0
.Linfo_string1:
	.asciz	"../User/SYSTEM/delay\\delay.c" @ string offset=68
.Linfo_string2:
	.asciz	"E:\\StudyNote\\study_STM32-HAL\\STM32F4_Quick_Start_Guide_HAL\\2.code\\20.RNG-Key\\Project" @ string offset=97
.Linfo_string3:
	.asciz	"g_fac_us"                      @ string offset=182
.Linfo_string4:
	.asciz	"unsigned int"                  @ string offset=191
.Linfo_string5:
	.asciz	"uint32_t"                      @ string offset=204
.Linfo_string6:
	.asciz	"CTRL"                          @ string offset=213
.Linfo_string7:
	.asciz	"LOAD"                          @ string offset=218
.Linfo_string8:
	.asciz	"VAL"                           @ string offset=223
.Linfo_string9:
	.asciz	"CALIB"                         @ string offset=227
.Linfo_string10:
	.asciz	"SysTick_Type"                  @ string offset=233
.Linfo_string11:
	.asciz	"delay_us"                      @ string offset=246
.Linfo_string12:
	.asciz	"nus"                           @ string offset=255
.Linfo_string13:
	.asciz	"tcnt"                          @ string offset=259
.Linfo_string14:
	.asciz	"reload"                        @ string offset=264
.Linfo_string15:
	.asciz	"ticks"                         @ string offset=271
.Linfo_string16:
	.asciz	"told"                          @ string offset=277
.Linfo_string17:
	.asciz	"tnow"                          @ string offset=282
.Linfo_string18:
	.asciz	"delay_ms"                      @ string offset=287
.Linfo_string19:
	.asciz	"nms"                           @ string offset=296
.Linfo_string20:
	.asciz	"unsigned short"                @ string offset=300
.Linfo_string21:
	.asciz	"uint16_t"                      @ string offset=315
.Linfo_string22:
	.asciz	"delay_init"                    @ string offset=324
.Linfo_string23:
	.asciz	"HAL_Delay"                     @ string offset=335
.Linfo_string24:
	.asciz	"sysclk"                        @ string offset=345
.Linfo_string25:
	.asciz	"Delay"                         @ string offset=352
	.ident	"Component: Arm Compiler for Embedded 6.19 Tool: armclang [5e73cb00]"
	.section	".note.GNU-stack","",%progbits
	.eabi_attribute	30, 1	@ Tag_ABI_optimization_goals
	.ARM_attribute	16, 1	@ Tag_AV_eba
	.section	.debug_line,"",%progbits
.Lline_table_start0:
