<html>
<body>
<pre>
<h1>礦ision Build Log</h1>
<h2>Tool Versions:</h2>
IDE-Version: μVision V5.15
Copyright (C) 2015 ARM Ltd and ARM Germany GmbH. All rights reserved.
License Information: 123 456, lish12, LIC=UJWSB-2L67H-TGX7T-RUUWU-0CQLC-NEJJR
 
Tool Versions:
Toolchain:       MDK-ARM Standard  Version: 5.15.0
Toolchain Path:  d:\Keil_v5\ARM\ARMCC\Bin
C Compiler:      Armcc.exe V5.05 update 2 (build 169)
Assembler:       Armasm.exe V5.05 update 2 (build 169)
Linker/Locator:  ArmLink.exe V5.05 update 2 (build 169)
Library Manager: ArmAr.exe V5.05 update 2 (build 169)
Hex Converter:   FromElf.exe V5.05 update 2 (build 169)
CPU DLL:         SARMCM3.DLL V5.15.0
Dialog DLL:      DARMSTM.DLL V1.65.0.0
Target DLL:      CMSIS_AGDI.dll V1.21.12.0
Dialog DLL:      TARMSTM.DLL V1.64.0.0
 
<h2>Project:</h2>
E:\BaiduNetdiskDownload\01.正点原子开发板\【正点原子】战舰STM32F103开发板资料 资料盘(A盘)\9，增值资料\1，ALIENTEK 产品资料\1，ATK-HC05蓝牙串口模块\2，程序源码\（库函数版本，适合战舰V3和精英STM32开发板）扩展实验1 ATK-HC05蓝牙串口模块实验\USER\HC05.uvprojx
Project File Date:  06/02/2020

<h2>Output:</h2>
*** Using Compiler 'V5.05 update 2 (build 169)', folder: 'd:\Keil_v5\ARM\ARMCC\Bin'
Build target 'HC05'
compiling hc05.c...
..\HARDWARE\HC05\hc05.c(66): warning:  #167-D: argument of type "u8 *" is incompatible with parameter of type "const char *restrict"
                {printf(USART3_RX_BUF);
..\HARDWARE\HC05\hc05.c: 1 warning, 0 errors
linking...
Program Size: Code=42144 RO-data=7084 RW-data=364 ZI-data=3052  
FromELF: creating hex file...
"..\OBJ\ATK-HC05.axf" - 0 Error(s), 1 Warning(s).

<h2>Collection of Component include folders:</h2>
  E:\BaiduNetdiskDownload\01.正点原子开发板\【正点原子】战舰STM32F103开发板资料 资料盘(A盘)\9，增值资料\1，ALIENTEK 产品资料\1，ATK-HC05蓝牙串口模块\2，程序源码\（库函数版本，适合战舰V3和精英STM32开发板）扩展实验1 ATK-HC05蓝牙串口模块实验\USER\RTE
  d:\Keil_v5\ARM\PACK\Keil\STM32F1xx_DFP\2.2.0\Device\Include

<h2>Collection of Component Files used:</h2>
</pre>
</body>
</html>
